2026-06-30 13:04:22,306 - mmdet - INFO - Environment info:
------------------------------------------------------------
sys.platform: linux
Python: 3.12.13 (main, Mar  4 2026, 09:23:07) [GCC 11.4.0]
CUDA available: True
GPU 0: Tesla T4
CUDA_HOME: /usr/local/cuda
NVCC: Cuda compilation tools, release 12.8, V12.8.93
GCC: x86_64-linux-gnu-gcc (Ubuntu 11.4.0-1ubuntu1~22.04.3) 11.4.0
PyTorch: 2.11.0+cu128
PyTorch compiling details: PyTorch built with:
  - GCC 13.3
  - C++ Version: 201703
  - Intel(R) oneAPI Math Kernel Library Version 2024.2-Product Build 20240605 for Intel(R) 64 architecture applications
  - Intel(R) MKL-DNN v3.10.2 (Git Hash f1d471933dc852f956fd05389f9313c7148783d5)
  - OpenMP 201511 (a.k.a. OpenMP 4.5)
  - LAPACK is enabled (usually provided by MKL)
  - NNPACK is enabled
  - CPU capability usage: AVX512
  - CUDA Runtime 12.8
  - NVCC architecture flags: -gencode;arch=compute_75,code=sm_75;-gencode;arch=compute_80,code=sm_80;-gencode;arch=compute_86,code=sm_86;-gencode;arch=compute_90,code=sm_90;-gencode;arch=compute_100,code=sm_100;-gencode;arch=compute_120,code=sm_120
  - CuDNN 91.9  (built against CUDA 12.9)
  - Magma 2.6.1
  - Build settings: BLAS_INFO=mkl, BUILD_TYPE=Release, COMMIT_SHA=70d99e998b4955e0049d13a98d77ae1b14db1f45, CUDA_VERSION=12.8, CUDNN_VERSION=9.19.0, CXX_COMPILER=/opt/rh/gcc-toolset-13/root/usr/bin/c++, CXX_FLAGS= -fvisibility-inlines-hidden -DUSE_PTHREADPOOL -DNDEBUG -DUSE_KINETO -DLIBKINETO_NOROCTRACER -DLIBKINETO_NOXPUPTI=ON -DUSE_FBGEMM -DUSE_MSLK -DUSE_PYTORCH_QNNPACK -DUSE_XNNPACK -DSYMBOLICATE_MOBILE_DEBUG_HANDLE -O2 -fPIC -DC10_NODEPRECATED -Wall -Wextra -Werror=return-type -Werror=non-virtual-dtor -Werror=range-loop-construct -Werror=bool-operation -Wnarrowing -Wno-missing-field-initializers -Wno-unknown-pragmas -Wno-unused-parameter -Wno-strict-overflow -Wno-strict-aliasing -Wno-stringop-overflow -Wsuggest-override -Wno-psabi -Wno-error=old-style-cast -faligned-new -Wno-maybe-uninitialized -fno-math-errno -fno-trapping-math -Werror=format -Wno-dangling-reference -Wno-error=dangling-reference -Wno-stringop-overflow, LAPACK_INFO=mkl, PERF_WITH_AVX=1, PERF_WITH_AVX2=1, TORCH_VERSION=2.11.0, USE_CUDA=ON, USE_CUDNN=ON, USE_CUSPARSELT=1, USE_GFLAGS=OFF, USE_GLOG=OFF, USE_GLOO=ON, USE_MKL=ON, USE_MKLDNN=ON, USE_MPI=OFF, USE_NCCL=1, USE_NNPACK=ON, USE_OPENMP=ON, USE_ROCM=OFF, USE_ROCM_KERNEL_ASSERT=OFF, USE_XCCL=OFF, USE_XPU=OFF, 

TorchVision: 0.26.0+cu128
OpenCV: 4.13.0
MMCV: 1.7.2
MMCV Compiler: GCC 11.4
MMCV CUDA Compiler: 12.8
MMDetection: 2.15.1+df1d8a6
------------------------------------------------------------

2026-06-30 13:04:23,040 - mmdet - INFO - Distributed training: False
2026-06-30 13:04:23,512 - mmdet - INFO - Config:
dataset_type = 'CocoDataset'
data_root = 'data/coco/'
img_norm_cfg = dict(
    mean=[103.53, 116.28, 123.675], std=[1.0, 1.0, 1.0], to_rgb=False)
train_pipeline = [
    dict(type='LoadImageFromFile'),
    dict(
        type='LoadAnnotations',
        with_bbox=True,
        with_mask=True,
        poly2mask=False),
    dict(type='GenerateEdgeTargets'),
    dict(
        type='Resize',
        img_scale=(600, 400),
        keep_ratio=True,
        interpolate_mode='nearest'),
    dict(type='RandomFlip', flip_ratio=0.5),
    dict(
        type='AddNoisyImg',
        model='PGRU',
        camera='CanonEOS5D4',
        cfa='bayer',
        use_255=True,
        pre_adjust_brightness=False,
        mode='unprocess_addnoise',
        dark_ratio=(1.0, 1.0),
        noise_ratio=(10, 100)),
    dict(
        type='Normalize',
        mean=[103.53, 116.28, 123.675],
        std=[1.0, 1.0, 1.0],
        to_rgb=False),
    dict(type='Pad', size_divisor=32),
    dict(type='DefaultFormatBundle'),
    dict(
        type='Collect',
        keys=[
            'img', 'noisy_img', 'gt_bboxes', 'gt_labels', 'gt_masks',
            'gt_edges'
        ])
]
test_pipeline = [
    dict(type='LoadImageFromFile'),
    dict(
        type='MultiScaleFlipAug',
        img_scale=(600, 400),
        flip=False,
        transforms=[
            dict(type='Resize', keep_ratio=True, interpolate_mode='nearest'),
            dict(type='RandomFlip'),
            dict(
                type='Normalize',
                mean=[103.53, 116.28, 123.675],
                std=[1.0, 1.0, 1.0],
                to_rgb=False),
            dict(type='Pad', size_divisor=32),
            dict(type='ImageToTensor', keys=['img']),
            dict(type='Collect', keys=['img'])
        ])
]
test_lod_coco = dict(
    classes=('bicycle', 'car', 'motorbike', 'bus', 'bottle', 'chair',
             'diningtable', 'tvmonitor'),
    type='CocoDataset',
    ann_file='data/eallis/annotations/eallis_coco_JPG_test+1.json',
    img_prefix='data/eallis/',
    pipeline=[
        dict(type='LoadImageFromFile'),
        dict(
            type='MultiScaleFlipAug',
            img_scale=(600, 400),
            flip=False,
            transforms=[
                dict(
                    type='Resize', keep_ratio=True,
                    interpolate_mode='nearest'),
                dict(type='RandomFlip'),
                dict(
                    type='Normalize',
                    mean=[103.53, 116.28, 123.675],
                    std=[1.0, 1.0, 1.0],
                    to_rgb=False),
                dict(type='Pad', size_divisor=32),
                dict(type='ImageToTensor', keys=['img']),
                dict(type='Collect', keys=['img'])
            ])
    ])
train_eallis = dict(
    classes=('bicycle', 'car', 'motorbike', 'bus', 'bottle', 'chair',
             'diningtable', 'tvmonitor'),
    type='CocoDataset',
    ann_file='data/eallis/annotations/eallis_coco_JPG_train+1.json',
    img_prefix='data/eallis/',
    pipeline=[
        dict(type='LoadImageFromFile'),
        dict(
            type='LoadAnnotations',
            with_bbox=True,
            with_mask=True,
            poly2mask=False),
        dict(type='GenerateEdgeTargets'),
        dict(
            type='Resize',
            img_scale=(600, 400),
            keep_ratio=True,
            interpolate_mode='nearest'),
        dict(type='RandomFlip', flip_ratio=0.5),
        dict(
            type='AddNoisyImg',
            model='PGRU',
            camera='CanonEOS5D4',
            cfa='bayer',
            use_255=True,
            pre_adjust_brightness=False,
            mode='unprocess_addnoise',
            dark_ratio=(1.0, 1.0),
            noise_ratio=(10, 100)),
        dict(
            type='Normalize',
            mean=[103.53, 116.28, 123.675],
            std=[1.0, 1.0, 1.0],
            to_rgb=False),
        dict(type='Pad', size_divisor=32),
        dict(type='DefaultFormatBundle'),
        dict(
            type='Collect',
            keys=[
                'img', 'noisy_img', 'gt_bboxes', 'gt_labels', 'gt_masks',
                'gt_edges'
            ])
    ])
coco = dict(
    classes=('bicycle', 'chair', 'dining table', 'bottle', 'motorcycle', 'car',
             'tv', 'bus'),
    type='CocoDataset',
    ann_file='data/coco_subset/instances_train2017_subset.json',
    img_prefix='data/coco/train2017/',
    pipeline=[
        dict(type='LoadImageFromFile'),
        dict(
            type='LoadAnnotations',
            with_bbox=True,
            with_mask=True,
            poly2mask=False),
        dict(type='GenerateEdgeTargets'),
        dict(
            type='Resize',
            img_scale=(600, 400),
            keep_ratio=True,
            interpolate_mode='nearest'),
        dict(type='RandomFlip', flip_ratio=0.5),
        dict(
            type='AddNoisyImg',
            model='PGRU',
            camera='CanonEOS5D4',
            cfa='bayer',
            use_255=True,
            pre_adjust_brightness=False,
            mode='unprocess_addnoise',
            dark_ratio=(1.0, 1.0),
            noise_ratio=(10, 100)),
        dict(
            type='Normalize',
            mean=[103.53, 116.28, 123.675],
            std=[1.0, 1.0, 1.0],
            to_rgb=False),
        dict(type='Pad', size_divisor=32),
        dict(type='DefaultFormatBundle'),
        dict(
            type='Collect',
            keys=[
                'img', 'noisy_img', 'gt_bboxes', 'gt_labels', 'gt_masks',
                'gt_edges'
            ])
    ])
coco_val = dict(
    classes=('bicycle', 'chair', 'dining table', 'bottle', 'motorcycle', 'car',
             'tv', 'bus'),
    type='CocoDataset',
    ann_file='data/coco/annotations/instances_val2017.json',
    img_prefix='data/coco/val2017/',
    pipeline=[
        dict(type='LoadImageFromFile'),
        dict(
            type='MultiScaleFlipAug',
            img_scale=(600, 400),
            flip=False,
            transforms=[
                dict(
                    type='Resize', keep_ratio=True,
                    interpolate_mode='nearest'),
                dict(type='RandomFlip'),
                dict(
                    type='Normalize',
                    mean=[103.53, 116.28, 123.675],
                    std=[1.0, 1.0, 1.0],
                    to_rgb=False),
                dict(type='Pad', size_divisor=32),
                dict(type='ImageToTensor', keys=['img']),
                dict(type='Collect', keys=['img'])
            ])
    ])
BATCHSIZE = 8
GPU = 1
data = dict(
    samples_per_gpu=8,
    workers_per_gpu=4,
    train=[
        dict(
            classes=('bicycle', 'chair', 'dining table', 'bottle',
                     'motorcycle', 'car', 'tv', 'bus'),
            type='CocoDataset',
            ann_file='data/coco_subset/instances_train2017_subset.json',
            img_prefix='data/coco/train2017/',
            pipeline=[
                dict(type='LoadImageFromFile'),
                dict(
                    type='LoadAnnotations',
                    with_bbox=True,
                    with_mask=True,
                    poly2mask=False),
                dict(type='GenerateEdgeTargets'),
                dict(
                    type='Resize',
                    img_scale=(600, 400),
                    keep_ratio=True,
                    interpolate_mode='nearest'),
                dict(type='RandomFlip', flip_ratio=0.5),
                dict(
                    type='AddNoisyImg',
                    model='PGRU',
                    camera='CanonEOS5D4',
                    cfa='bayer',
                    use_255=True,
                    pre_adjust_brightness=False,
                    mode='unprocess_addnoise',
                    dark_ratio=(1.0, 1.0),
                    noise_ratio=(10, 100)),
                dict(
                    type='Normalize',
                    mean=[103.53, 116.28, 123.675],
                    std=[1.0, 1.0, 1.0],
                    to_rgb=False),
                dict(type='Pad', size_divisor=32),
                dict(type='DefaultFormatBundle'),
                dict(
                    type='Collect',
                    keys=[
                        'img', 'noisy_img', 'gt_bboxes', 'gt_labels',
                        'gt_masks', 'gt_edges'
                    ])
            ])
    ],
    val=dict(
        classes=('bicycle', 'car', 'motorbike', 'bus', 'bottle', 'chair',
                 'diningtable', 'tvmonitor'),
        type='CocoDataset',
        ann_file='data/eallis/annotations/eallis_coco_JPG_test+1.json',
        img_prefix='data/eallis/',
        pipeline=[
            dict(type='LoadImageFromFile'),
            dict(
                type='MultiScaleFlipAug',
                img_scale=(600, 400),
                flip=False,
                transforms=[
                    dict(
                        type='Resize',
                        keep_ratio=True,
                        interpolate_mode='nearest'),
                    dict(type='RandomFlip'),
                    dict(
                        type='Normalize',
                        mean=[103.53, 116.28, 123.675],
                        std=[1.0, 1.0, 1.0],
                        to_rgb=False),
                    dict(type='Pad', size_divisor=32),
                    dict(type='ImageToTensor', keys=['img']),
                    dict(type='Collect', keys=['img'])
                ])
        ]),
    test=dict(
        classes=('bicycle', 'car', 'motorbike', 'bus', 'bottle', 'chair',
                 'diningtable', 'tvmonitor'),
        type='CocoDataset',
        ann_file='data/eallis/annotations/eallis_coco_JPG_test+1.json',
        img_prefix='data/eallis/',
        pipeline=[
            dict(type='LoadImageFromFile'),
            dict(
                type='MultiScaleFlipAug',
                img_scale=(600, 400),
                flip=False,
                transforms=[
                    dict(
                        type='Resize',
                        keep_ratio=True,
                        interpolate_mode='nearest'),
                    dict(type='RandomFlip'),
                    dict(
                        type='Normalize',
                        mean=[103.53, 116.28, 123.675],
                        std=[1.0, 1.0, 1.0],
                        to_rgb=False),
                    dict(type='Pad', size_divisor=32),
                    dict(type='ImageToTensor', keys=['img']),
                    dict(type='Collect', keys=['img'])
                ])
        ]))
evaluation = dict(interval=1, metric=['bbox', 'segm'], save_best='bbox_mAP')
optimizer = dict(
    type='SGD',
    lr=0.01,
    momentum=0.9,
    weight_decay=0.0001,
    paramwise_cfg=dict(
        custom_keys=dict(
            llpf=dict(lr_mult=2.0),
            learnable_conv1=dict(lr_mult=2.0),
            AdaD=dict(lr_mult=2.0))))
optimizer_config = dict(grad_clip=None)
lr_config = dict(
    policy='step',
    warmup='linear',
    warmup_iters=500,
    warmup_ratio=0.001,
    step=[3])
runner = dict(type='EpochBasedRunner', max_epochs=5)
checkpoint_config = dict(interval=5, max_keep_ckpts=2)
log_config = dict(interval=50, hooks=[dict(type='TextLoggerHook')])
custom_hooks = [dict(type='NumClassCheckHook')]
dist_params = dict(backend='nccl')
log_level = 'INFO'
work_dir = '/content/drive/MyDrive/Ablation/illum'
load_from = '/content/drive/MyDrive/EALLIS_checkpoints/Checkpoint1.pth'
resume_from = None
gpu_ids = range(0, 1)
seed = 42
workflow = [('train', 1)]
find_unused_parameters = True
model = dict(
    type='MaskRCNNNoiseInv',
    backbone=dict(
        type='ResNet',
        depth=50,
        num_stages=4,
        out_indices=(0, 1, 2, 3),
        frozen_stages=1,
        norm_cfg=dict(type='BN', requires_grad=True),
        norm_eval=True,
        style='caffe',
        init_cfg=dict(
            type='Pretrained',
            checkpoint='open-mmlab://detectron2/resnet50_caffe'),
        use_eallis=True,
        use_edge=False),
    neck=dict(
        type='FPN',
        in_channels=[256, 512, 1024, 2048],
        out_channels=256,
        num_outs=5),
    rpn_head=dict(
        type='RPNHead',
        in_channels=256,
        feat_channels=256,
        anchor_generator=dict(
            type='AnchorGenerator',
            scales=[8],
            ratios=[0.5, 1.0, 2.0],
            strides=[4, 8, 16, 32, 64]),
        bbox_coder=dict(
            type='DeltaXYWHBBoxCoder',
            target_means=[0.0, 0.0, 0.0, 0.0],
            target_stds=[1.0, 1.0, 1.0, 1.0]),
        loss_cls=dict(
            type='CrossEntropyLoss', use_sigmoid=True, loss_weight=1.0),
        loss_bbox=dict(type='L1Loss', loss_weight=1.0)),
    roi_head=dict(
        type='StandardRoIHead',
        bbox_roi_extractor=dict(
            type='SingleRoIExtractor',
            roi_layer=dict(type='RoIAlign', output_size=7, sampling_ratio=0),
            out_channels=256,
            featmap_strides=[4, 8, 16, 32]),
        bbox_head=dict(
            type='Shared2FCBBoxHead',
            in_channels=256,
            fc_out_channels=1024,
            roi_feat_size=7,
            num_classes=8,
            bbox_coder=dict(
                type='DeltaXYWHBBoxCoder',
                target_means=[0.0, 0.0, 0.0, 0.0],
                target_stds=[0.1, 0.1, 0.2, 0.2]),
            reg_class_agnostic=False,
            loss_cls=dict(
                type='CrossEntropyLoss', use_sigmoid=False, loss_weight=1.0),
            loss_bbox=dict(type='L1Loss', loss_weight=1.0)),
        mask_roi_extractor=dict(
            type='SingleRoIExtractor',
            roi_layer=dict(type='RoIAlign', output_size=14, sampling_ratio=0),
            out_channels=256,
            featmap_strides=[4, 8, 16, 32]),
        mask_head=dict(
            type='FCNMaskHead',
            num_convs=4,
            in_channels=256,
            conv_out_channels=256,
            num_classes=8,
            loss_mask=dict(
                type='CrossEntropyLoss', use_mask=True, loss_weight=1.0))),
    train_cfg=dict(
        rpn=dict(
            assigner=dict(
                type='MaxIoUAssigner',
                pos_iou_thr=0.7,
                neg_iou_thr=0.3,
                min_pos_iou=0.3,
                match_low_quality=True,
                ignore_iof_thr=-1),
            sampler=dict(
                type='RandomSampler',
                num=256,
                pos_fraction=0.5,
                neg_pos_ub=-1,
                add_gt_as_proposals=False),
            allowed_border=-1,
            pos_weight=-1,
            debug=False),
        rpn_proposal=dict(
            nms_pre=2000,
            max_per_img=1000,
            nms=dict(type='nms', iou_threshold=0.7),
            min_bbox_size=0),
        rcnn=dict(
            assigner=dict(
                type='MaxIoUAssigner',
                pos_iou_thr=0.5,
                neg_iou_thr=0.5,
                min_pos_iou=0.5,
                match_low_quality=True,
                ignore_iof_thr=-1),
            sampler=dict(
                type='RandomSampler',
                num=512,
                pos_fraction=0.25,
                neg_pos_ub=-1,
                add_gt_as_proposals=True),
            mask_size=28,
            pos_weight=-1,
            debug=False)),
    test_cfg=dict(
        rpn=dict(
            nms_pre=1000,
            max_per_img=1000,
            nms=dict(type='nms', iou_threshold=0.7),
            min_bbox_size=0),
        rcnn=dict(
            score_thr=0.05,
            nms=dict(type='nms', iou_threshold=0.5),
            max_per_img=100,
            mask_thr_binary=0.5)))
edge_loss = dict(type='EdgeLoss', loss_weight=1.0)
custom_imports = dict(
    imports=[
        'mmdetection_custom_part.mmdet.datasets.pipelines.edge_target',
        'mmdetection_custom_part.mmdet.models.backbones.resnet'
    ],
    allow_failed_imports=False)

2026-06-30 13:04:23,514 - mmdet - INFO - Set random seed to 42, deterministic: False
2026-06-30 13:04:39,366 - mmdet - INFO - load checkpoint from local path: /content/drive/MyDrive/EALLIS_checkpoints/Checkpoint1.pth
2026-06-30 13:04:47,742 - mmdet - WARNING - The model and loaded state dict do not match exactly

unexpected key in source state_dict: backbone.AdaD.1.weight_net.0.weight, backbone.AdaD.1.weight_net.1.weight, backbone.AdaD.1.weight_net.1.bias, backbone.AdaD.1.weight_net.1.running_mean, backbone.AdaD.1.weight_net.1.running_var, backbone.AdaD.1.weight_net.1.num_batches_tracked, backbone.AdaD.1.channel_net.1.weight, backbone.AdaD.1.channel_net.3.weight, backbone.AdaD.2.weight_net.0.weight, backbone.AdaD.2.weight_net.1.weight, backbone.AdaD.2.weight_net.1.bias, backbone.AdaD.2.weight_net.1.running_mean, backbone.AdaD.2.weight_net.1.running_var, backbone.AdaD.2.weight_net.1.num_batches_tracked, backbone.AdaD.2.channel_net.1.weight, backbone.AdaD.2.channel_net.3.weight, backbone.AdaD.3.weight_net.0.weight, backbone.AdaD.3.weight_net.1.weight, backbone.AdaD.3.weight_net.1.bias, backbone.AdaD.3.weight_net.1.running_mean, backbone.AdaD.3.weight_net.1.running_var, backbone.AdaD.3.weight_net.1.num_batches_tracked, backbone.AdaD.3.channel_net.1.weight, backbone.AdaD.3.channel_net.3.weight, backbone.layer2.0.llpf.weight, backbone.layer2.0.learnable_conv1.weight, backbone.layer2.1.llpf.weight, backbone.layer2.1.learnable_conv1.weight, backbone.layer2.2.llpf.weight, backbone.layer2.2.learnable_conv1.weight, backbone.layer2.3.llpf.weight, backbone.layer2.3.learnable_conv1.weight, backbone.layer3.0.llpf.weight, backbone.layer3.0.learnable_conv1.weight, backbone.layer3.1.llpf.weight, backbone.layer3.1.learnable_conv1.weight, backbone.layer3.2.llpf.weight, backbone.layer3.2.learnable_conv1.weight, backbone.layer3.3.llpf.weight, backbone.layer3.3.learnable_conv1.weight, backbone.layer3.4.llpf.weight, backbone.layer3.4.learnable_conv1.weight, backbone.layer3.5.llpf.weight, backbone.layer3.5.learnable_conv1.weight, backbone.layer4.0.llpf.weight, backbone.layer4.0.learnable_conv1.weight, backbone.layer4.1.llpf.weight, backbone.layer4.1.learnable_conv1.weight, backbone.layer4.2.llpf.weight, backbone.layer4.2.learnable_conv1.weight

missing keys in source state_dict: backbone.eallis_c3.illum.channel_mlp.0.weight, backbone.eallis_c3.illum.channel_mlp.0.bias, backbone.eallis_c3.illum.channel_mlp.2.weight, backbone.eallis_c3.illum.channel_mlp.2.bias, backbone.eallis_c3.illum.spatial_conv.0.weight, backbone.eallis_c3.illum.spatial_conv.0.bias, backbone.eallis_c3.illum.spatial_conv.1.weight, backbone.eallis_c3.illum.spatial_conv.1.bias, backbone.eallis_c3.rectifier.conv1.weight, backbone.eallis_c3.rectifier.conv1.bias, backbone.eallis_c3.rectifier.conv2.weight, backbone.eallis_c3.rectifier.conv2.bias, backbone.eallis_c3.rectifier.gate.0.weight, backbone.eallis_c3.rectifier.gate.0.bias, backbone.eallis_c4.illum.channel_mlp.0.weight, backbone.eallis_c4.illum.channel_mlp.0.bias, backbone.eallis_c4.illum.channel_mlp.2.weight, backbone.eallis_c4.illum.channel_mlp.2.bias, backbone.eallis_c4.illum.spatial_conv.0.weight, backbone.eallis_c4.illum.spatial_conv.0.bias, backbone.eallis_c4.illum.spatial_conv.1.weight, backbone.eallis_c4.illum.spatial_conv.1.bias, backbone.eallis_c4.rectifier.conv1.weight, backbone.eallis_c4.rectifier.conv1.bias, backbone.eallis_c4.rectifier.conv2.weight, backbone.eallis_c4.rectifier.conv2.bias, backbone.eallis_c4.rectifier.gate.0.weight, backbone.eallis_c4.rectifier.gate.0.bias

2026-06-30 13:04:47,760 - mmdet - INFO - Start running, host: root@76db6ad01d56, work_dir: /content/drive/MyDrive/Ablation/illum
2026-06-30 13:04:47,760 - mmdet - INFO - Hooks will be executed in the following order:
before_run:
(VERY_HIGH   ) StepLrUpdaterHook                  
(NORMAL      ) CheckpointHook                     
(NORMAL      ) EvalHook                           
(VERY_LOW    ) TextLoggerHook                     
 -------------------- 
before_train_epoch:
(VERY_HIGH   ) StepLrUpdaterHook                  
(NORMAL      ) EvalHook                           
(NORMAL      ) NumClassCheckHook                  
(LOW         ) IterTimerHook                      
(VERY_LOW    ) TextLoggerHook                     
 -------------------- 
before_train_iter:
(VERY_HIGH   ) StepLrUpdaterHook                  
(NORMAL      ) EvalHook                           
(LOW         ) IterTimerHook                      
 -------------------- 
after_train_iter:
(ABOVE_NORMAL) OptimizerHook                      
(NORMAL      ) CheckpointHook                     
(NORMAL      ) EvalHook                           
(LOW         ) IterTimerHook                      
(VERY_LOW    ) TextLoggerHook                     
 -------------------- 
after_train_epoch:
(NORMAL      ) CheckpointHook                     
(NORMAL      ) EvalHook                           
(VERY_LOW    ) TextLoggerHook                     
 -------------------- 
before_val_epoch:
(NORMAL      ) NumClassCheckHook                  
(LOW         ) IterTimerHook                      
(VERY_LOW    ) TextLoggerHook                     
 -------------------- 
before_val_iter:
(LOW         ) IterTimerHook                      
 -------------------- 
after_val_iter:
(LOW         ) IterTimerHook                      
 -------------------- 
after_val_epoch:
(VERY_LOW    ) TextLoggerHook                     
 -------------------- 
after_run:
(VERY_LOW    ) TextLoggerHook                     
 -------------------- 
2026-06-30 13:04:47,761 - mmdet - INFO - workflow: [('train', 1)], max: 5 epochs
2026-06-30 13:04:47,761 - mmdet - INFO - Checkpoints will be saved to /content/drive/MyDrive/Ablation/illum by HardDiskBackend.
2026-06-30 13:07:12,637 - mmdet - INFO - Epoch [1][50/1324]	lr: 9.890e-04, eta: 5:16:29, time: 2.890, data_time: 0.214, memory: 9035, noise_inv_loss: 0.0008, clean_loss_rpn_cls: 0.0562, clean_loss_rpn_bbox: 0.0218, clean_loss_cls: 0.1425, clean_acc: 95.3398, clean_loss_bbox: 0.1496, clean_loss_mask: 0.3385, loss_rpn_cls: 0.0696, loss_rpn_bbox: 0.0229, loss_cls: 0.1474, acc: 95.6436, loss_bbox: 0.1397, loss_mask: 0.3837, loss: 1.4726
2026-06-30 13:09:37,399 - mmdet - INFO - Epoch [1][100/1324]	lr: 1.988e-03, eta: 5:14:20, time: 2.895, data_time: 0.044, memory: 9520, noise_inv_loss: 0.0008, clean_loss_rpn_cls: 0.0344, clean_loss_rpn_bbox: 0.0183, clean_loss_cls: 0.1287, clean_acc: 95.4146, clean_loss_bbox: 0.1444, clean_loss_mask: 0.2945, loss_rpn_cls: 0.0487, loss_rpn_bbox: 0.0202, loss_cls: 0.1412, acc: 95.4727, loss_bbox: 0.1462, loss_mask: 0.3315, loss: 1.3089
2026-06-30 13:12:00,060 - mmdet - INFO - Epoch [1][150/1324]	lr: 2.987e-03, eta: 5:10:30, time: 2.853, data_time: 0.039, memory: 9520, noise_inv_loss: 0.0008, clean_loss_rpn_cls: 0.0303, clean_loss_rpn_bbox: 0.0179, clean_loss_cls: 0.1223, clean_acc: 95.6128, clean_loss_bbox: 0.1377, clean_loss_mask: 0.2966, loss_rpn_cls: 0.0434, loss_rpn_bbox: 0.0195, loss_cls: 0.1357, acc: 95.5386, loss_bbox: 0.1394, loss_mask: 0.3430, loss: 1.2865
2026-06-30 13:14:24,517 - mmdet - INFO - Epoch [1][200/1324]	lr: 3.986e-03, eta: 5:08:22, time: 2.889, data_time: 0.039, memory: 9520, noise_inv_loss: 0.0008, clean_loss_rpn_cls: 0.0253, clean_loss_rpn_bbox: 0.0160, clean_loss_cls: 0.1156, clean_acc: 95.8320, clean_loss_bbox: 0.1306, clean_loss_mask: 0.3052, loss_rpn_cls: 0.0371, loss_rpn_bbox: 0.0178, loss_cls: 0.1302, acc: 95.6704, loss_bbox: 0.1348, loss_mask: 0.3437, loss: 1.2571
2026-06-30 13:16:50,777 - mmdet - INFO - Epoch [1][250/1324]	lr: 4.985e-03, eta: 5:06:53, time: 2.925, data_time: 0.042, memory: 9697, noise_inv_loss: 0.0008, clean_loss_rpn_cls: 0.0299, clean_loss_rpn_bbox: 0.0205, clean_loss_cls: 0.1259, clean_acc: 95.5698, clean_loss_bbox: 0.1491, clean_loss_mask: 0.3070, loss_rpn_cls: 0.0439, loss_rpn_bbox: 0.0227, loss_cls: 0.1432, acc: 95.3843, loss_bbox: 0.1504, loss_mask: 0.3481, loss: 1.3414
2026-06-30 13:19:12,110 - mmdet - INFO - Epoch [1][300/1324]	lr: 5.984e-03, eta: 5:03:21, time: 2.827, data_time: 0.041, memory: 9697, noise_inv_loss: 0.0008, clean_loss_rpn_cls: 0.0314, clean_loss_rpn_bbox: 0.0191, clean_loss_cls: 0.1171, clean_acc: 95.9468, clean_loss_bbox: 0.1340, clean_loss_mask: 0.3123, loss_rpn_cls: 0.0459, loss_rpn_bbox: 0.0213, loss_cls: 0.1340, acc: 95.7842, loss_bbox: 0.1364, loss_mask: 0.3592, loss: 1.3116
2026-06-30 13:21:34,982 - mmdet - INFO - Epoch [1][350/1324]	lr: 6.983e-03, eta: 5:00:36, time: 2.857, data_time: 0.038, memory: 9697, noise_inv_loss: 0.0008, clean_loss_rpn_cls: 0.0275, clean_loss_rpn_bbox: 0.0166, clean_loss_cls: 0.1187, clean_acc: 95.8618, clean_loss_bbox: 0.1342, clean_loss_mask: 0.2960, loss_rpn_cls: 0.0402, loss_rpn_bbox: 0.0185, loss_cls: 0.1326, acc: 95.7397, loss_bbox: 0.1359, loss_mask: 0.3421, loss: 1.2631
2026-06-30 13:23:57,091 - mmdet - INFO - Epoch [1][400/1324]	lr: 7.982e-03, eta: 4:57:46, time: 2.842, data_time: 0.039, memory: 9697, noise_inv_loss: 0.0008, clean_loss_rpn_cls: 0.0304, clean_loss_rpn_bbox: 0.0170, clean_loss_cls: 0.1150, clean_acc: 96.1035, clean_loss_bbox: 0.1272, clean_loss_mask: 0.3065, loss_rpn_cls: 0.0422, loss_rpn_bbox: 0.0189, loss_cls: 0.1299, acc: 95.9580, loss_bbox: 0.1283, loss_mask: 0.3518, loss: 1.2681
2026-06-30 13:26:21,846 - mmdet - INFO - Epoch [1][450/1324]	lr: 8.981e-03, eta: 4:55:38, time: 2.895, data_time: 0.039, memory: 9697, noise_inv_loss: 0.0008, clean_loss_rpn_cls: 0.0267, clean_loss_rpn_bbox: 0.0175, clean_loss_cls: 0.1286, clean_acc: 95.5220, clean_loss_bbox: 0.1424, clean_loss_mask: 0.3016, loss_rpn_cls: 0.0393, loss_rpn_bbox: 0.0192, loss_cls: 0.1420, acc: 95.4761, loss_bbox: 0.1419, loss_mask: 0.3375, loss: 1.2974
2026-06-30 13:28:45,695 - mmdet - INFO - Epoch [1][500/1324]	lr: 9.980e-03, eta: 4:53:15, time: 2.877, data_time: 0.039, memory: 9697, noise_inv_loss: 0.0008, clean_loss_rpn_cls: 0.0313, clean_loss_rpn_bbox: 0.0191, clean_loss_cls: 0.1307, clean_acc: 95.5244, clean_loss_bbox: 0.1384, clean_loss_mask: 0.3096, loss_rpn_cls: 0.0434, loss_rpn_bbox: 0.0210, loss_cls: 0.1462, acc: 95.5000, loss_bbox: 0.1406, loss_mask: 0.3531, loss: 1.3342
2026-06-30 13:31:07,753 - mmdet - INFO - Epoch [1][550/1324]	lr: 1.000e-02, eta: 4:50:33, time: 2.841, data_time: 0.040, memory: 9697, noise_inv_loss: 0.0008, clean_loss_rpn_cls: 0.0332, clean_loss_rpn_bbox: 0.0176, clean_loss_cls: 0.1262, clean_acc: 95.5947, clean_loss_bbox: 0.1387, clean_loss_mask: 0.3193, loss_rpn_cls: 0.0465, loss_rpn_bbox: 0.0192, loss_cls: 0.1416, acc: 95.5605, loss_bbox: 0.1385, loss_mask: 0.3581, loss: 1.3397
2026-06-30 13:33:31,088 - mmdet - INFO - Epoch [1][600/1324]	lr: 1.000e-02, eta: 4:48:06, time: 2.867, data_time: 0.039, memory: 9697, noise_inv_loss: 0.0008, clean_loss_rpn_cls: 0.0348, clean_loss_rpn_bbox: 0.0216, clean_loss_cls: 0.1379, clean_acc: 95.2847, clean_loss_bbox: 0.1536, clean_loss_mask: 0.3246, loss_rpn_cls: 0.0504, loss_rpn_bbox: 0.0231, loss_cls: 0.1530, acc: 95.1987, loss_bbox: 0.1499, loss_mask: 0.3627, loss: 1.4125
2026-06-30 13:35:53,034 - mmdet - INFO - Epoch [1][650/1324]	lr: 1.000e-02, eta: 4:45:28, time: 2.839, data_time: 0.039, memory: 9934, noise_inv_loss: 0.0008, clean_loss_rpn_cls: 0.0348, clean_loss_rpn_bbox: 0.0190, clean_loss_cls: 0.1281, clean_acc: 95.6294, clean_loss_bbox: 0.1379, clean_loss_mask: 0.3250, loss_rpn_cls: 0.0455, loss_rpn_bbox: 0.0202, loss_cls: 0.1367, acc: 95.6777, loss_bbox: 0.1372, loss_mask: 0.3628, loss: 1.3480
2026-06-30 13:38:15,579 - mmdet - INFO - Epoch [1][700/1324]	lr: 1.000e-02, eta: 4:42:57, time: 2.851, data_time: 0.041, memory: 9934, noise_inv_loss: 0.0008, clean_loss_rpn_cls: 0.0318, clean_loss_rpn_bbox: 0.0186, clean_loss_cls: 0.1326, clean_acc: 95.5684, clean_loss_bbox: 0.1430, clean_loss_mask: 0.3143, loss_rpn_cls: 0.0471, loss_rpn_bbox: 0.0207, loss_cls: 0.1440, acc: 95.5815, loss_bbox: 0.1369, loss_mask: 0.3598, loss: 1.3495
2026-06-30 13:40:38,567 - mmdet - INFO - Epoch [1][750/1324]	lr: 1.000e-02, eta: 4:40:30, time: 2.860, data_time: 0.041, memory: 9934, noise_inv_loss: 0.0008, clean_loss_rpn_cls: 0.0350, clean_loss_rpn_bbox: 0.0188, clean_loss_cls: 0.1399, clean_acc: 95.4897, clean_loss_bbox: 0.1412, clean_loss_mask: 0.3229, loss_rpn_cls: 0.0493, loss_rpn_bbox: 0.0204, loss_cls: 0.1504, acc: 95.5776, loss_bbox: 0.1371, loss_mask: 0.3623, loss: 1.3781
2026-06-30 13:43:04,230 - mmdet - INFO - Epoch [1][800/1324]	lr: 1.000e-02, eta: 4:38:24, time: 2.913, data_time: 0.043, memory: 9934, noise_inv_loss: 0.0008, clean_loss_rpn_cls: 0.0348, clean_loss_rpn_bbox: 0.0211, clean_loss_cls: 0.1339, clean_acc: 95.4346, clean_loss_bbox: 0.1488, clean_loss_mask: 0.3046, loss_rpn_cls: 0.0486, loss_rpn_bbox: 0.0229, loss_cls: 0.1494, acc: 95.2886, loss_bbox: 0.1501, loss_mask: 0.3424, loss: 1.3573
2026-06-30 13:45:27,981 - mmdet - INFO - Epoch [1][850/1324]	lr: 1.000e-02, eta: 4:36:02, time: 2.875, data_time: 0.043, memory: 9934, noise_inv_loss: 0.0008, clean_loss_rpn_cls: 0.0330, clean_loss_rpn_bbox: 0.0198, clean_loss_cls: 0.1337, clean_acc: 95.3926, clean_loss_bbox: 0.1519, clean_loss_mask: 0.3283, loss_rpn_cls: 0.0469, loss_rpn_bbox: 0.0210, loss_cls: 0.1456, acc: 95.3774, loss_bbox: 0.1468, loss_mask: 0.3678, loss: 1.3955
2026-06-30 13:47:53,756 - mmdet - INFO - Epoch [1][900/1324]	lr: 1.000e-02, eta: 4:33:53, time: 2.915, data_time: 0.045, memory: 9934, noise_inv_loss: 0.0008, clean_loss_rpn_cls: 0.0334, clean_loss_rpn_bbox: 0.0200, clean_loss_cls: 0.1346, clean_acc: 95.4683, clean_loss_bbox: 0.1508, clean_loss_mask: 0.3134, loss_rpn_cls: 0.0487, loss_rpn_bbox: 0.0221, loss_cls: 0.1486, acc: 95.3755, loss_bbox: 0.1469, loss_mask: 0.3479, loss: 1.3671
2026-06-30 13:50:17,731 - mmdet - INFO - Epoch [1][950/1324]	lr: 1.000e-02, eta: 4:31:31, time: 2.880, data_time: 0.043, memory: 9934, noise_inv_loss: 0.0008, clean_loss_rpn_cls: 0.0317, clean_loss_rpn_bbox: 0.0170, clean_loss_cls: 0.1290, clean_acc: 95.6270, clean_loss_bbox: 0.1360, clean_loss_mask: 0.3222, loss_rpn_cls: 0.0472, loss_rpn_bbox: 0.0188, loss_cls: 0.1418, acc: 95.6138, loss_bbox: 0.1354, loss_mask: 0.3645, loss: 1.3444
2026-06-30 13:52:39,320 - mmdet - INFO - Exp name: train_kaggle.py
2026-06-30 13:52:39,320 - mmdet - INFO - Epoch [1][1000/1324]	lr: 1.000e-02, eta: 4:28:55, time: 2.832, data_time: 0.043, memory: 9934, noise_inv_loss: 0.0008, clean_loss_rpn_cls: 0.0286, clean_loss_rpn_bbox: 0.0156, clean_loss_cls: 0.1201, clean_acc: 95.7910, clean_loss_bbox: 0.1340, clean_loss_mask: 0.3216, loss_rpn_cls: 0.0412, loss_rpn_bbox: 0.0170, loss_cls: 0.1329, acc: 95.7173, loss_bbox: 0.1320, loss_mask: 0.3624, loss: 1.3062
2026-06-30 13:55:04,180 - mmdet - INFO - Epoch [1][1050/1324]	lr: 1.000e-02, eta: 4:26:39, time: 2.897, data_time: 0.044, memory: 9934, noise_inv_loss: 0.0008, clean_loss_rpn_cls: 0.0321, clean_loss_rpn_bbox: 0.0204, clean_loss_cls: 0.1344, clean_acc: 95.3823, clean_loss_bbox: 0.1484, clean_loss_mask: 0.3267, loss_rpn_cls: 0.0461, loss_rpn_bbox: 0.0217, loss_cls: 0.1459, acc: 95.3667, loss_bbox: 0.1468, loss_mask: 0.3705, loss: 1.3937
2026-06-30 13:57:30,153 - mmdet - INFO - Epoch [1][1100/1324]	lr: 1.000e-02, eta: 4:24:27, time: 2.919, data_time: 0.044, memory: 9934, noise_inv_loss: 0.0008, clean_loss_rpn_cls: 0.0353, clean_loss_rpn_bbox: 0.0209, clean_loss_cls: 0.1430, clean_acc: 95.0566, clean_loss_bbox: 0.1589, clean_loss_mask: 0.3265, loss_rpn_cls: 0.0472, loss_rpn_bbox: 0.0223, loss_cls: 0.1574, acc: 94.9912, loss_bbox: 0.1610, loss_mask: 0.3691, loss: 1.4424
2026-06-30 13:59:54,711 - mmdet - INFO - Epoch [1][1150/1324]	lr: 1.000e-02, eta: 4:22:07, time: 2.891, data_time: 0.042, memory: 9934, noise_inv_loss: 0.0008, clean_loss_rpn_cls: 0.0338, clean_loss_rpn_bbox: 0.0182, clean_loss_cls: 0.1277, clean_acc: 95.7744, clean_loss_bbox: 0.1316, clean_loss_mask: 0.3160, loss_rpn_cls: 0.0465, loss_rpn_bbox: 0.0197, loss_cls: 0.1407, acc: 95.6655, loss_bbox: 0.1331, loss_mask: 0.3570, loss: 1.3251
2026-06-30 14:02:23,676 - mmdet - INFO - Epoch [1][1200/1324]	lr: 1.000e-02, eta: 4:20:07, time: 2.979, data_time: 0.045, memory: 9934, noise_inv_loss: 0.0008, clean_loss_rpn_cls: 0.0339, clean_loss_rpn_bbox: 0.0221, clean_loss_cls: 0.1408, clean_acc: 95.1382, clean_loss_bbox: 0.1545, clean_loss_mask: 0.3200, loss_rpn_cls: 0.0501, loss_rpn_bbox: 0.0243, loss_cls: 0.1561, acc: 95.0635, loss_bbox: 0.1548, loss_mask: 0.3612, loss: 1.4186
2026-06-30 14:04:51,021 - mmdet - INFO - Epoch [1][1250/1324]	lr: 1.000e-02, eta: 4:17:57, time: 2.947, data_time: 0.046, memory: 9934, noise_inv_loss: 0.0008, clean_loss_rpn_cls: 0.0340, clean_loss_rpn_bbox: 0.0196, clean_loss_cls: 0.1441, clean_acc: 95.0371, clean_loss_bbox: 0.1559, clean_loss_mask: 0.3149, loss_rpn_cls: 0.0461, loss_rpn_bbox: 0.0209, loss_cls: 0.1581, acc: 94.9463, loss_bbox: 0.1576, loss_mask: 0.3555, loss: 1.4075
2026-06-30 14:07:14,977 - mmdet - INFO - Epoch [1][1300/1324]	lr: 1.000e-02, eta: 4:15:33, time: 2.879, data_time: 0.041, memory: 9934, noise_inv_loss: 0.0008, clean_loss_rpn_cls: 0.0309, clean_loss_rpn_bbox: 0.0182, clean_loss_cls: 0.1307, clean_acc: 95.5469, clean_loss_bbox: 0.1423, clean_loss_mask: 0.3151, loss_rpn_cls: 0.0453, loss_rpn_bbox: 0.0196, loss_cls: 0.1433, acc: 95.4438, loss_bbox: 0.1417, loss_mask: 0.3542, loss: 1.3423
2026-06-30 14:09:47,645 - mmdet - INFO - Evaluating bbox...
2026-06-30 14:09:49,308 - mmdet - INFO - 
+-----------+-------+-----------+-------+-------------+-------+
| category  | AP    | category  | AP    | category    | AP    |
+-----------+-------+-----------+-------+-------------+-------+
| bicycle   | 0.272 | chair     | 0.565 | diningtable | 0.230 |
| bottle    | 0.409 | motorbike | 0.329 | car         | 0.296 |
| tvmonitor | 0.126 | bus       | 0.267 | None        | None  |
+-----------+-------+-----------+-------+-------------+-------+
2026-06-30 14:09:49,308 - mmdet - INFO - Evaluating segm...
2026-06-30 14:09:51,847 - mmdet - INFO - 
+-----------+-------+-----------+-------+-------------+-------+
| category  | AP    | category  | AP    | category    | AP    |
+-----------+-------+-----------+-------+-------------+-------+
| bicycle   | 0.136 | chair     | 0.551 | diningtable | 0.190 |
| bottle    | 0.426 | motorbike | 0.319 | car         | 0.124 |
| tvmonitor | 0.037 | bus       | 0.301 | None        | None  |
+-----------+-------+-----------+-------+-------------+-------+
2026-06-30 14:10:05,548 - mmdet - INFO - Now best checkpoint is saved as best_bbox_mAP_epoch_1.pth.
2026-06-30 14:10:05,548 - mmdet - INFO - Best bbox_mAP is 0.3120 at 1 epoch.
2026-06-30 14:10:05,559 - mmdet - INFO - Exp name: train_kaggle.py
2026-06-30 14:10:05,559 - mmdet - INFO - Epoch(val) [1][669]	bbox_mAP: 0.3120, bbox_mAP_50: 0.5250, bbox_mAP_75: 0.3340, bbox_mAP_s: 0.0000, bbox_mAP_m: 0.0750, bbox_mAP_l: 0.3870, bbox_mAP_copypaste: 0.312 0.525 0.334 0.000 0.075 0.387, segm_mAP: 0.2600, segm_mAP_50: 0.4680, segm_mAP_75: 0.2520, segm_mAP_s: 0.0000, segm_mAP_m: 0.0600, segm_mAP_l: 0.3310, segm_mAP_copypaste: 0.260 0.468 0.252 0.000 0.060 0.331
2026-06-30 14:12:43,343 - mmdet - INFO - Epoch [2][50/1324]	lr: 1.000e-02, eta: 4:08:27, time: 3.153, data_time: 0.192, memory: 9934, noise_inv_loss: 0.0008, clean_loss_rpn_cls: 0.0273, clean_loss_rpn_bbox: 0.0185, clean_loss_cls: 0.1189, clean_acc: 95.9297, clean_loss_bbox: 0.1362, clean_loss_mask: 0.3025, loss_rpn_cls: 0.0389, loss_rpn_bbox: 0.0202, loss_cls: 0.1329, acc: 95.7324, loss_bbox: 0.1366, loss_mask: 0.3415, loss: 1.2744
2026-06-30 14:15:07,184 - mmdet - INFO - Epoch [2][100/1324]	lr: 1.000e-02, eta: 4:06:11, time: 2.877, data_time: 0.042, memory: 9934, noise_inv_loss: 0.0008, clean_loss_rpn_cls: 0.0292, clean_loss_rpn_bbox: 0.0197, clean_loss_cls: 0.1205, clean_acc: 95.7280, clean_loss_bbox: 0.1417, clean_loss_mask: 0.3102, loss_rpn_cls: 0.0437, loss_rpn_bbox: 0.0215, loss_cls: 0.1333, acc: 95.6221, loss_bbox: 0.1406, loss_mask: 0.3495, loss: 1.3106
2026-06-30 14:17:29,482 - mmdet - INFO - Epoch [2][150/1324]	lr: 1.000e-02, eta: 4:03:50, time: 2.846, data_time: 0.045, memory: 9934, noise_inv_loss: 0.0008, clean_loss_rpn_cls: 0.0259, clean_loss_rpn_bbox: 0.0194, clean_loss_cls: 0.1244, clean_acc: 95.6953, clean_loss_bbox: 0.1434, clean_loss_mask: 0.3147, loss_rpn_cls: 0.0403, loss_rpn_bbox: 0.0213, loss_cls: 0.1392, acc: 95.5923, loss_bbox: 0.1437, loss_mask: 0.3595, loss: 1.3326
2026-06-30 14:19:53,323 - mmdet - INFO - Epoch [2][200/1324]	lr: 1.000e-02, eta: 4:01:33, time: 2.877, data_time: 0.038, memory: 9934, noise_inv_loss: 0.0008, clean_loss_rpn_cls: 0.0290, clean_loss_rpn_bbox: 0.0176, clean_loss_cls: 0.1217, clean_acc: 95.7881, clean_loss_bbox: 0.1367, clean_loss_mask: 0.2968, loss_rpn_cls: 0.0412, loss_rpn_bbox: 0.0192, loss_cls: 0.1351, acc: 95.6885, loss_bbox: 0.1373, loss_mask: 0.3350, loss: 1.2704
2026-06-30 14:22:18,176 - mmdet - INFO - Epoch [2][250/1324]	lr: 1.000e-02, eta: 3:59:19, time: 2.897, data_time: 0.044, memory: 9949, noise_inv_loss: 0.0008, clean_loss_rpn_cls: 0.0265, clean_loss_rpn_bbox: 0.0200, clean_loss_cls: 0.1260, clean_acc: 95.5869, clean_loss_bbox: 0.1408, clean_loss_mask: 0.2983, loss_rpn_cls: 0.0412, loss_rpn_bbox: 0.0222, loss_cls: 0.1436, acc: 95.3862, loss_bbox: 0.1416, loss_mask: 0.3429, loss: 1.3040
2026-06-30 14:24:42,004 - mmdet - INFO - Epoch [2][300/1324]	lr: 1.000e-02, eta: 3:57:02, time: 2.876, data_time: 0.040, memory: 9949, noise_inv_loss: 0.0008, clean_loss_rpn_cls: 0.0287, clean_loss_rpn_bbox: 0.0189, clean_loss_cls: 0.1212, clean_acc: 95.7178, clean_loss_bbox: 0.1404, clean_loss_mask: 0.2998, loss_rpn_cls: 0.0426, loss_rpn_bbox: 0.0204, loss_cls: 0.1291, acc: 95.7241, loss_bbox: 0.1365, loss_mask: 0.3323, loss: 1.2707
2026-06-30 14:27:05,591 - mmdet - INFO - Epoch [2][350/1324]	lr: 1.000e-02, eta: 3:54:43, time: 2.872, data_time: 0.043, memory: 10119, noise_inv_loss: 0.0008, clean_loss_rpn_cls: 0.0293, clean_loss_rpn_bbox: 0.0190, clean_loss_cls: 0.1361, clean_acc: 95.3086, clean_loss_bbox: 0.1517, clean_loss_mask: 0.3093, loss_rpn_cls: 0.0462, loss_rpn_bbox: 0.0210, loss_cls: 0.1532, acc: 95.1528, loss_bbox: 0.1518, loss_mask: 0.3512, loss: 1.3696
2026-06-30 14:29:28,298 - mmdet - INFO - Epoch [2][400/1324]	lr: 1.000e-02, eta: 3:52:22, time: 2.854, data_time: 0.040, memory: 10119, noise_inv_loss: 0.0008, clean_loss_rpn_cls: 0.0251, clean_loss_rpn_bbox: 0.0174, clean_loss_cls: 0.1288, clean_acc: 95.4380, clean_loss_bbox: 0.1508, clean_loss_mask: 0.3127, loss_rpn_cls: 0.0379, loss_rpn_bbox: 0.0186, loss_cls: 0.1394, acc: 95.3545, loss_bbox: 0.1480, loss_mask: 0.3466, loss: 1.3261
2026-06-30 14:31:50,426 - mmdet - INFO - Epoch [2][450/1324]	lr: 1.000e-02, eta: 3:49:59, time: 2.843, data_time: 0.043, memory: 10119, noise_inv_loss: 0.0008, clean_loss_rpn_cls: 0.0245, clean_loss_rpn_bbox: 0.0162, clean_loss_cls: 0.1217, clean_acc: 95.7173, clean_loss_bbox: 0.1371, clean_loss_mask: 0.3005, loss_rpn_cls: 0.0392, loss_rpn_bbox: 0.0176, loss_cls: 0.1339, acc: 95.6592, loss_bbox: 0.1344, loss_mask: 0.3424, loss: 1.2682
2026-06-30 14:34:13,024 - mmdet - INFO - Epoch [2][500/1324]	lr: 1.000e-02, eta: 3:47:37, time: 2.852, data_time: 0.039, memory: 10119, noise_inv_loss: 0.0008, clean_loss_rpn_cls: 0.0259, clean_loss_rpn_bbox: 0.0173, clean_loss_cls: 0.1179, clean_acc: 95.9390, clean_loss_bbox: 0.1338, clean_loss_mask: 0.3081, loss_rpn_cls: 0.0375, loss_rpn_bbox: 0.0187, loss_cls: 0.1288, acc: 95.7856, loss_bbox: 0.1331, loss_mask: 0.3453, loss: 1.2674
2026-06-30 14:36:35,091 - mmdet - INFO - Epoch [2][550/1324]	lr: 1.000e-02, eta: 3:45:14, time: 2.841, data_time: 0.045, memory: 10119, noise_inv_loss: 0.0008, clean_loss_rpn_cls: 0.0290, clean_loss_rpn_bbox: 0.0188, clean_loss_cls: 0.1277, clean_acc: 95.6885, clean_loss_bbox: 0.1411, clean_loss_mask: 0.3005, loss_rpn_cls: 0.0446, loss_rpn_bbox: 0.0209, loss_cls: 0.1412, acc: 95.5483, loss_bbox: 0.1386, loss_mask: 0.3425, loss: 1.3057
2026-06-30 14:38:58,611 - mmdet - INFO - Epoch [2][600/1324]	lr: 1.000e-02, eta: 3:42:54, time: 2.870, data_time: 0.039, memory: 10119, noise_inv_loss: 0.0008, clean_loss_rpn_cls: 0.0303, clean_loss_rpn_bbox: 0.0202, clean_loss_cls: 0.1351, clean_acc: 95.3511, clean_loss_bbox: 0.1557, clean_loss_mask: 0.3087, loss_rpn_cls: 0.0450, loss_rpn_bbox: 0.0217, loss_cls: 0.1489, acc: 95.3281, loss_bbox: 0.1509, loss_mask: 0.3511, loss: 1.3685
2026-06-30 14:41:20,863 - mmdet - INFO - Epoch [2][650/1324]	lr: 1.000e-02, eta: 3:40:31, time: 2.845, data_time: 0.042, memory: 10119, noise_inv_loss: 0.0008, clean_loss_rpn_cls: 0.0265, clean_loss_rpn_bbox: 0.0190, clean_loss_cls: 0.1165, clean_acc: 95.8975, clean_loss_bbox: 0.1378, clean_loss_mask: 0.3032, loss_rpn_cls: 0.0385, loss_rpn_bbox: 0.0205, loss_cls: 0.1270, acc: 95.9209, loss_bbox: 0.1343, loss_mask: 0.3395, loss: 1.2636
2026-06-30 14:43:42,415 - mmdet - INFO - Epoch [2][700/1324]	lr: 1.000e-02, eta: 3:38:07, time: 2.831, data_time: 0.039, memory: 10119, noise_inv_loss: 0.0008, clean_loss_rpn_cls: 0.0267, clean_loss_rpn_bbox: 0.0188, clean_loss_cls: 0.1167, clean_acc: 95.8691, clean_loss_bbox: 0.1363, clean_loss_mask: 0.3095, loss_rpn_cls: 0.0404, loss_rpn_bbox: 0.0202, loss_cls: 0.1312, acc: 95.7725, loss_bbox: 0.1330, loss_mask: 0.3483, loss: 1.2819
2026-06-30 14:46:07,667 - mmdet - INFO - Epoch [2][750/1324]	lr: 1.000e-02, eta: 3:35:51, time: 2.905, data_time: 0.044, memory: 10119, noise_inv_loss: 0.0008, clean_loss_rpn_cls: 0.0325, clean_loss_rpn_bbox: 0.0195, clean_loss_cls: 0.1311, clean_acc: 95.4473, clean_loss_bbox: 0.1468, clean_loss_mask: 0.3059, loss_rpn_cls: 0.0440, loss_rpn_bbox: 0.0207, loss_cls: 0.1443, acc: 95.3706, loss_bbox: 0.1484, loss_mask: 0.3440, loss: 1.3382
2026-06-30 14:48:30,388 - mmdet - INFO - Epoch [2][800/1324]	lr: 1.000e-02, eta: 3:33:29, time: 2.854, data_time: 0.040, memory: 10119, noise_inv_loss: 0.0008, clean_loss_rpn_cls: 0.0291, clean_loss_rpn_bbox: 0.0197, clean_loss_cls: 0.1277, clean_acc: 95.5356, clean_loss_bbox: 0.1477, clean_loss_mask: 0.3070, loss_rpn_cls: 0.0427, loss_rpn_bbox: 0.0214, loss_cls: 0.1412, acc: 95.4556, loss_bbox: 0.1463, loss_mask: 0.3469, loss: 1.3305
2026-06-30 14:50:55,864 - mmdet - INFO - Epoch [2][850/1324]	lr: 1.000e-02, eta: 3:31:13, time: 2.909, data_time: 0.043, memory: 10119, noise_inv_loss: 0.0008, clean_loss_rpn_cls: 0.0257, clean_loss_rpn_bbox: 0.0201, clean_loss_cls: 0.1302, clean_acc: 95.4253, clean_loss_bbox: 0.1524, clean_loss_mask: 0.2994, loss_rpn_cls: 0.0403, loss_rpn_bbox: 0.0215, loss_cls: 0.1428, acc: 95.3984, loss_bbox: 0.1501, loss_mask: 0.3376, loss: 1.3209
2026-06-30 14:53:18,996 - mmdet - INFO - Epoch [2][900/1324]	lr: 1.000e-02, eta: 3:28:51, time: 2.863, data_time: 0.040, memory: 10119, noise_inv_loss: 0.0008, clean_loss_rpn_cls: 0.0279, clean_loss_rpn_bbox: 0.0177, clean_loss_cls: 0.1224, clean_acc: 95.7935, clean_loss_bbox: 0.1356, clean_loss_mask: 0.3046, loss_rpn_cls: 0.0417, loss_rpn_bbox: 0.0193, loss_cls: 0.1342, acc: 95.7144, loss_bbox: 0.1327, loss_mask: 0.3470, loss: 1.2841
2026-06-30 14:55:40,445 - mmdet - INFO - Epoch [2][950/1324]	lr: 1.000e-02, eta: 3:26:27, time: 2.829, data_time: 0.043, memory: 10119, noise_inv_loss: 0.0008, clean_loss_rpn_cls: 0.0290, clean_loss_rpn_bbox: 0.0171, clean_loss_cls: 0.1218, clean_acc: 95.8701, clean_loss_bbox: 0.1323, clean_loss_mask: 0.3060, loss_rpn_cls: 0.0435, loss_rpn_bbox: 0.0189, loss_cls: 0.1352, acc: 95.9150, loss_bbox: 0.1275, loss_mask: 0.3457, loss: 1.2779
2026-06-30 14:58:04,738 - mmdet - INFO - Epoch [2][1000/1324]	lr: 1.000e-02, eta: 3:24:08, time: 2.886, data_time: 0.041, memory: 10119, noise_inv_loss: 0.0008, clean_loss_rpn_cls: 0.0308, clean_loss_rpn_bbox: 0.0183, clean_loss_cls: 0.1333, clean_acc: 95.2925, clean_loss_bbox: 0.1503, clean_loss_mask: 0.3196, loss_rpn_cls: 0.0443, loss_rpn_bbox: 0.0203, loss_cls: 0.1509, acc: 95.1250, loss_bbox: 0.1499, loss_mask: 0.3633, loss: 1.3818
2026-06-30 15:00:27,370 - mmdet - INFO - Epoch [2][1050/1324]	lr: 1.000e-02, eta: 3:21:45, time: 2.853, data_time: 0.044, memory: 10119, noise_inv_loss: 0.0008, clean_loss_rpn_cls: 0.0285, clean_loss_rpn_bbox: 0.0183, clean_loss_cls: 0.1274, clean_acc: 95.6147, clean_loss_bbox: 0.1491, clean_loss_mask: 0.3136, loss_rpn_cls: 0.0444, loss_rpn_bbox: 0.0200, loss_cls: 0.1412, acc: 95.5894, loss_bbox: 0.1475, loss_mask: 0.3570, loss: 1.3478
2026-06-30 15:02:49,491 - mmdet - INFO - Epoch [2][1100/1324]	lr: 1.000e-02, eta: 3:19:22, time: 2.843, data_time: 0.042, memory: 10119, noise_inv_loss: 0.0008, clean_loss_rpn_cls: 0.0267, clean_loss_rpn_bbox: 0.0160, clean_loss_cls: 0.1209, clean_acc: 95.7759, clean_loss_bbox: 0.1350, clean_loss_mask: 0.3098, loss_rpn_cls: 0.0397, loss_rpn_bbox: 0.0172, loss_cls: 0.1377, acc: 95.6299, loss_bbox: 0.1343, loss_mask: 0.3499, loss: 1.2880
2026-06-30 15:05:12,499 - mmdet - INFO - Epoch [2][1150/1324]	lr: 1.000e-02, eta: 3:17:00, time: 2.860, data_time: 0.043, memory: 10119, noise_inv_loss: 0.0008, clean_loss_rpn_cls: 0.0304, clean_loss_rpn_bbox: 0.0172, clean_loss_cls: 0.1353, clean_acc: 95.4976, clean_loss_bbox: 0.1471, clean_loss_mask: 0.3198, loss_rpn_cls: 0.0428, loss_rpn_bbox: 0.0187, loss_cls: 0.1458, acc: 95.4316, loss_bbox: 0.1468, loss_mask: 0.3595, loss: 1.3643
2026-06-30 15:07:36,175 - mmdet - INFO - Epoch [2][1200/1324]	lr: 1.000e-02, eta: 3:14:39, time: 2.873, data_time: 0.041, memory: 10119, noise_inv_loss: 0.0008, clean_loss_rpn_cls: 0.0311, clean_loss_rpn_bbox: 0.0195, clean_loss_cls: 0.1246, clean_acc: 95.7056, clean_loss_bbox: 0.1438, clean_loss_mask: 0.3073, loss_rpn_cls: 0.0433, loss_rpn_bbox: 0.0211, loss_cls: 0.1401, acc: 95.5039, loss_bbox: 0.1469, loss_mask: 0.3494, loss: 1.3280
2026-06-30 15:10:00,042 - mmdet - INFO - Epoch [2][1250/1324]	lr: 1.000e-02, eta: 3:12:19, time: 2.877, data_time: 0.049, memory: 10119, noise_inv_loss: 0.0008, clean_loss_rpn_cls: 0.0328, clean_loss_rpn_bbox: 0.0215, clean_loss_cls: 0.1393, clean_acc: 95.2666, clean_loss_bbox: 0.1568, clean_loss_mask: 0.3141, loss_rpn_cls: 0.0483, loss_rpn_bbox: 0.0234, loss_cls: 0.1494, acc: 95.2715, loss_bbox: 0.1525, loss_mask: 0.3454, loss: 1.3844
2026-06-30 15:12:22,663 - mmdet - INFO - Epoch [2][1300/1324]	lr: 1.000e-02, eta: 3:09:56, time: 2.852, data_time: 0.039, memory: 10119, noise_inv_loss: 0.0008, clean_loss_rpn_cls: 0.0263, clean_loss_rpn_bbox: 0.0168, clean_loss_cls: 0.1214, clean_acc: 95.6973, clean_loss_bbox: 0.1333, clean_loss_mask: 0.3040, loss_rpn_cls: 0.0377, loss_rpn_bbox: 0.0181, loss_cls: 0.1332, acc: 95.6328, loss_bbox: 0.1342, loss_mask: 0.3475, loss: 1.2734
2026-06-30 15:14:49,059 - mmdet - INFO - Evaluating bbox...
2026-06-30 15:14:50,774 - mmdet - INFO - 
+-----------+-------+-----------+-------+-------------+-------+
| category  | AP    | category  | AP    | category    | AP    |
+-----------+-------+-----------+-------+-------------+-------+
| bicycle   | 0.224 | chair     | 0.567 | diningtable | 0.219 |
| bottle    | 0.407 | motorbike | 0.256 | car         | 0.294 |
| tvmonitor | 0.087 | bus       | 0.248 | None        | None  |
+-----------+-------+-----------+-------+-------------+-------+
2026-06-30 15:14:50,774 - mmdet - INFO - Evaluating segm...
2026-06-30 15:14:52,988 - mmdet - INFO - 
+-----------+-------+-----------+-------+-------------+-------+
| category  | AP    | category  | AP    | category    | AP    |
+-----------+-------+-----------+-------+-------------+-------+
| bicycle   | 0.118 | chair     | 0.529 | diningtable | 0.128 |
| bottle    | 0.418 | motorbike | 0.248 | car         | 0.126 |
| tvmonitor | 0.025 | bus       | 0.265 | None        | None  |
+-----------+-------+-----------+-------+-------------+-------+
2026-06-30 15:14:53,031 - mmdet - INFO - Exp name: train_kaggle.py
2026-06-30 15:14:53,032 - mmdet - INFO - Epoch(val) [2][669]	bbox_mAP: 0.2880, bbox_mAP_50: 0.4860, bbox_mAP_75: 0.2940, bbox_mAP_s: 0.0020, bbox_mAP_m: 0.0710, bbox_mAP_l: 0.3530, bbox_mAP_copypaste: 0.288 0.486 0.294 0.002 0.071 0.353, segm_mAP: 0.2320, segm_mAP_50: 0.4230, segm_mAP_75: 0.2160, segm_mAP_s: 0.0010, segm_mAP_m: 0.0540, segm_mAP_l: 0.2950, segm_mAP_copypaste: 0.232 0.423 0.216 0.001 0.054 0.295
2026-06-30 15:17:25,140 - mmdet - INFO - Epoch [3][50/1324]	lr: 1.000e-02, eta: 3:04:59, time: 3.040, data_time: 0.191, memory: 10119, noise_inv_loss: 0.0008, clean_loss_rpn_cls: 0.0213, clean_loss_rpn_bbox: 0.0164, clean_loss_cls: 0.1174, clean_acc: 95.9702, clean_loss_bbox: 0.1323, clean_loss_mask: 0.2943, loss_rpn_cls: 0.0355, loss_rpn_bbox: 0.0183, loss_cls: 0.1340, acc: 95.7173, loss_bbox: 0.1376, loss_mask: 0.3440, loss: 1.2518
2026-06-30 15:19:50,857 - mmdet - INFO - Epoch [3][100/1324]	lr: 1.000e-02, eta: 3:02:44, time: 2.914, data_time: 0.042, memory: 10119, noise_inv_loss: 0.0008, clean_loss_rpn_cls: 0.0236, clean_loss_rpn_bbox: 0.0172, clean_loss_cls: 0.1193, clean_acc: 95.7144, clean_loss_bbox: 0.1433, clean_loss_mask: 0.2971, loss_rpn_cls: 0.0341, loss_rpn_bbox: 0.0186, loss_cls: 0.1307, acc: 95.5674, loss_bbox: 0.1436, loss_mask: 0.3310, loss: 1.2592
2026-06-30 15:22:16,826 - mmdet - INFO - Epoch [3][150/1324]	lr: 1.000e-02, eta: 3:00:28, time: 2.919, data_time: 0.042, memory: 10119, noise_inv_loss: 0.0008, clean_loss_rpn_cls: 0.0252, clean_loss_rpn_bbox: 0.0195, clean_loss_cls: 0.1238, clean_acc: 95.5327, clean_loss_bbox: 0.1513, clean_loss_mask: 0.2920, loss_rpn_cls: 0.0388, loss_rpn_bbox: 0.0215, loss_cls: 0.1413, acc: 95.2788, loss_bbox: 0.1556, loss_mask: 0.3381, loss: 1.3078
2026-06-30 15:24:44,736 - mmdet - INFO - Epoch [3][200/1324]	lr: 1.000e-02, eta: 2:58:15, time: 2.958, data_time: 0.042, memory: 10247, noise_inv_loss: 0.0008, clean_loss_rpn_cls: 0.0191, clean_loss_rpn_bbox: 0.0174, clean_loss_cls: 0.1133, clean_acc: 95.8477, clean_loss_bbox: 0.1419, clean_loss_mask: 0.2858, loss_rpn_cls: 0.0368, loss_rpn_bbox: 0.0196, loss_cls: 0.1292, acc: 95.7344, loss_bbox: 0.1394, loss_mask: 0.3284, loss: 1.2316
2026-06-30 15:27:06,151 - mmdet - INFO - Epoch [3][250/1324]	lr: 1.000e-02, eta: 2:55:53, time: 2.828, data_time: 0.042, memory: 10247, noise_inv_loss: 0.0008, clean_loss_rpn_cls: 0.0234, clean_loss_rpn_bbox: 0.0175, clean_loss_cls: 0.1118, clean_acc: 96.0293, clean_loss_bbox: 0.1359, clean_loss_mask: 0.2969, loss_rpn_cls: 0.0358, loss_rpn_bbox: 0.0192, loss_cls: 0.1256, acc: 95.9023, loss_bbox: 0.1351, loss_mask: 0.3335, loss: 1.2356
2026-06-30 15:29:29,465 - mmdet - INFO - Epoch [3][300/1324]	lr: 1.000e-02, eta: 2:53:33, time: 2.866, data_time: 0.042, memory: 10247, noise_inv_loss: 0.0008, clean_loss_rpn_cls: 0.0228, clean_loss_rpn_bbox: 0.0187, clean_loss_cls: 0.1176, clean_acc: 95.7295, clean_loss_bbox: 0.1471, clean_loss_mask: 0.2861, loss_rpn_cls: 0.0397, loss_rpn_bbox: 0.0206, loss_cls: 0.1346, acc: 95.4570, loss_bbox: 0.1471, loss_mask: 0.3304, loss: 1.2654
2026-06-30 15:31:53,074 - mmdet - INFO - Epoch [3][350/1324]	lr: 1.000e-02, eta: 2:51:13, time: 2.872, data_time: 0.042, memory: 10536, noise_inv_loss: 0.0008, clean_loss_rpn_cls: 0.0223, clean_loss_rpn_bbox: 0.0169, clean_loss_cls: 0.1236, clean_acc: 95.4976, clean_loss_bbox: 0.1476, clean_loss_mask: 0.2930, loss_rpn_cls: 0.0361, loss_rpn_bbox: 0.0184, loss_cls: 0.1395, acc: 95.4287, loss_bbox: 0.1493, loss_mask: 0.3392, loss: 1.2866
2026-06-30 15:34:18,857 - mmdet - INFO - Epoch [3][400/1324]	lr: 1.000e-02, eta: 2:48:56, time: 2.916, data_time: 0.041, memory: 10536, noise_inv_loss: 0.0008, clean_loss_rpn_cls: 0.0235, clean_loss_rpn_bbox: 0.0168, clean_loss_cls: 0.1167, clean_acc: 95.7910, clean_loss_bbox: 0.1451, clean_loss_mask: 0.3002, loss_rpn_cls: 0.0347, loss_rpn_bbox: 0.0182, loss_cls: 0.1355, acc: 95.4639, loss_bbox: 0.1486, loss_mask: 0.3423, loss: 1.2823
2026-06-30 15:36:41,446 - mmdet - INFO - Epoch [3][450/1324]	lr: 1.000e-02, eta: 2:46:35, time: 2.852, data_time: 0.037, memory: 10536, noise_inv_loss: 0.0008, clean_loss_rpn_cls: 0.0226, clean_loss_rpn_bbox: 0.0167, clean_loss_cls: 0.1141, clean_acc: 96.0405, clean_loss_bbox: 0.1315, clean_loss_mask: 0.3025, loss_rpn_cls: 0.0364, loss_rpn_bbox: 0.0184, loss_cls: 0.1291, acc: 95.8320, loss_bbox: 0.1333, loss_mask: 0.3444, loss: 1.2499
2026-06-30 15:39:04,233 - mmdet - INFO - Epoch [3][500/1324]	lr: 1.000e-02, eta: 2:44:14, time: 2.856, data_time: 0.040, memory: 10536, noise_inv_loss: 0.0008, clean_loss_rpn_cls: 0.0263, clean_loss_rpn_bbox: 0.0179, clean_loss_cls: 0.1204, clean_acc: 95.7773, clean_loss_bbox: 0.1435, clean_loss_mask: 0.3036, loss_rpn_cls: 0.0413, loss_rpn_bbox: 0.0197, loss_cls: 0.1313, acc: 95.7031, loss_bbox: 0.1419, loss_mask: 0.3502, loss: 1.2969
2026-06-30 15:41:27,462 - mmdet - INFO - Epoch [3][550/1324]	lr: 1.000e-02, eta: 2:41:53, time: 2.865, data_time: 0.040, memory: 10536, noise_inv_loss: 0.0008, clean_loss_rpn_cls: 0.0233, clean_loss_rpn_bbox: 0.0170, clean_loss_cls: 0.1156, clean_acc: 95.7681, clean_loss_bbox: 0.1384, clean_loss_mask: 0.2865, loss_rpn_cls: 0.0352, loss_rpn_bbox: 0.0186, loss_cls: 0.1341, acc: 95.5571, loss_bbox: 0.1392, loss_mask: 0.3326, loss: 1.2412
2026-06-30 15:43:48,459 - mmdet - INFO - Epoch [3][600/1324]	lr: 1.000e-02, eta: 2:39:31, time: 2.820, data_time: 0.039, memory: 10536, noise_inv_loss: 0.0008, clean_loss_rpn_cls: 0.0244, clean_loss_rpn_bbox: 0.0200, clean_loss_cls: 0.1108, clean_acc: 96.0161, clean_loss_bbox: 0.1358, clean_loss_mask: 0.2903, loss_rpn_cls: 0.0374, loss_rpn_bbox: 0.0212, loss_cls: 0.1214, acc: 95.9014, loss_bbox: 0.1347, loss_mask: 0.3249, loss: 1.2218
2026-06-30 15:46:12,644 - mmdet - INFO - Epoch [3][650/1324]	lr: 1.000e-02, eta: 2:37:11, time: 2.884, data_time: 0.042, memory: 10536, noise_inv_loss: 0.0008, clean_loss_rpn_cls: 0.0296, clean_loss_rpn_bbox: 0.0194, clean_loss_cls: 0.1212, clean_acc: 95.6304, clean_loss_bbox: 0.1457, clean_loss_mask: 0.2975, loss_rpn_cls: 0.0430, loss_rpn_bbox: 0.0208, loss_cls: 0.1360, acc: 95.6094, loss_bbox: 0.1434, loss_mask: 0.3419, loss: 1.2993
2026-06-30 15:48:34,629 - mmdet - INFO - Epoch [3][700/1324]	lr: 1.000e-02, eta: 2:34:49, time: 2.840, data_time: 0.039, memory: 10536, noise_inv_loss: 0.0008, clean_loss_rpn_cls: 0.0229, clean_loss_rpn_bbox: 0.0166, clean_loss_cls: 0.1100, clean_acc: 96.1753, clean_loss_bbox: 0.1272, clean_loss_mask: 0.3061, loss_rpn_cls: 0.0348, loss_rpn_bbox: 0.0180, loss_cls: 0.1266, acc: 95.9531, loss_bbox: 0.1300, loss_mask: 0.3471, loss: 1.2402
2026-06-30 15:50:58,683 - mmdet - INFO - Epoch [3][750/1324]	lr: 1.000e-02, eta: 2:32:29, time: 2.881, data_time: 0.042, memory: 10536, noise_inv_loss: 0.0008, clean_loss_rpn_cls: 0.0283, clean_loss_rpn_bbox: 0.0188, clean_loss_cls: 0.1241, clean_acc: 95.5947, clean_loss_bbox: 0.1454, clean_loss_mask: 0.3131, loss_rpn_cls: 0.0404, loss_rpn_bbox: 0.0202, loss_cls: 0.1420, acc: 95.4048, loss_bbox: 0.1495, loss_mask: 0.3552, loss: 1.3378
2026-06-30 15:53:21,894 - mmdet - INFO - Epoch [3][800/1324]	lr: 1.000e-02, eta: 2:30:08, time: 2.864, data_time: 0.042, memory: 10536, noise_inv_loss: 0.0008, clean_loss_rpn_cls: 0.0216, clean_loss_rpn_bbox: 0.0180, clean_loss_cls: 0.1142, clean_acc: 95.8628, clean_loss_bbox: 0.1410, clean_loss_mask: 0.3029, loss_rpn_cls: 0.0388, loss_rpn_bbox: 0.0203, loss_cls: 0.1328, acc: 95.7007, loss_bbox: 0.1422, loss_mask: 0.3456, loss: 1.2782
2026-06-30 15:55:46,054 - mmdet - INFO - Epoch [3][850/1324]	lr: 1.000e-02, eta: 2:27:48, time: 2.883, data_time: 0.042, memory: 10536, noise_inv_loss: 0.0008, clean_loss_rpn_cls: 0.0276, clean_loss_rpn_bbox: 0.0203, clean_loss_cls: 0.1237, clean_acc: 95.6465, clean_loss_bbox: 0.1447, clean_loss_mask: 0.2996, loss_rpn_cls: 0.0399, loss_rpn_bbox: 0.0217, loss_cls: 0.1375, acc: 95.3975, loss_bbox: 0.1464, loss_mask: 0.3359, loss: 1.2979
2026-06-30 15:58:09,678 - mmdet - INFO - Epoch [3][900/1324]	lr: 1.000e-02, eta: 2:25:27, time: 2.873, data_time: 0.041, memory: 10536, noise_inv_loss: 0.0008, clean_loss_rpn_cls: 0.0259, clean_loss_rpn_bbox: 0.0170, clean_loss_cls: 0.1206, clean_acc: 95.7534, clean_loss_bbox: 0.1414, clean_loss_mask: 0.3026, loss_rpn_cls: 0.0392, loss_rpn_bbox: 0.0184, loss_cls: 0.1358, acc: 95.6646, loss_bbox: 0.1425, loss_mask: 0.3467, loss: 1.2907
2026-06-30 16:00:32,050 - mmdet - INFO - Epoch [3][950/1324]	lr: 1.000e-02, eta: 2:23:06, time: 2.847, data_time: 0.042, memory: 10536, noise_inv_loss: 0.0008, clean_loss_rpn_cls: 0.0230, clean_loss_rpn_bbox: 0.0200, clean_loss_cls: 0.1130, clean_acc: 95.9541, clean_loss_bbox: 0.1449, clean_loss_mask: 0.3109, loss_rpn_cls: 0.0375, loss_rpn_bbox: 0.0218, loss_cls: 0.1308, acc: 95.6680, loss_bbox: 0.1466, loss_mask: 0.3594, loss: 1.3087
2026-06-30 16:02:56,669 - mmdet - INFO - Epoch [3][1000/1324]	lr: 1.000e-02, eta: 2:20:46, time: 2.892, data_time: 0.042, memory: 10536, noise_inv_loss: 0.0008, clean_loss_rpn_cls: 0.0262, clean_loss_rpn_bbox: 0.0181, clean_loss_cls: 0.1212, clean_acc: 95.7676, clean_loss_bbox: 0.1458, clean_loss_mask: 0.3048, loss_rpn_cls: 0.0426, loss_rpn_bbox: 0.0198, loss_cls: 0.1347, acc: 95.6274, loss_bbox: 0.1449, loss_mask: 0.3390, loss: 1.2977
2026-06-30 16:05:21,073 - mmdet - INFO - Epoch [3][1050/1324]	lr: 1.000e-02, eta: 2:18:25, time: 2.888, data_time: 0.039, memory: 10536, noise_inv_loss: 0.0008, clean_loss_rpn_cls: 0.0263, clean_loss_rpn_bbox: 0.0182, clean_loss_cls: 0.1199, clean_acc: 95.8325, clean_loss_bbox: 0.1396, clean_loss_mask: 0.2948, loss_rpn_cls: 0.0391, loss_rpn_bbox: 0.0202, loss_cls: 0.1363, acc: 95.6182, loss_bbox: 0.1415, loss_mask: 0.3390, loss: 1.2757
2026-06-30 16:07:46,715 - mmdet - INFO - Epoch [3][1100/1324]	lr: 1.000e-02, eta: 2:16:06, time: 2.913, data_time: 0.042, memory: 10536, noise_inv_loss: 0.0008, clean_loss_rpn_cls: 0.0263, clean_loss_rpn_bbox: 0.0198, clean_loss_cls: 0.1203, clean_acc: 95.5703, clean_loss_bbox: 0.1433, clean_loss_mask: 0.2928, loss_rpn_cls: 0.0413, loss_rpn_bbox: 0.0212, loss_cls: 0.1353, acc: 95.5171, loss_bbox: 0.1420, loss_mask: 0.3307, loss: 1.2739
2026-06-30 16:10:13,196 - mmdet - INFO - Epoch [3][1150/1324]	lr: 1.000e-02, eta: 2:13:47, time: 2.930, data_time: 0.043, memory: 10536, noise_inv_loss: 0.0008, clean_loss_rpn_cls: 0.0250, clean_loss_rpn_bbox: 0.0178, clean_loss_cls: 0.1170, clean_acc: 95.7661, clean_loss_bbox: 0.1406, clean_loss_mask: 0.2911, loss_rpn_cls: 0.0343, loss_rpn_bbox: 0.0192, loss_cls: 0.1326, acc: 95.6636, loss_bbox: 0.1426, loss_mask: 0.3287, loss: 1.2496
2026-06-30 16:12:37,139 - mmdet - INFO - Epoch [3][1200/1324]	lr: 1.000e-02, eta: 2:11:26, time: 2.879, data_time: 0.042, memory: 10536, noise_inv_loss: 0.0008, clean_loss_rpn_cls: 0.0301, clean_loss_rpn_bbox: 0.0212, clean_loss_cls: 0.1252, clean_acc: 95.6406, clean_loss_bbox: 0.1420, clean_loss_mask: 0.3101, loss_rpn_cls: 0.0457, loss_rpn_bbox: 0.0232, loss_cls: 0.1362, acc: 95.5757, loss_bbox: 0.1395, loss_mask: 0.3557, loss: 1.3297
2026-06-30 16:15:00,591 - mmdet - INFO - Epoch [3][1250/1324]	lr: 1.000e-02, eta: 2:09:05, time: 2.869, data_time: 0.041, memory: 10536, noise_inv_loss: 0.0008, clean_loss_rpn_cls: 0.0249, clean_loss_rpn_bbox: 0.0189, clean_loss_cls: 0.1216, clean_acc: 95.7725, clean_loss_bbox: 0.1358, clean_loss_mask: 0.2914, loss_rpn_cls: 0.0391, loss_rpn_bbox: 0.0206, loss_cls: 0.1376, acc: 95.6353, loss_bbox: 0.1341, loss_mask: 0.3353, loss: 1.2602
2026-06-30 16:17:21,296 - mmdet - INFO - Epoch [3][1300/1324]	lr: 1.000e-02, eta: 2:06:41, time: 2.814, data_time: 0.040, memory: 10536, noise_inv_loss: 0.0008, clean_loss_rpn_cls: 0.0241, clean_loss_rpn_bbox: 0.0176, clean_loss_cls: 0.1143, clean_acc: 95.8706, clean_loss_bbox: 0.1324, clean_loss_mask: 0.2971, loss_rpn_cls: 0.0368, loss_rpn_bbox: 0.0191, loss_cls: 0.1248, acc: 95.8877, loss_bbox: 0.1305, loss_mask: 0.3384, loss: 1.2359
2026-06-30 16:19:45,864 - mmdet - INFO - Evaluating bbox...
2026-06-30 16:19:48,427 - mmdet - INFO - 
+-----------+-------+-----------+-------+-------------+-------+
| category  | AP    | category  | AP    | category    | AP    |
+-----------+-------+-----------+-------+-------------+-------+
| bicycle   | 0.229 | chair     | 0.570 | diningtable | 0.199 |
| bottle    | 0.406 | motorbike | 0.298 | car         | 0.303 |
| tvmonitor | 0.103 | bus       | 0.313 | None        | None  |
+-----------+-------+-----------+-------+-------------+-------+
2026-06-30 16:19:48,427 - mmdet - INFO - Evaluating segm...
2026-06-30 16:19:51,102 - mmdet - INFO - 
+-----------+-------+-----------+-------+-------------+-------+
| category  | AP    | category  | AP    | category    | AP    |
+-----------+-------+-----------+-------+-------------+-------+
| bicycle   | 0.113 | chair     | 0.540 | diningtable | 0.153 |
| bottle    | 0.416 | motorbike | 0.289 | car         | 0.140 |
| tvmonitor | 0.030 | bus       | 0.327 | None        | None  |
+-----------+-------+-----------+-------+-------------+-------+
2026-06-30 16:19:51,151 - mmdet - INFO - Exp name: train_kaggle.py
2026-06-30 16:19:51,152 - mmdet - INFO - Epoch(val) [3][669]	bbox_mAP: 0.3020, bbox_mAP_50: 0.5020, bbox_mAP_75: 0.3210, bbox_mAP_s: 0.0000, bbox_mAP_m: 0.0770, bbox_mAP_l: 0.3690, bbox_mAP_copypaste: 0.302 0.502 0.321 0.000 0.077 0.369, segm_mAP: 0.2510, segm_mAP_50: 0.4490, segm_mAP_75: 0.2450, segm_mAP_s: 0.0000, segm_mAP_m: 0.0620, segm_mAP_l: 0.3160, segm_mAP_copypaste: 0.251 0.449 0.245 0.000 0.062 0.316
2026-06-30 16:22:25,813 - mmdet - INFO - Epoch [4][50/1324]	lr: 1.000e-03, eta: 2:02:35, time: 3.091, data_time: 0.190, memory: 10536, noise_inv_loss: 0.0008, clean_loss_rpn_cls: 0.0197, clean_loss_rpn_bbox: 0.0166, clean_loss_cls: 0.1060, clean_acc: 96.1245, clean_loss_bbox: 0.1389, clean_loss_mask: 0.2791, loss_rpn_cls: 0.0334, loss_rpn_bbox: 0.0187, loss_cls: 0.1218, acc: 95.8848, loss_bbox: 0.1390, loss_mask: 0.3228, loss: 1.1967
2026-06-30 16:24:54,311 - mmdet - INFO - Epoch [4][100/1324]	lr: 1.000e-03, eta: 2:00:17, time: 2.970, data_time: 0.046, memory: 10536, noise_inv_loss: 0.0008, clean_loss_rpn_cls: 0.0186, clean_loss_rpn_bbox: 0.0170, clean_loss_cls: 0.1076, clean_acc: 95.9541, clean_loss_bbox: 0.1410, clean_loss_mask: 0.2708, loss_rpn_cls: 0.0318, loss_rpn_bbox: 0.0192, loss_cls: 0.1275, acc: 95.5127, loss_bbox: 0.1477, loss_mask: 0.3157, loss: 1.1977
2026-06-30 16:27:22,594 - mmdet - INFO - Epoch [4][150/1324]	lr: 1.000e-03, eta: 1:58:00, time: 2.966, data_time: 0.048, memory: 10536, noise_inv_loss: 0.0008, clean_loss_rpn_cls: 0.0176, clean_loss_rpn_bbox: 0.0170, clean_loss_cls: 0.1034, clean_acc: 96.2295, clean_loss_bbox: 0.1359, clean_loss_mask: 0.2659, loss_rpn_cls: 0.0306, loss_rpn_bbox: 0.0188, loss_cls: 0.1184, acc: 95.9219, loss_bbox: 0.1394, loss_mask: 0.3019, loss: 1.1496
2026-06-30 16:29:45,706 - mmdet - INFO - Epoch [4][200/1324]	lr: 1.000e-03, eta: 1:55:39, time: 2.862, data_time: 0.043, memory: 10536, noise_inv_loss: 0.0008, clean_loss_rpn_cls: 0.0167, clean_loss_rpn_bbox: 0.0162, clean_loss_cls: 0.0968, clean_acc: 96.4614, clean_loss_bbox: 0.1250, clean_loss_mask: 0.2643, loss_rpn_cls: 0.0290, loss_rpn_bbox: 0.0183, loss_cls: 0.1136, acc: 96.0684, loss_bbox: 0.1280, loss_mask: 0.3054, loss: 1.1142
2026-06-30 16:32:11,636 - mmdet - INFO - Epoch [4][250/1324]	lr: 1.000e-03, eta: 1:53:19, time: 2.919, data_time: 0.043, memory: 10536, noise_inv_loss: 0.0008, clean_loss_rpn_cls: 0.0160, clean_loss_rpn_bbox: 0.0137, clean_loss_cls: 0.0951, clean_acc: 96.5884, clean_loss_bbox: 0.1259, clean_loss_mask: 0.2651, loss_rpn_cls: 0.0280, loss_rpn_bbox: 0.0158, loss_cls: 0.1117, acc: 96.2842, loss_bbox: 0.1309, loss_mask: 0.3149, loss: 1.1179
2026-06-30 16:34:38,542 - mmdet - INFO - Epoch [4][300/1324]	lr: 1.000e-03, eta: 1:51:00, time: 2.938, data_time: 0.044, memory: 10536, noise_inv_loss: 0.0008, clean_loss_rpn_cls: 0.0169, clean_loss_rpn_bbox: 0.0168, clean_loss_cls: 0.1057, clean_acc: 95.9839, clean_loss_bbox: 0.1438, clean_loss_mask: 0.2733, loss_rpn_cls: 0.0301, loss_rpn_bbox: 0.0184, loss_cls: 0.1214, acc: 95.7603, loss_bbox: 0.1470, loss_mask: 0.3124, loss: 1.1866
2026-06-30 16:37:05,283 - mmdet - INFO - Epoch [4][350/1324]	lr: 1.000e-03, eta: 1:48:41, time: 2.935, data_time: 0.046, memory: 10536, noise_inv_loss: 0.0008, clean_loss_rpn_cls: 0.0161, clean_loss_rpn_bbox: 0.0147, clean_loss_cls: 0.0966, clean_acc: 96.4502, clean_loss_bbox: 0.1313, clean_loss_mask: 0.2669, loss_rpn_cls: 0.0243, loss_rpn_bbox: 0.0158, loss_cls: 0.1125, acc: 96.0898, loss_bbox: 0.1352, loss_mask: 0.3064, loss: 1.1206
2026-06-30 16:39:31,329 - mmdet - INFO - Epoch [4][400/1324]	lr: 1.000e-03, eta: 1:46:21, time: 2.921, data_time: 0.043, memory: 10536, noise_inv_loss: 0.0008, clean_loss_rpn_cls: 0.0175, clean_loss_rpn_bbox: 0.0159, clean_loss_cls: 0.1015, clean_acc: 96.2212, clean_loss_bbox: 0.1344, clean_loss_mask: 0.2730, loss_rpn_cls: 0.0304, loss_rpn_bbox: 0.0181, loss_cls: 0.1178, acc: 95.8970, loss_bbox: 0.1379, loss_mask: 0.3166, loss: 1.1639
2026-06-30 16:41:58,558 - mmdet - INFO - Epoch [4][450/1324]	lr: 1.000e-03, eta: 1:44:02, time: 2.945, data_time: 0.044, memory: 10536, noise_inv_loss: 0.0008, clean_loss_rpn_cls: 0.0159, clean_loss_rpn_bbox: 0.0162, clean_loss_cls: 0.1031, clean_acc: 96.1890, clean_loss_bbox: 0.1363, clean_loss_mask: 0.2738, loss_rpn_cls: 0.0286, loss_rpn_bbox: 0.0181, loss_cls: 0.1252, acc: 95.6743, loss_bbox: 0.1443, loss_mask: 0.3187, loss: 1.1810
2026-06-30 16:44:25,763 - mmdet - INFO - Epoch [4][500/1324]	lr: 1.000e-03, eta: 1:41:43, time: 2.944, data_time: 0.041, memory: 10536, noise_inv_loss: 0.0008, clean_loss_rpn_cls: 0.0165, clean_loss_rpn_bbox: 0.0157, clean_loss_cls: 0.0972, clean_acc: 96.3550, clean_loss_bbox: 0.1330, clean_loss_mask: 0.2710, loss_rpn_cls: 0.0260, loss_rpn_bbox: 0.0173, loss_cls: 0.1148, acc: 96.0376, loss_bbox: 0.1376, loss_mask: 0.3108, loss: 1.1408
2026-06-30 16:46:52,303 - mmdet - INFO - Epoch [4][550/1324]	lr: 1.000e-03, eta: 1:39:23, time: 2.931, data_time: 0.043, memory: 10536, noise_inv_loss: 0.0008, clean_loss_rpn_cls: 0.0158, clean_loss_rpn_bbox: 0.0153, clean_loss_cls: 0.0945, clean_acc: 96.4238, clean_loss_bbox: 0.1297, clean_loss_mask: 0.2531, loss_rpn_cls: 0.0274, loss_rpn_bbox: 0.0173, loss_cls: 0.1107, acc: 96.2383, loss_bbox: 0.1324, loss_mask: 0.2873, loss: 1.0844
2026-06-30 16:49:17,737 - mmdet - INFO - Epoch [4][600/1324]	lr: 1.000e-03, eta: 1:37:02, time: 2.909, data_time: 0.039, memory: 10536, noise_inv_loss: 0.0008, clean_loss_rpn_cls: 0.0176, clean_loss_rpn_bbox: 0.0155, clean_loss_cls: 0.0962, clean_acc: 96.4326, clean_loss_bbox: 0.1265, clean_loss_mask: 0.2630, loss_rpn_cls: 0.0276, loss_rpn_bbox: 0.0174, loss_cls: 0.1120, acc: 96.0498, loss_bbox: 0.1307, loss_mask: 0.2998, loss: 1.1071
2026-06-30 16:51:45,271 - mmdet - INFO - Epoch [4][650/1324]	lr: 1.000e-03, eta: 1:34:42, time: 2.951, data_time: 0.047, memory: 10536, noise_inv_loss: 0.0008, clean_loss_rpn_cls: 0.0165, clean_loss_rpn_bbox: 0.0174, clean_loss_cls: 0.1008, clean_acc: 96.2817, clean_loss_bbox: 0.1410, clean_loss_mask: 0.2770, loss_rpn_cls: 0.0293, loss_rpn_bbox: 0.0194, loss_cls: 0.1225, acc: 95.7930, loss_bbox: 0.1454, loss_mask: 0.3225, loss: 1.1925
2026-06-30 16:54:09,173 - mmdet - INFO - Epoch [4][700/1324]	lr: 1.000e-03, eta: 1:32:21, time: 2.878, data_time: 0.042, memory: 10536, noise_inv_loss: 0.0008, clean_loss_rpn_cls: 0.0167, clean_loss_rpn_bbox: 0.0149, clean_loss_cls: 0.0959, clean_acc: 96.4878, clean_loss_bbox: 0.1292, clean_loss_mask: 0.2852, loss_rpn_cls: 0.0303, loss_rpn_bbox: 0.0172, loss_cls: 0.1116, acc: 96.1689, loss_bbox: 0.1340, loss_mask: 0.3269, loss: 1.1627
2026-06-30 16:56:37,103 - mmdet - INFO - Epoch [4][750/1324]	lr: 1.000e-03, eta: 1:30:01, time: 2.959, data_time: 0.048, memory: 10536, noise_inv_loss: 0.0008, clean_loss_rpn_cls: 0.0180, clean_loss_rpn_bbox: 0.0159, clean_loss_cls: 0.1056, clean_acc: 96.1509, clean_loss_bbox: 0.1402, clean_loss_mask: 0.2758, loss_rpn_cls: 0.0288, loss_rpn_bbox: 0.0177, loss_cls: 0.1213, acc: 95.8296, loss_bbox: 0.1457, loss_mask: 0.3203, loss: 1.1900
2026-06-30 16:59:02,976 - mmdet - INFO - Epoch [4][800/1324]	lr: 1.000e-03, eta: 1:27:40, time: 2.918, data_time: 0.044, memory: 10536, noise_inv_loss: 0.0008, clean_loss_rpn_cls: 0.0149, clean_loss_rpn_bbox: 0.0139, clean_loss_cls: 0.0953, clean_acc: 96.5122, clean_loss_bbox: 0.1295, clean_loss_mask: 0.2623, loss_rpn_cls: 0.0245, loss_rpn_bbox: 0.0157, loss_cls: 0.1098, acc: 96.1665, loss_bbox: 0.1363, loss_mask: 0.2988, loss: 1.1020
2026-06-30 17:01:29,636 - mmdet - INFO - Epoch [4][850/1324]	lr: 1.000e-03, eta: 1:25:19, time: 2.933, data_time: 0.044, memory: 10536, noise_inv_loss: 0.0008, clean_loss_rpn_cls: 0.0136, clean_loss_rpn_bbox: 0.0131, clean_loss_cls: 0.0923, clean_acc: 96.5117, clean_loss_bbox: 0.1194, clean_loss_mask: 0.2657, loss_rpn_cls: 0.0250, loss_rpn_bbox: 0.0151, loss_cls: 0.1108, acc: 96.1567, loss_bbox: 0.1238, loss_mask: 0.3085, loss: 1.0882
2026-06-30 17:03:58,054 - mmdet - INFO - Epoch [4][900/1324]	lr: 1.000e-03, eta: 1:22:59, time: 2.968, data_time: 0.043, memory: 10536, noise_inv_loss: 0.0008, clean_loss_rpn_cls: 0.0160, clean_loss_rpn_bbox: 0.0147, clean_loss_cls: 0.1010, clean_acc: 96.3564, clean_loss_bbox: 0.1315, clean_loss_mask: 0.2686, loss_rpn_cls: 0.0261, loss_rpn_bbox: 0.0167, loss_cls: 0.1177, acc: 96.0146, loss_bbox: 0.1390, loss_mask: 0.3129, loss: 1.1450
2026-06-30 17:06:24,885 - mmdet - INFO - Epoch [4][950/1324]	lr: 1.000e-03, eta: 1:20:38, time: 2.937, data_time: 0.045, memory: 10536, noise_inv_loss: 0.0008, clean_loss_rpn_cls: 0.0181, clean_loss_rpn_bbox: 0.0142, clean_loss_cls: 0.0940, clean_acc: 96.6538, clean_loss_bbox: 0.1229, clean_loss_mask: 0.2733, loss_rpn_cls: 0.0282, loss_rpn_bbox: 0.0159, loss_cls: 0.1089, acc: 96.3921, loss_bbox: 0.1269, loss_mask: 0.3145, loss: 1.1178
2026-06-30 17:08:52,134 - mmdet - INFO - Epoch [4][1000/1324]	lr: 1.000e-03, eta: 1:18:17, time: 2.945, data_time: 0.046, memory: 10536, noise_inv_loss: 0.0008, clean_loss_rpn_cls: 0.0189, clean_loss_rpn_bbox: 0.0158, clean_loss_cls: 0.1041, clean_acc: 96.1470, clean_loss_bbox: 0.1383, clean_loss_mask: 0.2740, loss_rpn_cls: 0.0333, loss_rpn_bbox: 0.0184, loss_cls: 0.1242, acc: 95.6860, loss_bbox: 0.1434, loss_mask: 0.3225, loss: 1.1936
2026-06-30 17:11:18,366 - mmdet - INFO - Epoch [4][1050/1324]	lr: 1.000e-03, eta: 1:15:56, time: 2.925, data_time: 0.045, memory: 10536, noise_inv_loss: 0.0008, clean_loss_rpn_cls: 0.0148, clean_loss_rpn_bbox: 0.0148, clean_loss_cls: 0.0928, clean_acc: 96.5083, clean_loss_bbox: 0.1258, clean_loss_mask: 0.2636, loss_rpn_cls: 0.0254, loss_rpn_bbox: 0.0165, loss_cls: 0.1086, acc: 96.2246, loss_bbox: 0.1298, loss_mask: 0.3062, loss: 1.0992
2026-06-30 17:13:46,212 - mmdet - INFO - Epoch [4][1100/1324]	lr: 1.000e-03, eta: 1:13:35, time: 2.957, data_time: 0.043, memory: 10536, noise_inv_loss: 0.0009, clean_loss_rpn_cls: 0.0156, clean_loss_rpn_bbox: 0.0153, clean_loss_cls: 0.0995, clean_acc: 96.2861, clean_loss_bbox: 0.1328, clean_loss_mask: 0.2679, loss_rpn_cls: 0.0266, loss_rpn_bbox: 0.0173, loss_cls: 0.1212, acc: 95.8638, loss_bbox: 0.1426, loss_mask: 0.3214, loss: 1.1610
2026-06-30 17:16:16,464 - mmdet - INFO - Epoch [4][1150/1324]	lr: 1.000e-03, eta: 1:11:14, time: 3.005, data_time: 0.046, memory: 10536, noise_inv_loss: 0.0008, clean_loss_rpn_cls: 0.0154, clean_loss_rpn_bbox: 0.0152, clean_loss_cls: 0.1009, clean_acc: 96.2144, clean_loss_bbox: 0.1381, clean_loss_mask: 0.2792, loss_rpn_cls: 0.0273, loss_rpn_bbox: 0.0169, loss_cls: 0.1194, acc: 95.8608, loss_bbox: 0.1433, loss_mask: 0.3178, loss: 1.1744
2026-06-30 17:18:43,775 - mmdet - INFO - Epoch [4][1200/1324]	lr: 1.000e-03, eta: 1:08:53, time: 2.946, data_time: 0.046, memory: 10536, noise_inv_loss: 0.0009, clean_loss_rpn_cls: 0.0146, clean_loss_rpn_bbox: 0.0146, clean_loss_cls: 0.0920, clean_acc: 96.6089, clean_loss_bbox: 0.1269, clean_loss_mask: 0.2693, loss_rpn_cls: 0.0264, loss_rpn_bbox: 0.0167, loss_cls: 0.1150, acc: 96.1357, loss_bbox: 0.1348, loss_mask: 0.3164, loss: 1.1275
2026-06-30 17:21:11,248 - mmdet - INFO - Epoch [4][1250/1324]	lr: 1.000e-03, eta: 1:06:32, time: 2.949, data_time: 0.045, memory: 10536, noise_inv_loss: 0.0008, clean_loss_rpn_cls: 0.0149, clean_loss_rpn_bbox: 0.0152, clean_loss_cls: 0.0927, clean_acc: 96.5850, clean_loss_bbox: 0.1248, clean_loss_mask: 0.2648, loss_rpn_cls: 0.0265, loss_rpn_bbox: 0.0174, loss_cls: 0.1118, acc: 96.1953, loss_bbox: 0.1320, loss_mask: 0.3147, loss: 1.1157
2026-06-30 17:23:38,177 - mmdet - INFO - Epoch [4][1300/1324]	lr: 1.000e-03, eta: 1:04:10, time: 2.939, data_time: 0.042, memory: 10536, noise_inv_loss: 0.0008, clean_loss_rpn_cls: 0.0180, clean_loss_rpn_bbox: 0.0176, clean_loss_cls: 0.1029, clean_acc: 96.1841, clean_loss_bbox: 0.1406, clean_loss_mask: 0.2804, loss_rpn_cls: 0.0282, loss_rpn_bbox: 0.0197, loss_cls: 0.1208, acc: 95.7617, loss_bbox: 0.1472, loss_mask: 0.3206, loss: 1.1968
2026-06-30 17:26:01,488 - mmdet - INFO - Evaluating bbox...
2026-06-30 17:26:02,813 - mmdet - INFO - 
+-----------+-------+-----------+-------+-------------+-------+
| category  | AP    | category  | AP    | category    | AP    |
+-----------+-------+-----------+-------+-------------+-------+
| bicycle   | 0.251 | chair     | 0.591 | diningtable | 0.219 |
| bottle    | 0.465 | motorbike | 0.326 | car         | 0.309 |
| tvmonitor | 0.123 | bus       | 0.303 | None        | None  |
+-----------+-------+-----------+-------+-------------+-------+
2026-06-30 17:26:02,814 - mmdet - INFO - Evaluating segm...
2026-06-30 17:26:05,750 - mmdet - INFO - 
+-----------+-------+-----------+-------+-------------+-------+
| category  | AP    | category  | AP    | category    | AP    |
+-----------+-------+-----------+-------+-------------+-------+
| bicycle   | 0.132 | chair     | 0.556 | diningtable | 0.163 |
| bottle    | 0.460 | motorbike | 0.315 | car         | 0.140 |
| tvmonitor | 0.036 | bus       | 0.318 | None        | None  |
+-----------+-------+-----------+-------+-------------+-------+
2026-06-30 17:26:05,783 - mmdet - INFO - The previous best checkpoint /content/drive/MyDrive/Ablation/illum/best_bbox_mAP_epoch_1.pth was removed
2026-06-30 17:26:16,474 - mmdet - INFO - Now best checkpoint is saved as best_bbox_mAP_epoch_4.pth.
2026-06-30 17:26:16,474 - mmdet - INFO - Best bbox_mAP is 0.3230 at 4 epoch.
2026-06-30 17:26:16,483 - mmdet - INFO - Exp name: train_kaggle.py
2026-06-30 17:26:16,484 - mmdet - INFO - Epoch(val) [4][669]	bbox_mAP: 0.3230, bbox_mAP_50: 0.5210, bbox_mAP_75: 0.3440, bbox_mAP_s: 0.0000, bbox_mAP_m: 0.0840, bbox_mAP_l: 0.3940, bbox_mAP_copypaste: 0.323 0.521 0.344 0.000 0.084 0.394, segm_mAP: 0.2650, segm_mAP_50: 0.4620, segm_mAP_75: 0.2600, segm_mAP_s: 0.0000, segm_mAP_m: 0.0640, segm_mAP_l: 0.3330, segm_mAP_copypaste: 0.265 0.462 0.260 0.000 0.064 0.333
2026-06-30 17:28:54,713 - mmdet - INFO - Epoch [5][50/1324]	lr: 1.000e-03, eta: 1:00:26, time: 3.162, data_time: 0.195, memory: 10536, noise_inv_loss: 0.0009, clean_loss_rpn_cls: 0.0154, clean_loss_rpn_bbox: 0.0162, clean_loss_cls: 0.0956, clean_acc: 96.3457, clean_loss_bbox: 0.1335, clean_loss_mask: 0.2551, loss_rpn_cls: 0.0290, loss_rpn_bbox: 0.0183, loss_cls: 0.1188, acc: 95.8955, loss_bbox: 0.1420, loss_mask: 0.3065, loss: 1.1311
2026-06-30 17:31:27,177 - mmdet - INFO - Epoch [5][100/1324]	lr: 1.000e-03, eta: 0:58:06, time: 3.049, data_time: 0.048, memory: 10536, noise_inv_loss: 0.0008, clean_loss_rpn_cls: 0.0156, clean_loss_rpn_bbox: 0.0139, clean_loss_cls: 0.0909, clean_acc: 96.5190, clean_loss_bbox: 0.1263, clean_loss_mask: 0.2536, loss_rpn_cls: 0.0299, loss_rpn_bbox: 0.0163, loss_cls: 0.1105, acc: 96.1587, loss_bbox: 0.1329, loss_mask: 0.3028, loss: 1.0935
2026-06-30 17:33:56,838 - mmdet - INFO - Epoch [5][150/1324]	lr: 1.000e-03, eta: 0:55:45, time: 2.993, data_time: 0.044, memory: 10536, noise_inv_loss: 0.0008, clean_loss_rpn_cls: 0.0139, clean_loss_rpn_bbox: 0.0141, clean_loss_cls: 0.0892, clean_acc: 96.6748, clean_loss_bbox: 0.1255, clean_loss_mask: 0.2638, loss_rpn_cls: 0.0233, loss_rpn_bbox: 0.0159, loss_cls: 0.1086, acc: 96.1133, loss_bbox: 0.1326, loss_mask: 0.3110, loss: 1.0986
2026-06-30 17:36:26,915 - mmdet - INFO - Epoch [5][200/1324]	lr: 1.000e-03, eta: 0:53:24, time: 3.002, data_time: 0.045, memory: 10536, noise_inv_loss: 0.0008, clean_loss_rpn_cls: 0.0143, clean_loss_rpn_bbox: 0.0147, clean_loss_cls: 0.0920, clean_acc: 96.6157, clean_loss_bbox: 0.1294, clean_loss_mask: 0.2575, loss_rpn_cls: 0.0254, loss_rpn_bbox: 0.0165, loss_cls: 0.1105, acc: 96.2070, loss_bbox: 0.1351, loss_mask: 0.2995, loss: 1.0956
2026-06-30 17:38:54,361 - mmdet - INFO - Epoch [5][250/1324]	lr: 1.000e-03, eta: 0:51:02, time: 2.949, data_time: 0.046, memory: 10536, noise_inv_loss: 0.0008, clean_loss_rpn_cls: 0.0144, clean_loss_rpn_bbox: 0.0156, clean_loss_cls: 0.0948, clean_acc: 96.4653, clean_loss_bbox: 0.1333, clean_loss_mask: 0.2616, loss_rpn_cls: 0.0258, loss_rpn_bbox: 0.0177, loss_cls: 0.1171, acc: 96.0679, loss_bbox: 0.1390, loss_mask: 0.3037, loss: 1.1237
2026-06-30 17:41:22,953 - mmdet - INFO - Epoch [5][300/1324]	lr: 1.000e-03, eta: 0:48:41, time: 2.972, data_time: 0.044, memory: 10536, noise_inv_loss: 0.0008, clean_loss_rpn_cls: 0.0142, clean_loss_rpn_bbox: 0.0143, clean_loss_cls: 0.0869, clean_acc: 96.8286, clean_loss_bbox: 0.1200, clean_loss_mask: 0.2525, loss_rpn_cls: 0.0255, loss_rpn_bbox: 0.0163, loss_cls: 0.1038, acc: 96.4404, loss_bbox: 0.1282, loss_mask: 0.3013, loss: 1.0637
2026-06-30 17:43:48,743 - mmdet - INFO - Epoch [5][350/1324]	lr: 1.000e-03, eta: 0:46:19, time: 2.916, data_time: 0.043, memory: 10536, noise_inv_loss: 0.0008, clean_loss_rpn_cls: 0.0139, clean_loss_rpn_bbox: 0.0127, clean_loss_cls: 0.0884, clean_acc: 96.7012, clean_loss_bbox: 0.1180, clean_loss_mask: 0.2570, loss_rpn_cls: 0.0239, loss_rpn_bbox: 0.0143, loss_cls: 0.1085, acc: 96.2388, loss_bbox: 0.1274, loss_mask: 0.3028, loss: 1.0675
2026-06-30 17:46:15,138 - mmdet - INFO - Epoch [5][400/1324]	lr: 1.000e-03, eta: 0:43:57, time: 2.928, data_time: 0.040, memory: 10536, noise_inv_loss: 0.0008, clean_loss_rpn_cls: 0.0120, clean_loss_rpn_bbox: 0.0128, clean_loss_cls: 0.0850, clean_acc: 96.7798, clean_loss_bbox: 0.1185, clean_loss_mask: 0.2591, loss_rpn_cls: 0.0243, loss_rpn_bbox: 0.0146, loss_cls: 0.1011, acc: 96.5059, loss_bbox: 0.1219, loss_mask: 0.2984, loss: 1.0487
2026-06-30 17:48:41,973 - mmdet - INFO - Epoch [5][450/1324]	lr: 1.000e-03, eta: 0:41:35, time: 2.937, data_time: 0.042, memory: 10866, noise_inv_loss: 0.0008, clean_loss_rpn_cls: 0.0169, clean_loss_rpn_bbox: 0.0167, clean_loss_cls: 0.0996, clean_acc: 96.2930, clean_loss_bbox: 0.1405, clean_loss_mask: 0.2590, loss_rpn_cls: 0.0292, loss_rpn_bbox: 0.0190, loss_cls: 0.1178, acc: 95.8291, loss_bbox: 0.1466, loss_mask: 0.2993, loss: 1.1453
2026-06-30 17:51:06,581 - mmdet - INFO - Epoch [5][500/1324]	lr: 1.000e-03, eta: 0:39:12, time: 2.892, data_time: 0.043, memory: 10866, noise_inv_loss: 0.0009, clean_loss_rpn_cls: 0.0143, clean_loss_rpn_bbox: 0.0153, clean_loss_cls: 0.0865, clean_acc: 96.7212, clean_loss_bbox: 0.1240, clean_loss_mask: 0.2610, loss_rpn_cls: 0.0283, loss_rpn_bbox: 0.0176, loss_cls: 0.1060, acc: 96.3667, loss_bbox: 0.1281, loss_mask: 0.3037, loss: 1.0857
2026-06-30 17:53:32,379 - mmdet - INFO - Epoch [5][550/1324]	lr: 1.000e-03, eta: 0:36:50, time: 2.916, data_time: 0.041, memory: 10866, noise_inv_loss: 0.0008, clean_loss_rpn_cls: 0.0154, clean_loss_rpn_bbox: 0.0150, clean_loss_cls: 0.0937, clean_acc: 96.5112, clean_loss_bbox: 0.1316, clean_loss_mask: 0.2613, loss_rpn_cls: 0.0264, loss_rpn_bbox: 0.0170, loss_cls: 0.1111, acc: 96.1040, loss_bbox: 0.1390, loss_mask: 0.3052, loss: 1.1165
2026-06-30 17:55:58,465 - mmdet - INFO - Epoch [5][600/1324]	lr: 1.000e-03, eta: 0:34:27, time: 2.922, data_time: 0.041, memory: 10866, noise_inv_loss: 0.0008, clean_loss_rpn_cls: 0.0143, clean_loss_rpn_bbox: 0.0139, clean_loss_cls: 0.0905, clean_acc: 96.6562, clean_loss_bbox: 0.1253, clean_loss_mask: 0.2528, loss_rpn_cls: 0.0255, loss_rpn_bbox: 0.0153, loss_cls: 0.1071, acc: 96.2930, loss_bbox: 0.1306, loss_mask: 0.2924, loss: 1.0685
2026-06-30 17:58:25,664 - mmdet - INFO - Epoch [5][650/1324]	lr: 1.000e-03, eta: 0:32:05, time: 2.944, data_time: 0.045, memory: 10866, noise_inv_loss: 0.0008, clean_loss_rpn_cls: 0.0160, clean_loss_rpn_bbox: 0.0162, clean_loss_cls: 0.0993, clean_acc: 96.3716, clean_loss_bbox: 0.1376, clean_loss_mask: 0.2720, loss_rpn_cls: 0.0264, loss_rpn_bbox: 0.0174, loss_cls: 0.1161, acc: 96.0444, loss_bbox: 0.1404, loss_mask: 0.3132, loss: 1.1554
2026-06-30 18:00:55,147 - mmdet - INFO - Epoch [5][700/1324]	lr: 1.000e-03, eta: 0:29:43, time: 2.990, data_time: 0.043, memory: 10866, noise_inv_loss: 0.0008, clean_loss_rpn_cls: 0.0135, clean_loss_rpn_bbox: 0.0138, clean_loss_cls: 0.0902, clean_acc: 96.5977, clean_loss_bbox: 0.1265, clean_loss_mask: 0.2703, loss_rpn_cls: 0.0255, loss_rpn_bbox: 0.0159, loss_cls: 0.1055, acc: 96.3687, loss_bbox: 0.1300, loss_mask: 0.3126, loss: 1.1045
2026-06-30 18:03:22,462 - mmdet - INFO - Epoch [5][750/1324]	lr: 1.000e-03, eta: 0:27:20, time: 2.946, data_time: 0.042, memory: 10866, noise_inv_loss: 0.0008, clean_loss_rpn_cls: 0.0134, clean_loss_rpn_bbox: 0.0131, clean_loss_cls: 0.0899, clean_acc: 96.5488, clean_loss_bbox: 0.1262, clean_loss_mask: 0.2578, loss_rpn_cls: 0.0237, loss_rpn_bbox: 0.0149, loss_cls: 0.1112, acc: 96.1152, loss_bbox: 0.1335, loss_mask: 0.3016, loss: 1.0860
2026-06-30 18:05:45,812 - mmdet - INFO - Epoch [5][800/1324]	lr: 1.000e-03, eta: 0:24:58, time: 2.867, data_time: 0.038, memory: 10866, noise_inv_loss: 0.0008, clean_loss_rpn_cls: 0.0126, clean_loss_rpn_bbox: 0.0130, clean_loss_cls: 0.0852, clean_acc: 96.7847, clean_loss_bbox: 0.1175, clean_loss_mask: 0.2641, loss_rpn_cls: 0.0245, loss_rpn_bbox: 0.0151, loss_cls: 0.1039, acc: 96.4521, loss_bbox: 0.1222, loss_mask: 0.3116, loss: 1.0706
2026-06-30 18:08:10,991 - mmdet - INFO - Epoch [5][850/1324]	lr: 1.000e-03, eta: 0:22:35, time: 2.904, data_time: 0.041, memory: 10866, noise_inv_loss: 0.0008, clean_loss_rpn_cls: 0.0159, clean_loss_rpn_bbox: 0.0150, clean_loss_cls: 0.0914, clean_acc: 96.5942, clean_loss_bbox: 0.1268, clean_loss_mask: 0.2542, loss_rpn_cls: 0.0260, loss_rpn_bbox: 0.0169, loss_cls: 0.1102, acc: 96.1167, loss_bbox: 0.1319, loss_mask: 0.2986, loss: 1.0876
2026-06-30 18:10:41,306 - mmdet - INFO - Epoch [5][900/1324]	lr: 1.000e-03, eta: 0:20:12, time: 3.006, data_time: 0.043, memory: 10866, noise_inv_loss: 0.0009, clean_loss_rpn_cls: 0.0163, clean_loss_rpn_bbox: 0.0175, clean_loss_cls: 0.1025, clean_acc: 96.1587, clean_loss_bbox: 0.1431, clean_loss_mask: 0.2680, loss_rpn_cls: 0.0311, loss_rpn_bbox: 0.0200, loss_cls: 0.1231, acc: 95.6890, loss_bbox: 0.1512, loss_mask: 0.3149, loss: 1.1887
2026-06-30 18:13:09,616 - mmdet - INFO - Epoch [5][950/1324]	lr: 1.000e-03, eta: 0:17:50, time: 2.966, data_time: 0.043, memory: 10866, noise_inv_loss: 0.0008, clean_loss_rpn_cls: 0.0148, clean_loss_rpn_bbox: 0.0181, clean_loss_cls: 0.1000, clean_acc: 96.1978, clean_loss_bbox: 0.1447, clean_loss_mask: 0.2680, loss_rpn_cls: 0.0274, loss_rpn_bbox: 0.0205, loss_cls: 0.1207, acc: 95.6938, loss_bbox: 0.1528, loss_mask: 0.3160, loss: 1.1839
2026-06-30 18:15:39,481 - mmdet - INFO - Epoch [5][1000/1324]	lr: 1.000e-03, eta: 0:15:27, time: 2.997, data_time: 0.042, memory: 10866, noise_inv_loss: 0.0009, clean_loss_rpn_cls: 0.0130, clean_loss_rpn_bbox: 0.0139, clean_loss_cls: 0.0889, clean_acc: 96.6748, clean_loss_bbox: 0.1213, clean_loss_mask: 0.2658, loss_rpn_cls: 0.0248, loss_rpn_bbox: 0.0162, loss_cls: 0.1089, acc: 96.2642, loss_bbox: 0.1275, loss_mask: 0.3117, loss: 1.0929
2026-06-30 18:18:05,513 - mmdet - INFO - Epoch [5][1050/1324]	lr: 1.000e-03, eta: 0:13:04, time: 2.921, data_time: 0.044, memory: 10866, noise_inv_loss: 0.0008, clean_loss_rpn_cls: 0.0149, clean_loss_rpn_bbox: 0.0152, clean_loss_cls: 0.0958, clean_acc: 96.4868, clean_loss_bbox: 0.1290, clean_loss_mask: 0.2707, loss_rpn_cls: 0.0305, loss_rpn_bbox: 0.0177, loss_cls: 0.1122, acc: 96.2065, loss_bbox: 0.1330, loss_mask: 0.3126, loss: 1.1324
2026-06-30 18:20:32,213 - mmdet - INFO - Epoch [5][1100/1324]	lr: 1.000e-03, eta: 0:10:41, time: 2.934, data_time: 0.041, memory: 10866, noise_inv_loss: 0.0008, clean_loss_rpn_cls: 0.0135, clean_loss_rpn_bbox: 0.0158, clean_loss_cls: 0.0928, clean_acc: 96.5181, clean_loss_bbox: 0.1334, clean_loss_mask: 0.2655, loss_rpn_cls: 0.0258, loss_rpn_bbox: 0.0182, loss_cls: 0.1110, acc: 96.1230, loss_bbox: 0.1381, loss_mask: 0.3096, loss: 1.1246
2026-06-30 18:22:59,105 - mmdet - INFO - Epoch [5][1150/1324]	lr: 1.000e-03, eta: 0:08:18, time: 2.938, data_time: 0.043, memory: 10866, noise_inv_loss: 0.0008, clean_loss_rpn_cls: 0.0129, clean_loss_rpn_bbox: 0.0145, clean_loss_cls: 0.0911, clean_acc: 96.6074, clean_loss_bbox: 0.1263, clean_loss_mask: 0.2696, loss_rpn_cls: 0.0251, loss_rpn_bbox: 0.0166, loss_cls: 0.1105, acc: 96.1934, loss_bbox: 0.1370, loss_mask: 0.3210, loss: 1.1254
2026-06-30 18:25:24,686 - mmdet - INFO - Epoch [5][1200/1324]	lr: 1.000e-03, eta: 0:05:55, time: 2.912, data_time: 0.040, memory: 10866, noise_inv_loss: 0.0009, clean_loss_rpn_cls: 0.0144, clean_loss_rpn_bbox: 0.0146, clean_loss_cls: 0.0948, clean_acc: 96.5322, clean_loss_bbox: 0.1266, clean_loss_mask: 0.2568, loss_rpn_cls: 0.0279, loss_rpn_bbox: 0.0166, loss_cls: 0.1127, acc: 96.2368, loss_bbox: 0.1321, loss_mask: 0.3010, loss: 1.0985
2026-06-30 18:27:51,878 - mmdet - INFO - Epoch [5][1250/1324]	lr: 1.000e-03, eta: 0:03:32, time: 2.944, data_time: 0.043, memory: 10866, noise_inv_loss: 0.0008, clean_loss_rpn_cls: 0.0152, clean_loss_rpn_bbox: 0.0143, clean_loss_cls: 0.0923, clean_acc: 96.6060, clean_loss_bbox: 0.1271, clean_loss_mask: 0.2713, loss_rpn_cls: 0.0262, loss_rpn_bbox: 0.0162, loss_cls: 0.1127, acc: 96.1152, loss_bbox: 0.1354, loss_mask: 0.3111, loss: 1.1227
2026-06-30 18:30:19,690 - mmdet - INFO - Epoch [5][1300/1324]	lr: 1.000e-03, eta: 0:01:08, time: 2.956, data_time: 0.044, memory: 10866, noise_inv_loss: 0.0008, clean_loss_rpn_cls: 0.0151, clean_loss_rpn_bbox: 0.0156, clean_loss_cls: 0.0905, clean_acc: 96.6523, clean_loss_bbox: 0.1260, clean_loss_mask: 0.2651, loss_rpn_cls: 0.0307, loss_rpn_bbox: 0.0183, loss_cls: 0.1074, acc: 96.3140, loss_bbox: 0.1299, loss_mask: 0.3088, loss: 1.1083
2026-06-30 18:31:27,273 - mmdet - INFO - Saving checkpoint at 5 epochs
2026-06-30 18:32:56,623 - mmdet - INFO - Evaluating bbox...
2026-06-30 18:32:58,147 - mmdet - INFO - 
+-----------+-------+-----------+-------+-------------+-------+
| category  | AP    | category  | AP    | category    | AP    |
+-----------+-------+-----------+-------+-------------+-------+
| bicycle   | 0.248 | chair     | 0.595 | diningtable | 0.220 |
| bottle    | 0.461 | motorbike | 0.325 | car         | 0.312 |
| tvmonitor | 0.118 | bus       | 0.296 | None        | None  |
+-----------+-------+-----------+-------+-------------+-------+
2026-06-30 18:32:58,148 - mmdet - INFO - Evaluating segm...
2026-06-30 18:33:01,274 - mmdet - INFO - 
+-----------+-------+-----------+-------+-------------+-------+
| category  | AP    | category  | AP    | category    | AP    |
+-----------+-------+-----------+-------+-------------+-------+
| bicycle   | 0.134 | chair     | 0.561 | diningtable | 0.156 |
| bottle    | 0.463 | motorbike | 0.318 | car         | 0.146 |
| tvmonitor | 0.037 | bus       | 0.306 | None        | None  |
+-----------+-------+-----------+-------+-------------+-------+
2026-06-30 18:33:01,322 - mmdet - INFO - Exp name: train_kaggle.py
2026-06-30 18:33:01,324 - mmdet - INFO - Epoch(val) [5][669]	bbox_mAP: 0.3220, bbox_mAP_50: 0.5150, bbox_mAP_75: 0.3390, bbox_mAP_s: 0.0000, bbox_mAP_m: 0.0850, bbox_mAP_l: 0.3930, bbox_mAP_copypaste: 0.322 0.515 0.339 0.000 0.085 0.393, segm_mAP: 0.2650, segm_mAP_50: 0.4650, segm_mAP_75: 0.2590, segm_mAP_s: 0.0000, segm_mAP_m: 0.0640, segm_mAP_l: 0.3340, segm_mAP_copypaste: 0.265 0.465 0.259 0.000 0.064 0.334
