2026-06-30 11:36:54,289 - mmdet - INFO - Environment info:
------------------------------------------------------------
sys.platform: linux
Python: 3.12.13 (main, Mar  4 2026, 09:23:07) [GCC 11.4.0]
CUDA available: True
GPU 0: Tesla T4
CUDA_HOME: /usr/local/cuda
NVCC: Cuda compilation tools, release 12.8, V12.8.93
GCC: x86_64-linux-gnu-gcc (Ubuntu 11.4.0-1ubuntu1~22.04.3) 11.4.0
PyTorch: 2.11.0+cu128
PyTorch compiling details: PyTorch built with:
  - GCC 13.3
  - C++ Version: 201703
  - Intel(R) oneAPI Math Kernel Library Version 2024.2-Product Build 20240605 for Intel(R) 64 architecture applications
  - Intel(R) MKL-DNN v3.10.2 (Git Hash f1d471933dc852f956fd05389f9313c7148783d5)
  - OpenMP 201511 (a.k.a. OpenMP 4.5)
  - LAPACK is enabled (usually provided by MKL)
  - NNPACK is enabled
  - CPU capability usage: AVX512
  - CUDA Runtime 12.8
  - NVCC architecture flags: -gencode;arch=compute_75,code=sm_75;-gencode;arch=compute_80,code=sm_80;-gencode;arch=compute_86,code=sm_86;-gencode;arch=compute_90,code=sm_90;-gencode;arch=compute_100,code=sm_100;-gencode;arch=compute_120,code=sm_120
  - CuDNN 91.9  (built against CUDA 12.9)
  - Magma 2.6.1
  - Build settings: BLAS_INFO=mkl, BUILD_TYPE=Release, COMMIT_SHA=70d99e998b4955e0049d13a98d77ae1b14db1f45, CUDA_VERSION=12.8, CUDNN_VERSION=9.19.0, CXX_COMPILER=/opt/rh/gcc-toolset-13/root/usr/bin/c++, CXX_FLAGS= -fvisibility-inlines-hidden -DUSE_PTHREADPOOL -DNDEBUG -DUSE_KINETO -DLIBKINETO_NOROCTRACER -DLIBKINETO_NOXPUPTI=ON -DUSE_FBGEMM -DUSE_MSLK -DUSE_PYTORCH_QNNPACK -DUSE_XNNPACK -DSYMBOLICATE_MOBILE_DEBUG_HANDLE -O2 -fPIC -DC10_NODEPRECATED -Wall -Wextra -Werror=return-type -Werror=non-virtual-dtor -Werror=range-loop-construct -Werror=bool-operation -Wnarrowing -Wno-missing-field-initializers -Wno-unknown-pragmas -Wno-unused-parameter -Wno-strict-overflow -Wno-strict-aliasing -Wno-stringop-overflow -Wsuggest-override -Wno-psabi -Wno-error=old-style-cast -faligned-new -Wno-maybe-uninitialized -fno-math-errno -fno-trapping-math -Werror=format -Wno-dangling-reference -Wno-error=dangling-reference -Wno-stringop-overflow, LAPACK_INFO=mkl, PERF_WITH_AVX=1, PERF_WITH_AVX2=1, TORCH_VERSION=2.11.0, USE_CUDA=ON, USE_CUDNN=ON, USE_CUSPARSELT=1, USE_GFLAGS=OFF, USE_GLOG=OFF, USE_GLOO=ON, USE_MKL=ON, USE_MKLDNN=ON, USE_MPI=OFF, USE_NCCL=1, USE_NNPACK=ON, USE_OPENMP=ON, USE_ROCM=OFF, USE_ROCM_KERNEL_ASSERT=OFF, USE_XCCL=OFF, USE_XPU=OFF, 

TorchVision: 0.26.0+cu128
OpenCV: 4.13.0
MMCV: 1.7.2
MMCV Compiler: GCC 11.4
MMCV CUDA Compiler: 12.8
MMDetection: 2.15.1+df1d8a6
------------------------------------------------------------

2026-06-30 11:36:54,897 - mmdet - INFO - Distributed training: False
2026-06-30 11:36:55,138 - mmdet - INFO - Config:
dataset_type = 'CocoDataset'
data_root = 'data/coco/'
img_norm_cfg = dict(
    mean=[103.53, 116.28, 123.675], std=[1.0, 1.0, 1.0], to_rgb=False)
train_pipeline = [
    dict(type='LoadImageFromFile'),
    dict(
        type='LoadAnnotations',
        with_bbox=True,
        with_mask=True,
        poly2mask=False),
    dict(type='GenerateEdgeTargets'),
    dict(
        type='Resize',
        img_scale=(600, 400),
        keep_ratio=True,
        interpolate_mode='nearest'),
    dict(type='RandomFlip', flip_ratio=0.5),
    dict(
        type='AddNoisyImg',
        model='PGRU',
        camera='CanonEOS5D4',
        cfa='bayer',
        use_255=True,
        pre_adjust_brightness=False,
        mode='unprocess_addnoise',
        dark_ratio=(1.0, 1.0),
        noise_ratio=(10, 100)),
    dict(
        type='Normalize',
        mean=[103.53, 116.28, 123.675],
        std=[1.0, 1.0, 1.0],
        to_rgb=False),
    dict(type='Pad', size_divisor=32),
    dict(type='DefaultFormatBundle'),
    dict(
        type='Collect',
        keys=[
            'img', 'noisy_img', 'gt_bboxes', 'gt_labels', 'gt_masks',
            'gt_edges'
        ])
]
test_pipeline = [
    dict(type='LoadImageFromFile'),
    dict(
        type='MultiScaleFlipAug',
        img_scale=(600, 400),
        flip=False,
        transforms=[
            dict(type='Resize', keep_ratio=True, interpolate_mode='nearest'),
            dict(type='RandomFlip'),
            dict(
                type='Normalize',
                mean=[103.53, 116.28, 123.675],
                std=[1.0, 1.0, 1.0],
                to_rgb=False),
            dict(type='Pad', size_divisor=32),
            dict(type='ImageToTensor', keys=['img']),
            dict(type='Collect', keys=['img'])
        ])
]
test_lod_coco = dict(
    classes=('bicycle', 'car', 'motorbike', 'bus', 'bottle', 'chair',
             'diningtable', 'tvmonitor'),
    type='CocoDataset',
    ann_file='data/eallis/annotations/eallis_coco_JPG_test+1.json',
    img_prefix='data/eallis/',
    pipeline=[
        dict(type='LoadImageFromFile'),
        dict(
            type='MultiScaleFlipAug',
            img_scale=(600, 400),
            flip=False,
            transforms=[
                dict(
                    type='Resize', keep_ratio=True,
                    interpolate_mode='nearest'),
                dict(type='RandomFlip'),
                dict(
                    type='Normalize',
                    mean=[103.53, 116.28, 123.675],
                    std=[1.0, 1.0, 1.0],
                    to_rgb=False),
                dict(type='Pad', size_divisor=32),
                dict(type='ImageToTensor', keys=['img']),
                dict(type='Collect', keys=['img'])
            ])
    ])
train_eallis = dict(
    classes=('bicycle', 'car', 'motorbike', 'bus', 'bottle', 'chair',
             'diningtable', 'tvmonitor'),
    type='CocoDataset',
    ann_file='data/eallis/annotations/eallis_coco_JPG_train+1.json',
    img_prefix='data/eallis/',
    pipeline=[
        dict(type='LoadImageFromFile'),
        dict(
            type='LoadAnnotations',
            with_bbox=True,
            with_mask=True,
            poly2mask=False),
        dict(type='GenerateEdgeTargets'),
        dict(
            type='Resize',
            img_scale=(600, 400),
            keep_ratio=True,
            interpolate_mode='nearest'),
        dict(type='RandomFlip', flip_ratio=0.5),
        dict(
            type='AddNoisyImg',
            model='PGRU',
            camera='CanonEOS5D4',
            cfa='bayer',
            use_255=True,
            pre_adjust_brightness=False,
            mode='unprocess_addnoise',
            dark_ratio=(1.0, 1.0),
            noise_ratio=(10, 100)),
        dict(
            type='Normalize',
            mean=[103.53, 116.28, 123.675],
            std=[1.0, 1.0, 1.0],
            to_rgb=False),
        dict(type='Pad', size_divisor=32),
        dict(type='DefaultFormatBundle'),
        dict(
            type='Collect',
            keys=[
                'img', 'noisy_img', 'gt_bboxes', 'gt_labels', 'gt_masks',
                'gt_edges'
            ])
    ])
coco = dict(
    classes=('bicycle', 'chair', 'dining table', 'bottle', 'motorcycle', 'car',
             'tv', 'bus'),
    type='CocoDataset',
    ann_file='data/coco_subset/instances_train2017_subset.json',
    img_prefix='data/coco/train2017/',
    pipeline=[
        dict(type='LoadImageFromFile'),
        dict(
            type='LoadAnnotations',
            with_bbox=True,
            with_mask=True,
            poly2mask=False),
        dict(type='GenerateEdgeTargets'),
        dict(
            type='Resize',
            img_scale=(600, 400),
            keep_ratio=True,
            interpolate_mode='nearest'),
        dict(type='RandomFlip', flip_ratio=0.5),
        dict(
            type='AddNoisyImg',
            model='PGRU',
            camera='CanonEOS5D4',
            cfa='bayer',
            use_255=True,
            pre_adjust_brightness=False,
            mode='unprocess_addnoise',
            dark_ratio=(1.0, 1.0),
            noise_ratio=(10, 100)),
        dict(
            type='Normalize',
            mean=[103.53, 116.28, 123.675],
            std=[1.0, 1.0, 1.0],
            to_rgb=False),
        dict(type='Pad', size_divisor=32),
        dict(type='DefaultFormatBundle'),
        dict(
            type='Collect',
            keys=[
                'img', 'noisy_img', 'gt_bboxes', 'gt_labels', 'gt_masks',
                'gt_edges'
            ])
    ])
coco_val = dict(
    classes=('bicycle', 'chair', 'dining table', 'bottle', 'motorcycle', 'car',
             'tv', 'bus'),
    type='CocoDataset',
    ann_file='data/coco/annotations/instances_val2017.json',
    img_prefix='data/coco/val2017/',
    pipeline=[
        dict(type='LoadImageFromFile'),
        dict(
            type='MultiScaleFlipAug',
            img_scale=(600, 400),
            flip=False,
            transforms=[
                dict(
                    type='Resize', keep_ratio=True,
                    interpolate_mode='nearest'),
                dict(type='RandomFlip'),
                dict(
                    type='Normalize',
                    mean=[103.53, 116.28, 123.675],
                    std=[1.0, 1.0, 1.0],
                    to_rgb=False),
                dict(type='Pad', size_divisor=32),
                dict(type='ImageToTensor', keys=['img']),
                dict(type='Collect', keys=['img'])
            ])
    ])
BATCHSIZE = 8
GPU = 1
data = dict(
    samples_per_gpu=8,
    workers_per_gpu=4,
    train=[
        dict(
            classes=('bicycle', 'chair', 'dining table', 'bottle',
                     'motorcycle', 'car', 'tv', 'bus'),
            type='CocoDataset',
            ann_file='data/coco_subset/instances_train2017_subset.json',
            img_prefix='data/coco/train2017/',
            pipeline=[
                dict(type='LoadImageFromFile'),
                dict(
                    type='LoadAnnotations',
                    with_bbox=True,
                    with_mask=True,
                    poly2mask=False),
                dict(type='GenerateEdgeTargets'),
                dict(
                    type='Resize',
                    img_scale=(600, 400),
                    keep_ratio=True,
                    interpolate_mode='nearest'),
                dict(type='RandomFlip', flip_ratio=0.5),
                dict(
                    type='AddNoisyImg',
                    model='PGRU',
                    camera='CanonEOS5D4',
                    cfa='bayer',
                    use_255=True,
                    pre_adjust_brightness=False,
                    mode='unprocess_addnoise',
                    dark_ratio=(1.0, 1.0),
                    noise_ratio=(10, 100)),
                dict(
                    type='Normalize',
                    mean=[103.53, 116.28, 123.675],
                    std=[1.0, 1.0, 1.0],
                    to_rgb=False),
                dict(type='Pad', size_divisor=32),
                dict(type='DefaultFormatBundle'),
                dict(
                    type='Collect',
                    keys=[
                        'img', 'noisy_img', 'gt_bboxes', 'gt_labels',
                        'gt_masks', 'gt_edges'
                    ])
            ])
    ],
    val=dict(
        classes=('bicycle', 'car', 'motorbike', 'bus', 'bottle', 'chair',
                 'diningtable', 'tvmonitor'),
        type='CocoDataset',
        ann_file='data/eallis/annotations/eallis_coco_JPG_test+1.json',
        img_prefix='data/eallis/',
        pipeline=[
            dict(type='LoadImageFromFile'),
            dict(
                type='MultiScaleFlipAug',
                img_scale=(600, 400),
                flip=False,
                transforms=[
                    dict(
                        type='Resize',
                        keep_ratio=True,
                        interpolate_mode='nearest'),
                    dict(type='RandomFlip'),
                    dict(
                        type='Normalize',
                        mean=[103.53, 116.28, 123.675],
                        std=[1.0, 1.0, 1.0],
                        to_rgb=False),
                    dict(type='Pad', size_divisor=32),
                    dict(type='ImageToTensor', keys=['img']),
                    dict(type='Collect', keys=['img'])
                ])
        ]),
    test=dict(
        classes=('bicycle', 'car', 'motorbike', 'bus', 'bottle', 'chair',
                 'diningtable', 'tvmonitor'),
        type='CocoDataset',
        ann_file='data/eallis/annotations/eallis_coco_JPG_test+1.json',
        img_prefix='data/eallis/',
        pipeline=[
            dict(type='LoadImageFromFile'),
            dict(
                type='MultiScaleFlipAug',
                img_scale=(600, 400),
                flip=False,
                transforms=[
                    dict(
                        type='Resize',
                        keep_ratio=True,
                        interpolate_mode='nearest'),
                    dict(type='RandomFlip'),
                    dict(
                        type='Normalize',
                        mean=[103.53, 116.28, 123.675],
                        std=[1.0, 1.0, 1.0],
                        to_rgb=False),
                    dict(type='Pad', size_divisor=32),
                    dict(type='ImageToTensor', keys=['img']),
                    dict(type='Collect', keys=['img'])
                ])
        ]))
evaluation = dict(interval=1, metric=['bbox', 'segm'], save_best='bbox_mAP')
optimizer = dict(
    type='SGD',
    lr=0.01,
    momentum=0.9,
    weight_decay=0.0001,
    paramwise_cfg=dict(
        custom_keys=dict(
            llpf=dict(lr_mult=2.0),
            learnable_conv1=dict(lr_mult=2.0),
            AdaD=dict(lr_mult=2.0))))
optimizer_config = dict(grad_clip=None)
lr_config = dict(
    policy='step',
    warmup='linear',
    warmup_iters=500,
    warmup_ratio=0.001,
    step=[3])
runner = dict(type='EpochBasedRunner', max_epochs=5)
checkpoint_config = dict(interval=5, max_keep_ckpts=2)
log_config = dict(interval=50, hooks=[dict(type='TextLoggerHook')])
custom_hooks = [dict(type='NumClassCheckHook')]
dist_params = dict(backend='nccl')
log_level = 'INFO'
work_dir = '/content/drive/MyDrive/Ablation/illum'
load_from = '/content/drive/MyDrive/EALLIS_checkpoints/Checkpoint1.pth'
resume_from = None
gpu_ids = range(0, 1)
seed = 42
workflow = [('train', 1)]
find_unused_parameters = True
model = dict(
    type='MaskRCNNNoiseInv',
    backbone=dict(
        type='ResNet',
        depth=50,
        num_stages=4,
        out_indices=(0, 1, 2, 3),
        frozen_stages=1,
        norm_cfg=dict(type='BN', requires_grad=True),
        norm_eval=True,
        style='caffe',
        init_cfg=dict(
            type='Pretrained',
            checkpoint='open-mmlab://detectron2/resnet50_caffe'),
        use_eallis=True,
        use_edge=False),
    neck=dict(
        type='FPN',
        in_channels=[256, 512, 1024, 2048],
        out_channels=256,
        num_outs=5),
    rpn_head=dict(
        type='RPNHead',
        in_channels=256,
        feat_channels=256,
        anchor_generator=dict(
            type='AnchorGenerator',
            scales=[8],
            ratios=[0.5, 1.0, 2.0],
            strides=[4, 8, 16, 32, 64]),
        bbox_coder=dict(
            type='DeltaXYWHBBoxCoder',
            target_means=[0.0, 0.0, 0.0, 0.0],
            target_stds=[1.0, 1.0, 1.0, 1.0]),
        loss_cls=dict(
            type='CrossEntropyLoss', use_sigmoid=True, loss_weight=1.0),
        loss_bbox=dict(type='L1Loss', loss_weight=1.0)),
    roi_head=dict(
        type='StandardRoIHead',
        bbox_roi_extractor=dict(
            type='SingleRoIExtractor',
            roi_layer=dict(type='RoIAlign', output_size=7, sampling_ratio=0),
            out_channels=256,
            featmap_strides=[4, 8, 16, 32]),
        bbox_head=dict(
            type='Shared2FCBBoxHead',
            in_channels=256,
            fc_out_channels=1024,
            roi_feat_size=7,
            num_classes=8,
            bbox_coder=dict(
                type='DeltaXYWHBBoxCoder',
                target_means=[0.0, 0.0, 0.0, 0.0],
                target_stds=[0.1, 0.1, 0.2, 0.2]),
            reg_class_agnostic=False,
            loss_cls=dict(
                type='CrossEntropyLoss', use_sigmoid=False, loss_weight=1.0),
            loss_bbox=dict(type='L1Loss', loss_weight=1.0)),
        mask_roi_extractor=dict(
            type='SingleRoIExtractor',
            roi_layer=dict(type='RoIAlign', output_size=14, sampling_ratio=0),
            out_channels=256,
            featmap_strides=[4, 8, 16, 32]),
        mask_head=dict(
            type='FCNMaskHead',
            num_convs=4,
            in_channels=256,
            conv_out_channels=256,
            num_classes=8,
            loss_mask=dict(
                type='CrossEntropyLoss', use_mask=True, loss_weight=1.0))),
    train_cfg=dict(
        rpn=dict(
            assigner=dict(
                type='MaxIoUAssigner',
                pos_iou_thr=0.7,
                neg_iou_thr=0.3,
                min_pos_iou=0.3,
                match_low_quality=True,
                ignore_iof_thr=-1),
            sampler=dict(
                type='RandomSampler',
                num=256,
                pos_fraction=0.5,
                neg_pos_ub=-1,
                add_gt_as_proposals=False),
            allowed_border=-1,
            pos_weight=-1,
            debug=False),
        rpn_proposal=dict(
            nms_pre=2000,
            max_per_img=1000,
            nms=dict(type='nms', iou_threshold=0.7),
            min_bbox_size=0),
        rcnn=dict(
            assigner=dict(
                type='MaxIoUAssigner',
                pos_iou_thr=0.5,
                neg_iou_thr=0.5,
                min_pos_iou=0.5,
                match_low_quality=True,
                ignore_iof_thr=-1),
            sampler=dict(
                type='RandomSampler',
                num=512,
                pos_fraction=0.25,
                neg_pos_ub=-1,
                add_gt_as_proposals=True),
            mask_size=28,
            pos_weight=-1,
            debug=False)),
    test_cfg=dict(
        rpn=dict(
            nms_pre=1000,
            max_per_img=1000,
            nms=dict(type='nms', iou_threshold=0.7),
            min_bbox_size=0),
        rcnn=dict(
            score_thr=0.05,
            nms=dict(type='nms', iou_threshold=0.5),
            max_per_img=100,
            mask_thr_binary=0.5)))
edge_loss = dict(type='EdgeLoss', loss_weight=1.0)
custom_imports = dict(
    imports=[
        'mmdetection_custom_part.mmdet.datasets.pipelines.edge_target',
        'mmdetection_custom_part.mmdet.models.backbones.resnet'
    ],
    allow_failed_imports=False)

2026-06-30 11:36:55,139 - mmdet - INFO - Set random seed to 42, deterministic: False
2026-06-30 11:37:03,826 - mmdet - INFO - load checkpoint from local path: /content/drive/MyDrive/EALLIS_checkpoints/Checkpoint1.pth
2026-06-30 11:37:13,866 - mmdet - WARNING - The model and loaded state dict do not match exactly

unexpected key in source state_dict: backbone.AdaD.1.weight_net.0.weight, backbone.AdaD.1.weight_net.1.weight, backbone.AdaD.1.weight_net.1.bias, backbone.AdaD.1.weight_net.1.running_mean, backbone.AdaD.1.weight_net.1.running_var, backbone.AdaD.1.weight_net.1.num_batches_tracked, backbone.AdaD.1.channel_net.1.weight, backbone.AdaD.1.channel_net.3.weight, backbone.AdaD.2.weight_net.0.weight, backbone.AdaD.2.weight_net.1.weight, backbone.AdaD.2.weight_net.1.bias, backbone.AdaD.2.weight_net.1.running_mean, backbone.AdaD.2.weight_net.1.running_var, backbone.AdaD.2.weight_net.1.num_batches_tracked, backbone.AdaD.2.channel_net.1.weight, backbone.AdaD.2.channel_net.3.weight, backbone.AdaD.3.weight_net.0.weight, backbone.AdaD.3.weight_net.1.weight, backbone.AdaD.3.weight_net.1.bias, backbone.AdaD.3.weight_net.1.running_mean, backbone.AdaD.3.weight_net.1.running_var, backbone.AdaD.3.weight_net.1.num_batches_tracked, backbone.AdaD.3.channel_net.1.weight, backbone.AdaD.3.channel_net.3.weight, backbone.layer2.0.llpf.weight, backbone.layer2.0.learnable_conv1.weight, backbone.layer2.1.llpf.weight, backbone.layer2.1.learnable_conv1.weight, backbone.layer2.2.llpf.weight, backbone.layer2.2.learnable_conv1.weight, backbone.layer2.3.llpf.weight, backbone.layer2.3.learnable_conv1.weight, backbone.layer3.0.llpf.weight, backbone.layer3.0.learnable_conv1.weight, backbone.layer3.1.llpf.weight, backbone.layer3.1.learnable_conv1.weight, backbone.layer3.2.llpf.weight, backbone.layer3.2.learnable_conv1.weight, backbone.layer3.3.llpf.weight, backbone.layer3.3.learnable_conv1.weight, backbone.layer3.4.llpf.weight, backbone.layer3.4.learnable_conv1.weight, backbone.layer3.5.llpf.weight, backbone.layer3.5.learnable_conv1.weight, backbone.layer4.0.llpf.weight, backbone.layer4.0.learnable_conv1.weight, backbone.layer4.1.llpf.weight, backbone.layer4.1.learnable_conv1.weight, backbone.layer4.2.llpf.weight, backbone.layer4.2.learnable_conv1.weight

missing keys in source state_dict: backbone.eallis_c3.illum.channel_mlp.0.weight, backbone.eallis_c3.illum.channel_mlp.0.bias, backbone.eallis_c3.illum.channel_mlp.2.weight, backbone.eallis_c3.illum.channel_mlp.2.bias, backbone.eallis_c3.illum.spatial_conv.0.weight, backbone.eallis_c3.illum.spatial_conv.0.bias, backbone.eallis_c3.illum.spatial_conv.1.weight, backbone.eallis_c3.illum.spatial_conv.1.bias, backbone.eallis_c3.rectifier.conv1.weight, backbone.eallis_c3.rectifier.conv1.bias, backbone.eallis_c3.rectifier.conv2.weight, backbone.eallis_c3.rectifier.conv2.bias, backbone.eallis_c3.rectifier.gate.0.weight, backbone.eallis_c3.rectifier.gate.0.bias, backbone.eallis_c4.illum.channel_mlp.0.weight, backbone.eallis_c4.illum.channel_mlp.0.bias, backbone.eallis_c4.illum.channel_mlp.2.weight, backbone.eallis_c4.illum.channel_mlp.2.bias, backbone.eallis_c4.illum.spatial_conv.0.weight, backbone.eallis_c4.illum.spatial_conv.0.bias, backbone.eallis_c4.illum.spatial_conv.1.weight, backbone.eallis_c4.illum.spatial_conv.1.bias, backbone.eallis_c4.rectifier.conv1.weight, backbone.eallis_c4.rectifier.conv1.bias, backbone.eallis_c4.rectifier.conv2.weight, backbone.eallis_c4.rectifier.conv2.bias, backbone.eallis_c4.rectifier.gate.0.weight, backbone.eallis_c4.rectifier.gate.0.bias

2026-06-30 11:37:13,884 - mmdet - INFO - Start running, host: root@b7a7099477b1, work_dir: /content/drive/MyDrive/Ablation/illum
2026-06-30 11:37:13,884 - mmdet - INFO - Hooks will be executed in the following order:
before_run:
(VERY_HIGH   ) StepLrUpdaterHook                  
(NORMAL      ) CheckpointHook                     
(NORMAL      ) EvalHook                           
(VERY_LOW    ) TextLoggerHook                     
 -------------------- 
before_train_epoch:
(VERY_HIGH   ) StepLrUpdaterHook                  
(NORMAL      ) EvalHook                           
(NORMAL      ) NumClassCheckHook                  
(LOW         ) IterTimerHook                      
(VERY_LOW    ) TextLoggerHook                     
 -------------------- 
before_train_iter:
(VERY_HIGH   ) StepLrUpdaterHook                  
(NORMAL      ) EvalHook                           
(LOW         ) IterTimerHook                      
 -------------------- 
after_train_iter:
(ABOVE_NORMAL) OptimizerHook                      
(NORMAL      ) CheckpointHook                     
(NORMAL      ) EvalHook                           
(LOW         ) IterTimerHook                      
(VERY_LOW    ) TextLoggerHook                     
 -------------------- 
after_train_epoch:
(NORMAL      ) CheckpointHook                     
(NORMAL      ) EvalHook                           
(VERY_LOW    ) TextLoggerHook                     
 -------------------- 
before_val_epoch:
(NORMAL      ) NumClassCheckHook                  
(LOW         ) IterTimerHook                      
(VERY_LOW    ) TextLoggerHook                     
 -------------------- 
before_val_iter:
(LOW         ) IterTimerHook                      
 -------------------- 
after_val_iter:
(LOW         ) IterTimerHook                      
 -------------------- 
after_val_epoch:
(VERY_LOW    ) TextLoggerHook                     
 -------------------- 
after_run:
(VERY_LOW    ) TextLoggerHook                     
 -------------------- 
2026-06-30 11:37:13,885 - mmdet - INFO - workflow: [('train', 1)], max: 5 epochs
2026-06-30 11:37:13,885 - mmdet - INFO - Checkpoints will be saved to /content/drive/MyDrive/Ablation/illum by HardDiskBackend.
2026-06-30 11:39:41,636 - mmdet - INFO - Epoch [1][50/1324]	lr: 9.890e-04, eta: 5:23:18, time: 2.953, data_time: 0.163, memory: 9033, noise_inv_loss: 0.0008, clean_loss_rpn_cls: 0.0561, clean_loss_rpn_bbox: 0.0218, clean_loss_cls: 0.1424, clean_acc: 95.3530, clean_loss_bbox: 0.1495, clean_loss_mask: 0.3384, loss_rpn_cls: 0.0701, loss_rpn_bbox: 0.0229, loss_cls: 0.1472, acc: 95.6665, loss_bbox: 0.1398, loss_mask: 0.3836, loss: 1.4724
2026-06-30 11:42:06,683 - mmdet - INFO - Epoch [1][100/1324]	lr: 1.988e-03, eta: 5:18:02, time: 2.901, data_time: 0.041, memory: 9504, noise_inv_loss: 0.0008, clean_loss_rpn_cls: 0.0339, clean_loss_rpn_bbox: 0.0183, clean_loss_cls: 0.1283, clean_acc: 95.4521, clean_loss_bbox: 0.1444, clean_loss_mask: 0.2942, loss_rpn_cls: 0.0484, loss_rpn_bbox: 0.0202, loss_cls: 0.1408, acc: 95.4717, loss_bbox: 0.1462, loss_mask: 0.3319, loss: 1.3074
2026-06-30 11:44:30,211 - mmdet - INFO - Epoch [1][150/1324]	lr: 2.987e-03, eta: 5:13:34, time: 2.871, data_time: 0.039, memory: 9504, noise_inv_loss: 0.0008, clean_loss_rpn_cls: 0.0296, clean_loss_rpn_bbox: 0.0179, clean_loss_cls: 0.1225, clean_acc: 95.6333, clean_loss_bbox: 0.1373, clean_loss_mask: 0.2963, loss_rpn_cls: 0.0434, loss_rpn_bbox: 0.0195, loss_cls: 0.1351, acc: 95.5684, loss_bbox: 0.1393, loss_mask: 0.3432, loss: 1.2850
2026-06-30 11:46:53,278 - mmdet - INFO - Epoch [1][200/1324]	lr: 3.986e-03, eta: 5:09:54, time: 2.861, data_time: 0.038, memory: 9504, noise_inv_loss: 0.0008, clean_loss_rpn_cls: 0.0253, clean_loss_rpn_bbox: 0.0159, clean_loss_cls: 0.1152, clean_acc: 95.8706, clean_loss_bbox: 0.1314, clean_loss_mask: 0.3053, loss_rpn_cls: 0.0370, loss_rpn_bbox: 0.0177, loss_cls: 0.1303, acc: 95.6450, loss_bbox: 0.1344, loss_mask: 0.3441, loss: 1.2575
2026-06-30 11:49:18,453 - mmdet - INFO - Epoch [1][250/1324]	lr: 4.985e-03, eta: 5:07:38, time: 2.903, data_time: 0.040, memory: 9727, noise_inv_loss: 0.0008, clean_loss_rpn_cls: 0.0301, clean_loss_rpn_bbox: 0.0205, clean_loss_cls: 0.1267, clean_acc: 95.5376, clean_loss_bbox: 0.1499, clean_loss_mask: 0.3081, loss_rpn_cls: 0.0437, loss_rpn_bbox: 0.0226, loss_cls: 0.1437, acc: 95.3813, loss_bbox: 0.1500, loss_mask: 0.3484, loss: 1.3446
2026-06-30 11:51:40,388 - mmdet - INFO - Epoch [1][300/1324]	lr: 5.984e-03, eta: 5:04:11, time: 2.839, data_time: 0.038, memory: 9727, noise_inv_loss: 0.0008, clean_loss_rpn_cls: 0.0307, clean_loss_rpn_bbox: 0.0191, clean_loss_cls: 0.1165, clean_acc: 95.9575, clean_loss_bbox: 0.1339, clean_loss_mask: 0.3114, loss_rpn_cls: 0.0457, loss_rpn_bbox: 0.0213, loss_cls: 0.1333, acc: 95.7959, loss_bbox: 0.1360, loss_mask: 0.3604, loss: 1.3092
2026-06-30 11:54:03,108 - mmdet - INFO - Epoch [1][350/1324]	lr: 6.983e-03, eta: 5:01:17, time: 2.854, data_time: 0.037, memory: 9727, noise_inv_loss: 0.0008, clean_loss_rpn_cls: 0.0271, clean_loss_rpn_bbox: 0.0166, clean_loss_cls: 0.1169, clean_acc: 95.9038, clean_loss_bbox: 0.1340, clean_loss_mask: 0.2937, loss_rpn_cls: 0.0395, loss_rpn_bbox: 0.0185, loss_cls: 0.1339, acc: 95.6855, loss_bbox: 0.1361, loss_mask: 0.3417, loss: 1.2589
2026-06-30 11:56:25,394 - mmdet - INFO - Epoch [1][400/1324]	lr: 7.982e-03, eta: 4:58:23, time: 2.846, data_time: 0.036, memory: 9727, noise_inv_loss: 0.0008, clean_loss_rpn_cls: 0.0303, clean_loss_rpn_bbox: 0.0170, clean_loss_cls: 0.1145, clean_acc: 96.1157, clean_loss_bbox: 0.1263, clean_loss_mask: 0.3053, loss_rpn_cls: 0.0423, loss_rpn_bbox: 0.0189, loss_cls: 0.1308, acc: 95.9214, loss_bbox: 0.1286, loss_mask: 0.3516, loss: 1.2664
2026-06-30 11:58:52,634 - mmdet - INFO - Epoch [1][450/1324]	lr: 8.981e-03, eta: 4:56:45, time: 2.945, data_time: 0.039, memory: 9727, noise_inv_loss: 0.0008, clean_loss_rpn_cls: 0.0270, clean_loss_rpn_bbox: 0.0175, clean_loss_cls: 0.1292, clean_acc: 95.5166, clean_loss_bbox: 0.1425, clean_loss_mask: 0.3016, loss_rpn_cls: 0.0397, loss_rpn_bbox: 0.0193, loss_cls: 0.1420, acc: 95.5010, loss_bbox: 0.1415, loss_mask: 0.3377, loss: 1.2988
2026-06-30 12:01:19,251 - mmdet - INFO - Epoch [1][500/1324]	lr: 9.980e-03, eta: 4:54:49, time: 2.932, data_time: 0.038, memory: 9727, noise_inv_loss: 0.0008, clean_loss_rpn_cls: 0.0316, clean_loss_rpn_bbox: 0.0191, clean_loss_cls: 0.1295, clean_acc: 95.5586, clean_loss_bbox: 0.1372, clean_loss_mask: 0.3081, loss_rpn_cls: 0.0440, loss_rpn_bbox: 0.0209, loss_cls: 0.1446, acc: 95.5352, loss_bbox: 0.1389, loss_mask: 0.3532, loss: 1.3280
2026-06-30 12:03:42,083 - mmdet - INFO - Epoch [1][550/1324]	lr: 1.000e-02, eta: 4:52:06, time: 2.857, data_time: 0.040, memory: 9727, noise_inv_loss: 0.0008, clean_loss_rpn_cls: 0.0323, clean_loss_rpn_bbox: 0.0176, clean_loss_cls: 0.1238, clean_acc: 95.6157, clean_loss_bbox: 0.1376, clean_loss_mask: 0.3185, loss_rpn_cls: 0.0466, loss_rpn_bbox: 0.0192, loss_cls: 0.1389, acc: 95.6284, loss_bbox: 0.1361, loss_mask: 0.3588, loss: 1.3304
2026-06-30 12:06:08,102 - mmdet - INFO - Epoch [1][600/1324]	lr: 1.000e-02, eta: 4:49:58, time: 2.920, data_time: 0.037, memory: 9727, noise_inv_loss: 0.0008, clean_loss_rpn_cls: 0.0344, clean_loss_rpn_bbox: 0.0214, clean_loss_cls: 0.1354, clean_acc: 95.3081, clean_loss_bbox: 0.1530, clean_loss_mask: 0.3234, loss_rpn_cls: 0.0492, loss_rpn_bbox: 0.0229, loss_cls: 0.1493, acc: 95.2944, loss_bbox: 0.1476, loss_mask: 0.3623, loss: 1.3998
2026-06-30 12:08:31,293 - mmdet - INFO - Epoch [1][650/1324]	lr: 1.000e-02, eta: 4:47:22, time: 2.864, data_time: 0.038, memory: 9906, noise_inv_loss: 0.0008, clean_loss_rpn_cls: 0.0337, clean_loss_rpn_bbox: 0.0190, clean_loss_cls: 0.1258, clean_acc: 95.6289, clean_loss_bbox: 0.1387, clean_loss_mask: 0.3273, loss_rpn_cls: 0.0451, loss_rpn_bbox: 0.0202, loss_cls: 0.1358, acc: 95.6655, loss_bbox: 0.1371, loss_mask: 0.3641, loss: 1.3474
2026-06-30 12:10:55,330 - mmdet - INFO - Epoch [1][700/1324]	lr: 1.000e-02, eta: 4:44:54, time: 2.881, data_time: 0.037, memory: 9906, noise_inv_loss: 0.0008, clean_loss_rpn_cls: 0.0312, clean_loss_rpn_bbox: 0.0186, clean_loss_cls: 0.1306, clean_acc: 95.6484, clean_loss_bbox: 0.1403, clean_loss_mask: 0.3148, loss_rpn_cls: 0.0469, loss_rpn_bbox: 0.0207, loss_cls: 0.1437, acc: 95.6411, loss_bbox: 0.1361, loss_mask: 0.3602, loss: 1.3439
2026-06-30 12:13:18,614 - mmdet - INFO - Epoch [1][750/1324]	lr: 1.000e-02, eta: 4:42:21, time: 2.866, data_time: 0.038, memory: 9906, noise_inv_loss: 0.0008, clean_loss_rpn_cls: 0.0352, clean_loss_rpn_bbox: 0.0187, clean_loss_cls: 0.1378, clean_acc: 95.4927, clean_loss_bbox: 0.1407, clean_loss_mask: 0.3232, loss_rpn_cls: 0.0489, loss_rpn_bbox: 0.0202, loss_cls: 0.1479, acc: 95.6021, loss_bbox: 0.1367, loss_mask: 0.3626, loss: 1.3726
2026-06-30 12:15:44,914 - mmdet - INFO - Epoch [1][800/1324]	lr: 1.000e-02, eta: 4:40:11, time: 2.926, data_time: 0.043, memory: 9906, noise_inv_loss: 0.0008, clean_loss_rpn_cls: 0.0337, clean_loss_rpn_bbox: 0.0210, clean_loss_cls: 0.1334, clean_acc: 95.4849, clean_loss_bbox: 0.1495, clean_loss_mask: 0.3062, loss_rpn_cls: 0.0491, loss_rpn_bbox: 0.0229, loss_cls: 0.1482, acc: 95.3081, loss_bbox: 0.1516, loss_mask: 0.3436, loss: 1.3600
2026-06-30 12:18:09,877 - mmdet - INFO - Epoch [1][850/1324]	lr: 1.000e-02, eta: 4:37:50, time: 2.899, data_time: 0.038, memory: 9906, noise_inv_loss: 0.0008, clean_loss_rpn_cls: 0.0334, clean_loss_rpn_bbox: 0.0196, clean_loss_cls: 0.1346, clean_acc: 95.4087, clean_loss_bbox: 0.1524, clean_loss_mask: 0.3300, loss_rpn_cls: 0.0477, loss_rpn_bbox: 0.0209, loss_cls: 0.1449, acc: 95.4160, loss_bbox: 0.1475, loss_mask: 0.3698, loss: 1.4016
2026-06-30 12:20:34,615 - mmdet - INFO - Epoch [1][900/1324]	lr: 1.000e-02, eta: 4:35:28, time: 2.895, data_time: 0.040, memory: 9906, noise_inv_loss: 0.0008, clean_loss_rpn_cls: 0.0336, clean_loss_rpn_bbox: 0.0201, clean_loss_cls: 0.1340, clean_acc: 95.4590, clean_loss_bbox: 0.1487, clean_loss_mask: 0.3147, loss_rpn_cls: 0.0491, loss_rpn_bbox: 0.0220, loss_cls: 0.1466, acc: 95.4062, loss_bbox: 0.1457, loss_mask: 0.3511, loss: 1.3664
2026-06-30 12:22:55,902 - mmdet - INFO - Epoch [1][950/1324]	lr: 1.000e-02, eta: 4:32:44, time: 2.826, data_time: 0.036, memory: 9906, noise_inv_loss: 0.0008, clean_loss_rpn_cls: 0.0312, clean_loss_rpn_bbox: 0.0169, clean_loss_cls: 0.1280, clean_acc: 95.6929, clean_loss_bbox: 0.1348, clean_loss_mask: 0.3216, loss_rpn_cls: 0.0476, loss_rpn_bbox: 0.0187, loss_cls: 0.1389, acc: 95.7314, loss_bbox: 0.1329, loss_mask: 0.3675, loss: 1.3388
2026-06-30 12:25:14,900 - mmdet - INFO - Exp name: train_kaggle.py
2026-06-30 12:25:14,901 - mmdet - INFO - Epoch [1][1000/1324]	lr: 1.000e-02, eta: 4:29:50, time: 2.780, data_time: 0.035, memory: 9906, noise_inv_loss: 0.0008, clean_loss_rpn_cls: 0.0284, clean_loss_rpn_bbox: 0.0157, clean_loss_cls: 0.1209, clean_acc: 95.8237, clean_loss_bbox: 0.1334, clean_loss_mask: 0.3239, loss_rpn_cls: 0.0422, loss_rpn_bbox: 0.0170, loss_cls: 0.1330, acc: 95.7876, loss_bbox: 0.1297, loss_mask: 0.3625, loss: 1.3075
2026-06-30 12:27:36,990 - mmdet - INFO - Epoch [1][1050/1324]	lr: 1.000e-02, eta: 4:27:16, time: 2.842, data_time: 0.037, memory: 9906, noise_inv_loss: 0.0008, clean_loss_rpn_cls: 0.0337, clean_loss_rpn_bbox: 0.0204, clean_loss_cls: 0.1352, clean_acc: 95.3594, clean_loss_bbox: 0.1496, clean_loss_mask: 0.3265, loss_rpn_cls: 0.0472, loss_rpn_bbox: 0.0217, loss_cls: 0.1457, acc: 95.3638, loss_bbox: 0.1478, loss_mask: 0.3713, loss: 1.3998
2026-06-30 12:29:59,642 - mmdet - INFO - Epoch [1][1100/1324]	lr: 1.000e-02, eta: 4:24:45, time: 2.853, data_time: 0.041, memory: 9949, noise_inv_loss: 0.0008, clean_loss_rpn_cls: 0.0347, clean_loss_rpn_bbox: 0.0209, clean_loss_cls: 0.1418, clean_acc: 95.1206, clean_loss_bbox: 0.1586, clean_loss_mask: 0.3264, loss_rpn_cls: 0.0480, loss_rpn_bbox: 0.0224, loss_cls: 0.1555, acc: 95.0234, loss_bbox: 0.1597, loss_mask: 0.3689, loss: 1.4378
2026-06-30 12:32:21,308 - mmdet - INFO - Epoch [1][1150/1324]	lr: 1.000e-02, eta: 4:22:11, time: 2.833, data_time: 0.036, memory: 9949, noise_inv_loss: 0.0008, clean_loss_rpn_cls: 0.0339, clean_loss_rpn_bbox: 0.0183, clean_loss_cls: 0.1281, clean_acc: 95.7803, clean_loss_bbox: 0.1295, clean_loss_mask: 0.3118, loss_rpn_cls: 0.0461, loss_rpn_bbox: 0.0199, loss_cls: 0.1397, acc: 95.6602, loss_bbox: 0.1325, loss_mask: 0.3554, loss: 1.3161
2026-06-30 12:34:46,291 - mmdet - INFO - Epoch [1][1200/1324]	lr: 1.000e-02, eta: 4:19:52, time: 2.900, data_time: 0.040, memory: 9949, noise_inv_loss: 0.0008, clean_loss_rpn_cls: 0.0335, clean_loss_rpn_bbox: 0.0219, clean_loss_cls: 0.1394, clean_acc: 95.1895, clean_loss_bbox: 0.1541, clean_loss_mask: 0.3203, loss_rpn_cls: 0.0493, loss_rpn_bbox: 0.0242, loss_cls: 0.1528, acc: 95.1899, loss_bbox: 0.1532, loss_mask: 0.3609, loss: 1.4105
2026-06-30 12:37:10,799 - mmdet - INFO - Epoch [1][1250/1324]	lr: 1.000e-02, eta: 4:17:31, time: 2.890, data_time: 0.039, memory: 9949, noise_inv_loss: 0.0008, clean_loss_rpn_cls: 0.0338, clean_loss_rpn_bbox: 0.0197, clean_loss_cls: 0.1454, clean_acc: 95.0293, clean_loss_bbox: 0.1581, clean_loss_mask: 0.3175, loss_rpn_cls: 0.0458, loss_rpn_bbox: 0.0212, loss_cls: 0.1579, acc: 95.0278, loss_bbox: 0.1585, loss_mask: 0.3573, loss: 1.4160
2026-06-30 12:39:33,218 - mmdet - INFO - Epoch [1][1300/1324]	lr: 1.000e-02, eta: 4:15:01, time: 2.848, data_time: 0.036, memory: 9949, noise_inv_loss: 0.0008, clean_loss_rpn_cls: 0.0300, clean_loss_rpn_bbox: 0.0183, clean_loss_cls: 0.1306, clean_acc: 95.5566, clean_loss_bbox: 0.1425, clean_loss_mask: 0.3131, loss_rpn_cls: 0.0449, loss_rpn_bbox: 0.0197, loss_cls: 0.1420, acc: 95.4985, loss_bbox: 0.1415, loss_mask: 0.3554, loss: 1.3387
2026-06-30 12:42:03,395 - mmdet - INFO - Evaluating bbox...
2026-06-30 12:42:06,411 - mmdet - INFO - 
+-----------+-------+-----------+-------+-------------+-------+
| category  | AP    | category  | AP    | category    | AP    |
+-----------+-------+-----------+-------+-------------+-------+
| bicycle   | 0.278 | chair     | 0.561 | diningtable | 0.227 |
| bottle    | 0.405 | motorbike | 0.318 | car         | 0.303 |
| tvmonitor | 0.128 | bus       | 0.264 | None        | None  |
+-----------+-------+-----------+-------+-------------+-------+
2026-06-30 12:42:06,412 - mmdet - INFO - Evaluating segm...
2026-06-30 12:42:08,961 - mmdet - INFO - 
+-----------+-------+-----------+-------+-------------+-------+
| category  | AP    | category  | AP    | category    | AP    |
+-----------+-------+-----------+-------+-------------+-------+
| bicycle   | 0.139 | chair     | 0.549 | diningtable | 0.188 |
| bottle    | 0.431 | motorbike | 0.314 | car         | 0.126 |
| tvmonitor | 0.038 | bus       | 0.298 | None        | None  |
+-----------+-------+-----------+-------+-------------+-------+
2026-06-30 12:42:42,840 - mmdet - INFO - Now best checkpoint is saved as best_bbox_mAP_epoch_1.pth.
2026-06-30 12:42:42,841 - mmdet - INFO - Best bbox_mAP is 0.3100 at 1 epoch.
2026-06-30 12:42:42,853 - mmdet - INFO - Exp name: train_kaggle.py
2026-06-30 12:42:42,853 - mmdet - INFO - Epoch(val) [1][669]	bbox_mAP: 0.3100, bbox_mAP_50: 0.5260, bbox_mAP_75: 0.3270, bbox_mAP_s: 0.0000, bbox_mAP_m: 0.0830, bbox_mAP_l: 0.3830, bbox_mAP_copypaste: 0.310 0.526 0.327 0.000 0.083 0.383, segm_mAP: 0.2600, segm_mAP_50: 0.4640, segm_mAP_75: 0.2510, segm_mAP_s: 0.0000, segm_mAP_m: 0.0620, segm_mAP_l: 0.3310, segm_mAP_copypaste: 0.260 0.464 0.251 0.000 0.062 0.331
2026-06-30 12:45:20,955 - mmdet - INFO - Epoch [2][50/1324]	lr: 1.000e-02, eta: 4:07:59, time: 3.159, data_time: 0.199, memory: 9949, noise_inv_loss: 0.0008, clean_loss_rpn_cls: 0.0278, clean_loss_rpn_bbox: 0.0185, clean_loss_cls: 0.1207, clean_acc: 95.7979, clean_loss_bbox: 0.1365, clean_loss_mask: 0.3012, loss_rpn_cls: 0.0405, loss_rpn_bbox: 0.0202, loss_cls: 0.1350, acc: 95.6704, loss_bbox: 0.1368, loss_mask: 0.3424, loss: 1.2804
2026-06-30 12:47:44,473 - mmdet - INFO - Epoch [2][100/1324]	lr: 1.000e-02, eta: 4:05:43, time: 2.870, data_time: 0.042, memory: 9949, noise_inv_loss: 0.0008, clean_loss_rpn_cls: 0.0300, clean_loss_rpn_bbox: 0.0197, clean_loss_cls: 0.1209, clean_acc: 95.7427, clean_loss_bbox: 0.1438, clean_loss_mask: 0.3089, loss_rpn_cls: 0.0427, loss_rpn_bbox: 0.0216, loss_cls: 0.1335, acc: 95.6211, loss_bbox: 0.1421, loss_mask: 0.3518, loss: 1.3156
2026-06-30 12:50:06,451 - mmdet - INFO - Epoch [2][150/1324]	lr: 1.000e-02, eta: 4:03:22, time: 2.839, data_time: 0.043, memory: 9949, noise_inv_loss: 0.0008, clean_loss_rpn_cls: 0.0276, clean_loss_rpn_bbox: 0.0192, clean_loss_cls: 0.1233, clean_acc: 95.7373, clean_loss_bbox: 0.1416, clean_loss_mask: 0.3162, loss_rpn_cls: 0.0414, loss_rpn_bbox: 0.0211, loss_cls: 0.1401, acc: 95.5361, loss_bbox: 0.1426, loss_mask: 0.3604, loss: 1.3342
