2026-06-30 18:33:33,519 - mmdet - INFO - Environment info:
------------------------------------------------------------
sys.platform: linux
Python: 3.12.13 (main, Mar  4 2026, 09:23:07) [GCC 11.4.0]
CUDA available: True
GPU 0: Tesla T4
CUDA_HOME: /usr/local/cuda
NVCC: Cuda compilation tools, release 12.8, V12.8.93
GCC: x86_64-linux-gnu-gcc (Ubuntu 11.4.0-1ubuntu1~22.04.3) 11.4.0
PyTorch: 2.11.0+cu128
PyTorch compiling details: PyTorch built with:
  - GCC 13.3
  - C++ Version: 201703
  - Intel(R) oneAPI Math Kernel Library Version 2024.2-Product Build 20240605 for Intel(R) 64 architecture applications
  - Intel(R) MKL-DNN v3.10.2 (Git Hash f1d471933dc852f956fd05389f9313c7148783d5)
  - OpenMP 201511 (a.k.a. OpenMP 4.5)
  - LAPACK is enabled (usually provided by MKL)
  - NNPACK is enabled
  - CPU capability usage: AVX512
  - CUDA Runtime 12.8
  - NVCC architecture flags: -gencode;arch=compute_75,code=sm_75;-gencode;arch=compute_80,code=sm_80;-gencode;arch=compute_86,code=sm_86;-gencode;arch=compute_90,code=sm_90;-gencode;arch=compute_100,code=sm_100;-gencode;arch=compute_120,code=sm_120
  - CuDNN 91.9  (built against CUDA 12.9)
  - Magma 2.6.1
  - Build settings: BLAS_INFO=mkl, BUILD_TYPE=Release, COMMIT_SHA=70d99e998b4955e0049d13a98d77ae1b14db1f45, CUDA_VERSION=12.8, CUDNN_VERSION=9.19.0, CXX_COMPILER=/opt/rh/gcc-toolset-13/root/usr/bin/c++, CXX_FLAGS= -fvisibility-inlines-hidden -DUSE_PTHREADPOOL -DNDEBUG -DUSE_KINETO -DLIBKINETO_NOROCTRACER -DLIBKINETO_NOXPUPTI=ON -DUSE_FBGEMM -DUSE_MSLK -DUSE_PYTORCH_QNNPACK -DUSE_XNNPACK -DSYMBOLICATE_MOBILE_DEBUG_HANDLE -O2 -fPIC -DC10_NODEPRECATED -Wall -Wextra -Werror=return-type -Werror=non-virtual-dtor -Werror=range-loop-construct -Werror=bool-operation -Wnarrowing -Wno-missing-field-initializers -Wno-unknown-pragmas -Wno-unused-parameter -Wno-strict-overflow -Wno-strict-aliasing -Wno-stringop-overflow -Wsuggest-override -Wno-psabi -Wno-error=old-style-cast -faligned-new -Wno-maybe-uninitialized -fno-math-errno -fno-trapping-math -Werror=format -Wno-dangling-reference -Wno-error=dangling-reference -Wno-stringop-overflow, LAPACK_INFO=mkl, PERF_WITH_AVX=1, PERF_WITH_AVX2=1, TORCH_VERSION=2.11.0, USE_CUDA=ON, USE_CUDNN=ON, USE_CUSPARSELT=1, USE_GFLAGS=OFF, USE_GLOG=OFF, USE_GLOO=ON, USE_MKL=ON, USE_MKLDNN=ON, USE_MPI=OFF, USE_NCCL=1, USE_NNPACK=ON, USE_OPENMP=ON, USE_ROCM=OFF, USE_ROCM_KERNEL_ASSERT=OFF, USE_XCCL=OFF, USE_XPU=OFF, 

TorchVision: 0.26.0+cu128
OpenCV: 4.13.0
MMCV: 1.7.2
MMCV Compiler: GCC 11.4
MMCV CUDA Compiler: 12.8
MMDetection: 2.15.1+df1d8a6
------------------------------------------------------------

2026-06-30 18:33:34,139 - mmdet - INFO - Distributed training: False
2026-06-30 18:33:34,390 - mmdet - INFO - Config:
dataset_type = 'CocoDataset'
data_root = 'data/coco/'
img_norm_cfg = dict(
    mean=[103.53, 116.28, 123.675], std=[1.0, 1.0, 1.0], to_rgb=False)
train_pipeline = [
    dict(type='LoadImageFromFile'),
    dict(
        type='LoadAnnotations',
        with_bbox=True,
        with_mask=True,
        poly2mask=False),
    dict(type='GenerateEdgeTargets'),
    dict(
        type='Resize',
        img_scale=(600, 400),
        keep_ratio=True,
        interpolate_mode='nearest'),
    dict(type='RandomFlip', flip_ratio=0.5),
    dict(
        type='AddNoisyImg',
        model='PGRU',
        camera='CanonEOS5D4',
        cfa='bayer',
        use_255=True,
        pre_adjust_brightness=False,
        mode='unprocess_addnoise',
        dark_ratio=(1.0, 1.0),
        noise_ratio=(10, 100)),
    dict(
        type='Normalize',
        mean=[103.53, 116.28, 123.675],
        std=[1.0, 1.0, 1.0],
        to_rgb=False),
    dict(type='Pad', size_divisor=32),
    dict(type='DefaultFormatBundle'),
    dict(
        type='Collect',
        keys=[
            'img', 'noisy_img', 'gt_bboxes', 'gt_labels', 'gt_masks',
            'gt_edges'
        ])
]
test_pipeline = [
    dict(type='LoadImageFromFile'),
    dict(
        type='MultiScaleFlipAug',
        img_scale=(600, 400),
        flip=False,
        transforms=[
            dict(type='Resize', keep_ratio=True, interpolate_mode='nearest'),
            dict(type='RandomFlip'),
            dict(
                type='Normalize',
                mean=[103.53, 116.28, 123.675],
                std=[1.0, 1.0, 1.0],
                to_rgb=False),
            dict(type='Pad', size_divisor=32),
            dict(type='ImageToTensor', keys=['img']),
            dict(type='Collect', keys=['img'])
        ])
]
test_lod_coco = dict(
    classes=('bicycle', 'car', 'motorbike', 'bus', 'bottle', 'chair',
             'diningtable', 'tvmonitor'),
    type='CocoDataset',
    ann_file='data/eallis/annotations/eallis_coco_JPG_test+1.json',
    img_prefix='data/eallis/',
    pipeline=[
        dict(type='LoadImageFromFile'),
        dict(
            type='MultiScaleFlipAug',
            img_scale=(600, 400),
            flip=False,
            transforms=[
                dict(
                    type='Resize', keep_ratio=True,
                    interpolate_mode='nearest'),
                dict(type='RandomFlip'),
                dict(
                    type='Normalize',
                    mean=[103.53, 116.28, 123.675],
                    std=[1.0, 1.0, 1.0],
                    to_rgb=False),
                dict(type='Pad', size_divisor=32),
                dict(type='ImageToTensor', keys=['img']),
                dict(type='Collect', keys=['img'])
            ])
    ])
train_eallis = dict(
    classes=('bicycle', 'car', 'motorbike', 'bus', 'bottle', 'chair',
             'diningtable', 'tvmonitor'),
    type='CocoDataset',
    ann_file='data/eallis/annotations/eallis_coco_JPG_train+1.json',
    img_prefix='data/eallis/',
    pipeline=[
        dict(type='LoadImageFromFile'),
        dict(
            type='LoadAnnotations',
            with_bbox=True,
            with_mask=True,
            poly2mask=False),
        dict(type='GenerateEdgeTargets'),
        dict(
            type='Resize',
            img_scale=(600, 400),
            keep_ratio=True,
            interpolate_mode='nearest'),
        dict(type='RandomFlip', flip_ratio=0.5),
        dict(
            type='AddNoisyImg',
            model='PGRU',
            camera='CanonEOS5D4',
            cfa='bayer',
            use_255=True,
            pre_adjust_brightness=False,
            mode='unprocess_addnoise',
            dark_ratio=(1.0, 1.0),
            noise_ratio=(10, 100)),
        dict(
            type='Normalize',
            mean=[103.53, 116.28, 123.675],
            std=[1.0, 1.0, 1.0],
            to_rgb=False),
        dict(type='Pad', size_divisor=32),
        dict(type='DefaultFormatBundle'),
        dict(
            type='Collect',
            keys=[
                'img', 'noisy_img', 'gt_bboxes', 'gt_labels', 'gt_masks',
                'gt_edges'
            ])
    ])
coco = dict(
    classes=('bicycle', 'chair', 'dining table', 'bottle', 'motorcycle', 'car',
             'tv', 'bus'),
    type='CocoDataset',
    ann_file='data/coco_subset/instances_train2017_subset.json',
    img_prefix='data/coco/train2017/',
    pipeline=[
        dict(type='LoadImageFromFile'),
        dict(
            type='LoadAnnotations',
            with_bbox=True,
            with_mask=True,
            poly2mask=False),
        dict(type='GenerateEdgeTargets'),
        dict(
            type='Resize',
            img_scale=(600, 400),
            keep_ratio=True,
            interpolate_mode='nearest'),
        dict(type='RandomFlip', flip_ratio=0.5),
        dict(
            type='AddNoisyImg',
            model='PGRU',
            camera='CanonEOS5D4',
            cfa='bayer',
            use_255=True,
            pre_adjust_brightness=False,
            mode='unprocess_addnoise',
            dark_ratio=(1.0, 1.0),
            noise_ratio=(10, 100)),
        dict(
            type='Normalize',
            mean=[103.53, 116.28, 123.675],
            std=[1.0, 1.0, 1.0],
            to_rgb=False),
        dict(type='Pad', size_divisor=32),
        dict(type='DefaultFormatBundle'),
        dict(
            type='Collect',
            keys=[
                'img', 'noisy_img', 'gt_bboxes', 'gt_labels', 'gt_masks',
                'gt_edges'
            ])
    ])
coco_val = dict(
    classes=('bicycle', 'chair', 'dining table', 'bottle', 'motorcycle', 'car',
             'tv', 'bus'),
    type='CocoDataset',
    ann_file='data/coco/annotations/instances_val2017.json',
    img_prefix='data/coco/val2017/',
    pipeline=[
        dict(type='LoadImageFromFile'),
        dict(
            type='MultiScaleFlipAug',
            img_scale=(600, 400),
            flip=False,
            transforms=[
                dict(
                    type='Resize', keep_ratio=True,
                    interpolate_mode='nearest'),
                dict(type='RandomFlip'),
                dict(
                    type='Normalize',
                    mean=[103.53, 116.28, 123.675],
                    std=[1.0, 1.0, 1.0],
                    to_rgb=False),
                dict(type='Pad', size_divisor=32),
                dict(type='ImageToTensor', keys=['img']),
                dict(type='Collect', keys=['img'])
            ])
    ])
BATCHSIZE = 8
GPU = 1
data = dict(
    samples_per_gpu=8,
    workers_per_gpu=4,
    train=[
        dict(
            classes=('bicycle', 'chair', 'dining table', 'bottle',
                     'motorcycle', 'car', 'tv', 'bus'),
            type='CocoDataset',
            ann_file='data/coco_subset/instances_train2017_subset.json',
            img_prefix='data/coco/train2017/',
            pipeline=[
                dict(type='LoadImageFromFile'),
                dict(
                    type='LoadAnnotations',
                    with_bbox=True,
                    with_mask=True,
                    poly2mask=False),
                dict(type='GenerateEdgeTargets'),
                dict(
                    type='Resize',
                    img_scale=(600, 400),
                    keep_ratio=True,
                    interpolate_mode='nearest'),
                dict(type='RandomFlip', flip_ratio=0.5),
                dict(
                    type='AddNoisyImg',
                    model='PGRU',
                    camera='CanonEOS5D4',
                    cfa='bayer',
                    use_255=True,
                    pre_adjust_brightness=False,
                    mode='unprocess_addnoise',
                    dark_ratio=(1.0, 1.0),
                    noise_ratio=(10, 100)),
                dict(
                    type='Normalize',
                    mean=[103.53, 116.28, 123.675],
                    std=[1.0, 1.0, 1.0],
                    to_rgb=False),
                dict(type='Pad', size_divisor=32),
                dict(type='DefaultFormatBundle'),
                dict(
                    type='Collect',
                    keys=[
                        'img', 'noisy_img', 'gt_bboxes', 'gt_labels',
                        'gt_masks', 'gt_edges'
                    ])
            ])
    ],
    val=dict(
        classes=('bicycle', 'car', 'motorbike', 'bus', 'bottle', 'chair',
                 'diningtable', 'tvmonitor'),
        type='CocoDataset',
        ann_file='data/eallis/annotations/eallis_coco_JPG_test+1.json',
        img_prefix='data/eallis/',
        pipeline=[
            dict(type='LoadImageFromFile'),
            dict(
                type='MultiScaleFlipAug',
                img_scale=(600, 400),
                flip=False,
                transforms=[
                    dict(
                        type='Resize',
                        keep_ratio=True,
                        interpolate_mode='nearest'),
                    dict(type='RandomFlip'),
                    dict(
                        type='Normalize',
                        mean=[103.53, 116.28, 123.675],
                        std=[1.0, 1.0, 1.0],
                        to_rgb=False),
                    dict(type='Pad', size_divisor=32),
                    dict(type='ImageToTensor', keys=['img']),
                    dict(type='Collect', keys=['img'])
                ])
        ]),
    test=dict(
        classes=('bicycle', 'car', 'motorbike', 'bus', 'bottle', 'chair',
                 'diningtable', 'tvmonitor'),
        type='CocoDataset',
        ann_file='data/eallis/annotations/eallis_coco_JPG_test+1.json',
        img_prefix='data/eallis/',
        pipeline=[
            dict(type='LoadImageFromFile'),
            dict(
                type='MultiScaleFlipAug',
                img_scale=(600, 400),
                flip=False,
                transforms=[
                    dict(
                        type='Resize',
                        keep_ratio=True,
                        interpolate_mode='nearest'),
                    dict(type='RandomFlip'),
                    dict(
                        type='Normalize',
                        mean=[103.53, 116.28, 123.675],
                        std=[1.0, 1.0, 1.0],
                        to_rgb=False),
                    dict(type='Pad', size_divisor=32),
                    dict(type='ImageToTensor', keys=['img']),
                    dict(type='Collect', keys=['img'])
                ])
        ]))
evaluation = dict(interval=1, metric=['bbox', 'segm'], save_best='bbox_mAP')
optimizer = dict(
    type='SGD',
    lr=0.01,
    momentum=0.9,
    weight_decay=0.0001,
    paramwise_cfg=dict(
        custom_keys=dict(
            llpf=dict(lr_mult=2.0),
            learnable_conv1=dict(lr_mult=2.0),
            AdaD=dict(lr_mult=2.0))))
optimizer_config = dict(grad_clip=None)
lr_config = dict(
    policy='step',
    warmup='linear',
    warmup_iters=500,
    warmup_ratio=0.001,
    step=[3])
runner = dict(type='EpochBasedRunner', max_epochs=5)
checkpoint_config = dict(interval=5, max_keep_ckpts=2)
log_config = dict(interval=50, hooks=[dict(type='TextLoggerHook')])
custom_hooks = [dict(type='NumClassCheckHook')]
dist_params = dict(backend='nccl')
log_level = 'INFO'
work_dir = '/content/drive/MyDrive/Ablation/full'
load_from = '/content/drive/MyDrive/EALLIS_checkpoints/Checkpoint1.pth'
resume_from = None
gpu_ids = range(0, 1)
seed = 42
workflow = [('train', 1)]
find_unused_parameters = True
model = dict(
    type='MaskRCNNNoiseInv',
    backbone=dict(
        type='ResNet',
        depth=50,
        num_stages=4,
        out_indices=(0, 1, 2, 3),
        frozen_stages=1,
        norm_cfg=dict(type='BN', requires_grad=True),
        norm_eval=True,
        style='caffe',
        init_cfg=dict(
            type='Pretrained',
            checkpoint='open-mmlab://detectron2/resnet50_caffe'),
        use_eallis=True,
        use_edge=True),
    neck=dict(
        type='FPN',
        in_channels=[256, 512, 1024, 2048],
        out_channels=256,
        num_outs=5),
    rpn_head=dict(
        type='RPNHead',
        in_channels=256,
        feat_channels=256,
        anchor_generator=dict(
            type='AnchorGenerator',
            scales=[8],
            ratios=[0.5, 1.0, 2.0],
            strides=[4, 8, 16, 32, 64]),
        bbox_coder=dict(
            type='DeltaXYWHBBoxCoder',
            target_means=[0.0, 0.0, 0.0, 0.0],
            target_stds=[1.0, 1.0, 1.0, 1.0]),
        loss_cls=dict(
            type='CrossEntropyLoss', use_sigmoid=True, loss_weight=1.0),
        loss_bbox=dict(type='L1Loss', loss_weight=1.0)),
    roi_head=dict(
        type='StandardRoIHead',
        bbox_roi_extractor=dict(
            type='SingleRoIExtractor',
            roi_layer=dict(type='RoIAlign', output_size=7, sampling_ratio=0),
            out_channels=256,
            featmap_strides=[4, 8, 16, 32]),
        bbox_head=dict(
            type='Shared2FCBBoxHead',
            in_channels=256,
            fc_out_channels=1024,
            roi_feat_size=7,
            num_classes=8,
            bbox_coder=dict(
                type='DeltaXYWHBBoxCoder',
                target_means=[0.0, 0.0, 0.0, 0.0],
                target_stds=[0.1, 0.1, 0.2, 0.2]),
            reg_class_agnostic=False,
            loss_cls=dict(
                type='CrossEntropyLoss', use_sigmoid=False, loss_weight=1.0),
            loss_bbox=dict(type='L1Loss', loss_weight=1.0)),
        mask_roi_extractor=dict(
            type='SingleRoIExtractor',
            roi_layer=dict(type='RoIAlign', output_size=14, sampling_ratio=0),
            out_channels=256,
            featmap_strides=[4, 8, 16, 32]),
        mask_head=dict(
            type='FCNMaskHead',
            num_convs=4,
            in_channels=256,
            conv_out_channels=256,
            num_classes=8,
            loss_mask=dict(
                type='CrossEntropyLoss', use_mask=True, loss_weight=1.0))),
    train_cfg=dict(
        rpn=dict(
            assigner=dict(
                type='MaxIoUAssigner',
                pos_iou_thr=0.7,
                neg_iou_thr=0.3,
                min_pos_iou=0.3,
                match_low_quality=True,
                ignore_iof_thr=-1),
            sampler=dict(
                type='RandomSampler',
                num=256,
                pos_fraction=0.5,
                neg_pos_ub=-1,
                add_gt_as_proposals=False),
            allowed_border=-1,
            pos_weight=-1,
            debug=False),
        rpn_proposal=dict(
            nms_pre=2000,
            max_per_img=1000,
            nms=dict(type='nms', iou_threshold=0.7),
            min_bbox_size=0),
        rcnn=dict(
            assigner=dict(
                type='MaxIoUAssigner',
                pos_iou_thr=0.5,
                neg_iou_thr=0.5,
                min_pos_iou=0.5,
                match_low_quality=True,
                ignore_iof_thr=-1),
            sampler=dict(
                type='RandomSampler',
                num=512,
                pos_fraction=0.25,
                neg_pos_ub=-1,
                add_gt_as_proposals=True),
            mask_size=28,
            pos_weight=-1,
            debug=False)),
    test_cfg=dict(
        rpn=dict(
            nms_pre=1000,
            max_per_img=1000,
            nms=dict(type='nms', iou_threshold=0.7),
            min_bbox_size=0),
        rcnn=dict(
            score_thr=0.05,
            nms=dict(type='nms', iou_threshold=0.5),
            max_per_img=100,
            mask_thr_binary=0.5)))
edge_loss = dict(type='EdgeLoss', loss_weight=1.0)
custom_imports = dict(
    imports=[
        'mmdetection_custom_part.mmdet.datasets.pipelines.edge_target',
        'mmdetection_custom_part.mmdet.models.backbones.resnet'
    ],
    allow_failed_imports=False)

2026-06-30 18:33:34,390 - mmdet - INFO - Set random seed to 42, deterministic: False
2026-06-30 18:33:42,609 - mmdet - INFO - load checkpoint from local path: /content/drive/MyDrive/EALLIS_checkpoints/Checkpoint1.pth
2026-06-30 18:33:44,408 - mmdet - WARNING - The model and loaded state dict do not match exactly

unexpected key in source state_dict: backbone.AdaD.1.weight_net.0.weight, backbone.AdaD.1.weight_net.1.weight, backbone.AdaD.1.weight_net.1.bias, backbone.AdaD.1.weight_net.1.running_mean, backbone.AdaD.1.weight_net.1.running_var, backbone.AdaD.1.weight_net.1.num_batches_tracked, backbone.AdaD.1.channel_net.1.weight, backbone.AdaD.1.channel_net.3.weight, backbone.AdaD.2.weight_net.0.weight, backbone.AdaD.2.weight_net.1.weight, backbone.AdaD.2.weight_net.1.bias, backbone.AdaD.2.weight_net.1.running_mean, backbone.AdaD.2.weight_net.1.running_var, backbone.AdaD.2.weight_net.1.num_batches_tracked, backbone.AdaD.2.channel_net.1.weight, backbone.AdaD.2.channel_net.3.weight, backbone.AdaD.3.weight_net.0.weight, backbone.AdaD.3.weight_net.1.weight, backbone.AdaD.3.weight_net.1.bias, backbone.AdaD.3.weight_net.1.running_mean, backbone.AdaD.3.weight_net.1.running_var, backbone.AdaD.3.weight_net.1.num_batches_tracked, backbone.AdaD.3.channel_net.1.weight, backbone.AdaD.3.channel_net.3.weight, backbone.layer2.0.llpf.weight, backbone.layer2.0.learnable_conv1.weight, backbone.layer2.1.llpf.weight, backbone.layer2.1.learnable_conv1.weight, backbone.layer2.2.llpf.weight, backbone.layer2.2.learnable_conv1.weight, backbone.layer2.3.llpf.weight, backbone.layer2.3.learnable_conv1.weight, backbone.layer3.0.llpf.weight, backbone.layer3.0.learnable_conv1.weight, backbone.layer3.1.llpf.weight, backbone.layer3.1.learnable_conv1.weight, backbone.layer3.2.llpf.weight, backbone.layer3.2.learnable_conv1.weight, backbone.layer3.3.llpf.weight, backbone.layer3.3.learnable_conv1.weight, backbone.layer3.4.llpf.weight, backbone.layer3.4.learnable_conv1.weight, backbone.layer3.5.llpf.weight, backbone.layer3.5.learnable_conv1.weight, backbone.layer4.0.llpf.weight, backbone.layer4.0.learnable_conv1.weight, backbone.layer4.1.llpf.weight, backbone.layer4.1.learnable_conv1.weight, backbone.layer4.2.llpf.weight, backbone.layer4.2.learnable_conv1.weight

missing keys in source state_dict: backbone.eallis_c3.illum.channel_mlp.0.weight, backbone.eallis_c3.illum.channel_mlp.0.bias, backbone.eallis_c3.illum.channel_mlp.2.weight, backbone.eallis_c3.illum.channel_mlp.2.bias, backbone.eallis_c3.illum.spatial_conv.0.weight, backbone.eallis_c3.illum.spatial_conv.0.bias, backbone.eallis_c3.illum.spatial_conv.1.weight, backbone.eallis_c3.illum.spatial_conv.1.bias, backbone.eallis_c3.rectifier.conv1.weight, backbone.eallis_c3.rectifier.conv1.bias, backbone.eallis_c3.rectifier.conv2.weight, backbone.eallis_c3.rectifier.conv2.bias, backbone.eallis_c3.rectifier.gate.0.weight, backbone.eallis_c3.rectifier.gate.0.bias, backbone.eallis_c3.edge.conv.0.weight, backbone.eallis_c3.edge.conv.0.bias, backbone.eallis_c3.edge.conv.2.weight, backbone.eallis_c3.edge.conv.2.bias, backbone.eallis_c4.illum.channel_mlp.0.weight, backbone.eallis_c4.illum.channel_mlp.0.bias, backbone.eallis_c4.illum.channel_mlp.2.weight, backbone.eallis_c4.illum.channel_mlp.2.bias, backbone.eallis_c4.illum.spatial_conv.0.weight, backbone.eallis_c4.illum.spatial_conv.0.bias, backbone.eallis_c4.illum.spatial_conv.1.weight, backbone.eallis_c4.illum.spatial_conv.1.bias, backbone.eallis_c4.rectifier.conv1.weight, backbone.eallis_c4.rectifier.conv1.bias, backbone.eallis_c4.rectifier.conv2.weight, backbone.eallis_c4.rectifier.conv2.bias, backbone.eallis_c4.rectifier.gate.0.weight, backbone.eallis_c4.rectifier.gate.0.bias, backbone.eallis_c4.edge.conv.0.weight, backbone.eallis_c4.edge.conv.0.bias, backbone.eallis_c4.edge.conv.2.weight, backbone.eallis_c4.edge.conv.2.bias

2026-06-30 18:33:44,431 - mmdet - INFO - Start running, host: root@76db6ad01d56, work_dir: /content/drive/MyDrive/Ablation/full
2026-06-30 18:33:44,431 - mmdet - INFO - Hooks will be executed in the following order:
before_run:
(VERY_HIGH   ) StepLrUpdaterHook                  
(NORMAL      ) CheckpointHook                     
(NORMAL      ) EvalHook                           
(VERY_LOW    ) TextLoggerHook                     
 -------------------- 
before_train_epoch:
(VERY_HIGH   ) StepLrUpdaterHook                  
(NORMAL      ) EvalHook                           
(NORMAL      ) NumClassCheckHook                  
(LOW         ) IterTimerHook                      
(VERY_LOW    ) TextLoggerHook                     
 -------------------- 
before_train_iter:
(VERY_HIGH   ) StepLrUpdaterHook                  
(NORMAL      ) EvalHook                           
(LOW         ) IterTimerHook                      
 -------------------- 
after_train_iter:
(ABOVE_NORMAL) OptimizerHook                      
(NORMAL      ) CheckpointHook                     
(NORMAL      ) EvalHook                           
(LOW         ) IterTimerHook                      
(VERY_LOW    ) TextLoggerHook                     
 -------------------- 
after_train_epoch:
(NORMAL      ) CheckpointHook                     
(NORMAL      ) EvalHook                           
(VERY_LOW    ) TextLoggerHook                     
 -------------------- 
before_val_epoch:
(NORMAL      ) NumClassCheckHook                  
(LOW         ) IterTimerHook                      
(VERY_LOW    ) TextLoggerHook                     
 -------------------- 
before_val_iter:
(LOW         ) IterTimerHook                      
 -------------------- 
after_val_iter:
(LOW         ) IterTimerHook                      
 -------------------- 
after_val_epoch:
(VERY_LOW    ) TextLoggerHook                     
 -------------------- 
after_run:
(VERY_LOW    ) TextLoggerHook                     
 -------------------- 
2026-06-30 18:33:44,432 - mmdet - INFO - workflow: [('train', 1)], max: 5 epochs
2026-06-30 18:33:44,432 - mmdet - INFO - Checkpoints will be saved to /content/drive/MyDrive/Ablation/full by HardDiskBackend.
2026-06-30 18:36:35,514 - mmdet - INFO - Epoch [1][50/1324]	lr: 9.890e-04, eta: 6:14:24, time: 3.419, data_time: 0.157, memory: 9589, noise_inv_loss: 0.0008, clean_loss_rpn_cls: 0.0500, clean_loss_rpn_bbox: 0.0206, clean_loss_cls: 0.1375, clean_acc: 95.4395, clean_loss_bbox: 0.1448, clean_loss_mask: 0.3208, clean_edge_loss: 0.8930, loss_rpn_cls: 0.0639, loss_rpn_bbox: 0.0218, loss_cls: 0.1456, acc: 95.6147, loss_bbox: 0.1397, loss_mask: 0.3684, edge_loss: 0.8923, loss: 3.1991
2026-06-30 18:39:16,015 - mmdet - INFO - Epoch [1][100/1324]	lr: 1.988e-03, eta: 6:00:11, time: 3.210, data_time: 0.039, memory: 10006, noise_inv_loss: 0.0009, clean_loss_rpn_cls: 0.0320, clean_loss_rpn_bbox: 0.0175, clean_loss_cls: 0.1264, clean_acc: 95.5156, clean_loss_bbox: 0.1423, clean_loss_mask: 0.2909, clean_edge_loss: 0.7925, loss_rpn_cls: 0.0470, loss_rpn_bbox: 0.0194, loss_cls: 0.1389, acc: 95.5142, loss_bbox: 0.1445, loss_mask: 0.3277, edge_loss: 0.7950, loss: 2.8750
2026-06-30 18:41:56,868 - mmdet - INFO - Epoch [1][150/1324]	lr: 2.987e-03, eta: 5:53:55, time: 3.217, data_time: 0.039, memory: 10006, noise_inv_loss: 0.0009, clean_loss_rpn_cls: 0.0293, clean_loss_rpn_bbox: 0.0174, clean_loss_cls: 0.1202, clean_acc: 95.6860, clean_loss_bbox: 0.1359, clean_loss_mask: 0.2957, clean_edge_loss: 0.7477, loss_rpn_cls: 0.0426, loss_rpn_bbox: 0.0191, loss_cls: 0.1332, acc: 95.6001, loss_bbox: 0.1387, loss_mask: 0.3418, edge_loss: 0.7487, loss: 2.7712
2026-06-30 18:44:36,831 - mmdet - INFO - Epoch [1][200/1324]	lr: 3.986e-03, eta: 5:48:58, time: 3.199, data_time: 0.035, memory: 10006, noise_inv_loss: 0.0008, clean_loss_rpn_cls: 0.0250, clean_loss_rpn_bbox: 0.0157, clean_loss_cls: 0.1143, clean_acc: 95.8892, clean_loss_bbox: 0.1298, clean_loss_mask: 0.3031, clean_edge_loss: 0.7411, loss_rpn_cls: 0.0365, loss_rpn_bbox: 0.0175, loss_cls: 0.1288, acc: 95.6909, loss_bbox: 0.1327, loss_mask: 0.3431, edge_loss: 0.7424, loss: 2.7309
2026-06-30 18:47:18,660 - mmdet - INFO - Epoch [1][250/1324]	lr: 4.985e-03, eta: 5:45:43, time: 3.237, data_time: 0.045, memory: 10187, noise_inv_loss: 0.0009, clean_loss_rpn_cls: 0.0291, clean_loss_rpn_bbox: 0.0202, clean_loss_cls: 0.1261, clean_acc: 95.5718, clean_loss_bbox: 0.1503, clean_loss_mask: 0.3060, clean_edge_loss: 0.7581, loss_rpn_cls: 0.0433, loss_rpn_bbox: 0.0224, loss_cls: 0.1433, acc: 95.3828, loss_bbox: 0.1500, loss_mask: 0.3467, edge_loss: 0.7604, loss: 2.8567
2026-06-30 18:50:00,206 - mmdet - INFO - Epoch [1][300/1324]	lr: 5.984e-03, eta: 5:42:33, time: 3.231, data_time: 0.040, memory: 10187, noise_inv_loss: 0.0009, clean_loss_rpn_cls: 0.0299, clean_loss_rpn_bbox: 0.0189, clean_loss_cls: 0.1162, clean_acc: 95.9644, clean_loss_bbox: 0.1343, clean_loss_mask: 0.3124, clean_edge_loss: 0.7548, loss_rpn_cls: 0.0456, loss_rpn_bbox: 0.0211, loss_cls: 0.1317, acc: 95.8105, loss_bbox: 0.1350, loss_mask: 0.3595, edge_loss: 0.7572, loss: 2.8175
2026-06-30 18:52:41,504 - mmdet - INFO - Epoch [1][350/1324]	lr: 6.983e-03, eta: 5:39:27, time: 3.226, data_time: 0.043, memory: 10187, noise_inv_loss: 0.0009, clean_loss_rpn_cls: 0.0276, clean_loss_rpn_bbox: 0.0166, clean_loss_cls: 0.1170, clean_acc: 95.9028, clean_loss_bbox: 0.1349, clean_loss_mask: 0.2935, clean_edge_loss: 0.7352, loss_rpn_cls: 0.0395, loss_rpn_bbox: 0.0184, loss_cls: 0.1314, acc: 95.7544, loss_bbox: 0.1348, loss_mask: 0.3411, edge_loss: 0.7377, loss: 2.7287
2026-06-30 18:55:22,038 - mmdet - INFO - Epoch [1][400/1324]	lr: 7.982e-03, eta: 5:36:15, time: 3.211, data_time: 0.039, memory: 10187, noise_inv_loss: 0.0009, clean_loss_rpn_cls: 0.0297, clean_loss_rpn_bbox: 0.0168, clean_loss_cls: 0.1152, clean_acc: 96.0762, clean_loss_bbox: 0.1279, clean_loss_mask: 0.3045, clean_edge_loss: 0.7344, loss_rpn_cls: 0.0420, loss_rpn_bbox: 0.0187, loss_cls: 0.1303, acc: 95.9014, loss_bbox: 0.1291, loss_mask: 0.3498, edge_loss: 0.7381, loss: 2.7373
2026-06-30 18:58:04,631 - mmdet - INFO - Epoch [1][450/1324]	lr: 8.981e-03, eta: 5:33:39, time: 3.252, data_time: 0.040, memory: 10187, noise_inv_loss: 0.0008, clean_loss_rpn_cls: 0.0266, clean_loss_rpn_bbox: 0.0175, clean_loss_cls: 0.1287, clean_acc: 95.4829, clean_loss_bbox: 0.1425, clean_loss_mask: 0.2992, clean_edge_loss: 0.7408, loss_rpn_cls: 0.0386, loss_rpn_bbox: 0.0192, loss_cls: 0.1406, acc: 95.4785, loss_bbox: 0.1407, loss_mask: 0.3391, edge_loss: 0.7434, loss: 2.7778
2026-06-30 19:00:47,910 - mmdet - INFO - Epoch [1][500/1324]	lr: 9.980e-03, eta: 5:31:09, time: 3.266, data_time: 0.039, memory: 10187, noise_inv_loss: 0.0008, clean_loss_rpn_cls: 0.0317, clean_loss_rpn_bbox: 0.0192, clean_loss_cls: 0.1288, clean_acc: 95.5688, clean_loss_bbox: 0.1377, clean_loss_mask: 0.3092, clean_edge_loss: 0.7553, loss_rpn_cls: 0.0430, loss_rpn_bbox: 0.0211, loss_cls: 0.1437, acc: 95.5386, loss_bbox: 0.1388, loss_mask: 0.3525, edge_loss: 0.7574, loss: 2.8394
2026-06-30 19:03:29,003 - mmdet - INFO - Epoch [1][550/1324]	lr: 1.000e-02, eta: 5:28:13, time: 3.222, data_time: 0.044, memory: 10187, noise_inv_loss: 0.0008, clean_loss_rpn_cls: 0.0322, clean_loss_rpn_bbox: 0.0177, clean_loss_cls: 0.1260, clean_acc: 95.5850, clean_loss_bbox: 0.1371, clean_loss_mask: 0.3207, clean_edge_loss: 0.7388, loss_rpn_cls: 0.0474, loss_rpn_bbox: 0.0193, loss_cls: 0.1399, acc: 95.6699, loss_bbox: 0.1350, loss_mask: 0.3598, edge_loss: 0.7421, loss: 2.8167
2026-06-30 19:06:12,397 - mmdet - INFO - Epoch [1][600/1324]	lr: 1.000e-02, eta: 5:25:43, time: 3.268, data_time: 0.041, memory: 10187, noise_inv_loss: 0.0008, clean_loss_rpn_cls: 0.0343, clean_loss_rpn_bbox: 0.0215, clean_loss_cls: 0.1343, clean_acc: 95.4126, clean_loss_bbox: 0.1523, clean_loss_mask: 0.3225, clean_edge_loss: 0.7578, loss_rpn_cls: 0.0492, loss_rpn_bbox: 0.0229, loss_cls: 0.1498, acc: 95.2866, loss_bbox: 0.1480, loss_mask: 0.3583, edge_loss: 0.7610, loss: 2.9128
2026-06-30 19:08:52,792 - mmdet - INFO - Epoch [1][650/1324]	lr: 1.000e-02, eta: 5:22:43, time: 3.208, data_time: 0.041, memory: 10413, noise_inv_loss: 0.0008, clean_loss_rpn_cls: 0.0334, clean_loss_rpn_bbox: 0.0190, clean_loss_cls: 0.1290, clean_acc: 95.5669, clean_loss_bbox: 0.1396, clean_loss_mask: 0.3237, clean_edge_loss: 0.7462, loss_rpn_cls: 0.0455, loss_rpn_bbox: 0.0203, loss_cls: 0.1408, acc: 95.5503, loss_bbox: 0.1386, loss_mask: 0.3619, edge_loss: 0.7485, loss: 2.8472
2026-06-30 19:11:32,755 - mmdet - INFO - Epoch [1][700/1324]	lr: 1.000e-02, eta: 5:19:42, time: 3.199, data_time: 0.037, memory: 10413, noise_inv_loss: 0.0008, clean_loss_rpn_cls: 0.0310, clean_loss_rpn_bbox: 0.0188, clean_loss_cls: 0.1303, clean_acc: 95.6553, clean_loss_bbox: 0.1428, clean_loss_mask: 0.3130, clean_edge_loss: 0.7452, loss_rpn_cls: 0.0464, loss_rpn_bbox: 0.0208, loss_cls: 0.1424, acc: 95.6660, loss_bbox: 0.1374, loss_mask: 0.3588, edge_loss: 0.7486, loss: 2.8363
2026-06-30 19:14:11,100 - mmdet - INFO - Epoch [1][750/1324]	lr: 1.000e-02, eta: 5:16:31, time: 3.167, data_time: 0.041, memory: 10413, noise_inv_loss: 0.0008, clean_loss_rpn_cls: 0.0345, clean_loss_rpn_bbox: 0.0188, clean_loss_cls: 0.1355, clean_acc: 95.5845, clean_loss_bbox: 0.1399, clean_loss_mask: 0.3204, clean_edge_loss: 0.7316, loss_rpn_cls: 0.0475, loss_rpn_bbox: 0.0204, loss_cls: 0.1480, acc: 95.5669, loss_bbox: 0.1388, loss_mask: 0.3612, edge_loss: 0.7350, loss: 2.8324
2026-06-30 19:16:53,850 - mmdet - INFO - Epoch [1][800/1324]	lr: 1.000e-02, eta: 5:13:56, time: 3.255, data_time: 0.039, memory: 10413, noise_inv_loss: 0.0008, clean_loss_rpn_cls: 0.0338, clean_loss_rpn_bbox: 0.0210, clean_loss_cls: 0.1302, clean_acc: 95.5728, clean_loss_bbox: 0.1485, clean_loss_mask: 0.3039, clean_edge_loss: 0.7527, loss_rpn_cls: 0.0479, loss_rpn_bbox: 0.0229, loss_cls: 0.1459, acc: 95.4585, loss_bbox: 0.1499, loss_mask: 0.3412, edge_loss: 0.7571, loss: 2.8559
2026-06-30 19:19:32,864 - mmdet - INFO - Epoch [1][850/1324]	lr: 1.000e-02, eta: 5:10:56, time: 3.180, data_time: 0.042, memory: 10413, noise_inv_loss: 0.0008, clean_loss_rpn_cls: 0.0324, clean_loss_rpn_bbox: 0.0199, clean_loss_cls: 0.1335, clean_acc: 95.4219, clean_loss_bbox: 0.1505, clean_loss_mask: 0.3310, clean_edge_loss: 0.7355, loss_rpn_cls: 0.0455, loss_rpn_bbox: 0.0212, loss_cls: 0.1450, acc: 95.4287, loss_bbox: 0.1460, loss_mask: 0.3683, edge_loss: 0.7394, loss: 2.8690
2026-06-30 19:22:14,429 - mmdet - INFO - Epoch [1][900/1324]	lr: 1.000e-02, eta: 5:08:13, time: 3.231, data_time: 0.039, memory: 10413, noise_inv_loss: 0.0008, clean_loss_rpn_cls: 0.0333, clean_loss_rpn_bbox: 0.0202, clean_loss_cls: 0.1334, clean_acc: 95.4575, clean_loss_bbox: 0.1498, clean_loss_mask: 0.3138, clean_edge_loss: 0.7477, loss_rpn_cls: 0.0479, loss_rpn_bbox: 0.0223, loss_cls: 0.1496, acc: 95.3594, loss_bbox: 0.1475, loss_mask: 0.3491, edge_loss: 0.7519, loss: 2.8674
2026-06-30 19:24:54,796 - mmdet - INFO - Epoch [1][950/1324]	lr: 1.000e-02, eta: 5:05:24, time: 3.207, data_time: 0.039, memory: 10413, noise_inv_loss: 0.0008, clean_loss_rpn_cls: 0.0305, clean_loss_rpn_bbox: 0.0171, clean_loss_cls: 0.1272, clean_acc: 95.6592, clean_loss_bbox: 0.1358, clean_loss_mask: 0.3191, clean_edge_loss: 0.7385, loss_rpn_cls: 0.0470, loss_rpn_bbox: 0.0188, loss_cls: 0.1393, acc: 95.7373, loss_bbox: 0.1343, loss_mask: 0.3634, edge_loss: 0.7421, loss: 2.8140
2026-06-30 19:27:34,025 - mmdet - INFO - Exp name: train_kaggle.py
2026-06-30 19:27:34,025 - mmdet - INFO - Epoch [1][1000/1324]	lr: 1.000e-02, eta: 5:02:29, time: 3.185, data_time: 0.036, memory: 10413, noise_inv_loss: 0.0008, clean_loss_rpn_cls: 0.0292, clean_loss_rpn_bbox: 0.0159, clean_loss_cls: 0.1200, clean_acc: 95.8511, clean_loss_bbox: 0.1344, clean_loss_mask: 0.3222, clean_edge_loss: 0.7236, loss_rpn_cls: 0.0419, loss_rpn_bbox: 0.0171, loss_cls: 0.1345, acc: 95.6807, loss_bbox: 0.1312, loss_mask: 0.3636, edge_loss: 0.7266, loss: 2.7610
2026-06-30 19:30:13,116 - mmdet - INFO - Epoch [1][1050/1324]	lr: 1.000e-02, eta: 4:59:35, time: 3.182, data_time: 0.042, memory: 10413, noise_inv_loss: 0.0008, clean_loss_rpn_cls: 0.0331, clean_loss_rpn_bbox: 0.0203, clean_loss_cls: 0.1334, clean_acc: 95.3999, clean_loss_bbox: 0.1495, clean_loss_mask: 0.3249, clean_edge_loss: 0.7393, loss_rpn_cls: 0.0472, loss_rpn_bbox: 0.0216, loss_cls: 0.1443, acc: 95.3975, loss_bbox: 0.1477, loss_mask: 0.3695, edge_loss: 0.7427, loss: 2.8743
2026-06-30 19:32:55,408 - mmdet - INFO - Epoch [1][1100/1324]	lr: 1.000e-02, eta: 4:56:58, time: 3.246, data_time: 0.041, memory: 10413, noise_inv_loss: 0.0008, clean_loss_rpn_cls: 0.0351, clean_loss_rpn_bbox: 0.0211, clean_loss_cls: 0.1426, clean_acc: 95.0435, clean_loss_bbox: 0.1596, clean_loss_mask: 0.3256, clean_edge_loss: 0.7515, loss_rpn_cls: 0.0487, loss_rpn_bbox: 0.0226, loss_cls: 0.1558, acc: 95.0405, loss_bbox: 0.1591, loss_mask: 0.3707, edge_loss: 0.7552, loss: 2.9484
2026-06-30 19:35:33,256 - mmdet - INFO - Epoch [1][1150/1324]	lr: 1.000e-02, eta: 4:54:00, time: 3.157, data_time: 0.039, memory: 10413, noise_inv_loss: 0.0008, clean_loss_rpn_cls: 0.0332, clean_loss_rpn_bbox: 0.0182, clean_loss_cls: 0.1291, clean_acc: 95.7554, clean_loss_bbox: 0.1309, clean_loss_mask: 0.3151, clean_edge_loss: 0.7305, loss_rpn_cls: 0.0454, loss_rpn_bbox: 0.0197, loss_cls: 0.1423, acc: 95.6138, loss_bbox: 0.1337, loss_mask: 0.3605, edge_loss: 0.7339, loss: 2.7933
2026-06-30 19:38:13,116 - mmdet - INFO - Epoch [1][1200/1324]	lr: 1.000e-02, eta: 4:51:12, time: 3.197, data_time: 0.040, memory: 10426, noise_inv_loss: 0.0008, clean_loss_rpn_cls: 0.0340, clean_loss_rpn_bbox: 0.0220, clean_loss_cls: 0.1425, clean_acc: 95.1001, clean_loss_bbox: 0.1537, clean_loss_mask: 0.3184, clean_edge_loss: 0.7438, loss_rpn_cls: 0.0523, loss_rpn_bbox: 0.0244, loss_cls: 0.1557, acc: 95.1089, loss_bbox: 0.1532, loss_mask: 0.3606, edge_loss: 0.7479, loss: 2.9093
2026-06-30 19:40:54,066 - mmdet - INFO - Epoch [1][1250/1324]	lr: 1.000e-02, eta: 4:48:30, time: 3.219, data_time: 0.043, memory: 10426, noise_inv_loss: 0.0008, clean_loss_rpn_cls: 0.0326, clean_loss_rpn_bbox: 0.0198, clean_loss_cls: 0.1428, clean_acc: 95.0679, clean_loss_bbox: 0.1563, clean_loss_mask: 0.3171, clean_edge_loss: 0.7442, loss_rpn_cls: 0.0462, loss_rpn_bbox: 0.0213, loss_cls: 0.1584, acc: 94.9678, loss_bbox: 0.1582, loss_mask: 0.3549, edge_loss: 0.7475, loss: 2.9001
2026-06-30 19:43:33,364 - mmdet - INFO - Epoch [1][1300/1324]	lr: 1.000e-02, eta: 4:45:41, time: 3.186, data_time: 0.038, memory: 10426, noise_inv_loss: 0.0008, clean_loss_rpn_cls: 0.0299, clean_loss_rpn_bbox: 0.0184, clean_loss_cls: 0.1300, clean_acc: 95.5742, clean_loss_bbox: 0.1408, clean_loss_mask: 0.3135, clean_edge_loss: 0.7323, loss_rpn_cls: 0.0454, loss_rpn_bbox: 0.0197, loss_cls: 0.1427, acc: 95.4214, loss_bbox: 0.1404, loss_mask: 0.3512, edge_loss: 0.7368, loss: 2.8019
2026-06-30 19:46:20,998 - mmdet - INFO - Evaluating bbox...
2026-06-30 19:46:22,734 - mmdet - INFO - 
+-----------+-------+-----------+-------+-------------+-------+
| category  | AP    | category  | AP    | category    | AP    |
+-----------+-------+-----------+-------+-------------+-------+
| bicycle   | 0.286 | chair     | 0.570 | diningtable | 0.225 |
| bottle    | 0.418 | motorbike | 0.333 | car         | 0.289 |
| tvmonitor | 0.140 | bus       | 0.272 | None        | None  |
+-----------+-------+-----------+-------+-------------+-------+
2026-06-30 19:46:22,734 - mmdet - INFO - Evaluating segm...
2026-06-30 19:46:25,299 - mmdet - INFO - 
+-----------+-------+-----------+-------+-------------+-------+
| category  | AP    | category  | AP    | category    | AP    |
+-----------+-------+-----------+-------+-------------+-------+
| bicycle   | 0.141 | chair     | 0.544 | diningtable | 0.192 |
| bottle    | 0.449 | motorbike | 0.326 | car         | 0.126 |
| tvmonitor | 0.036 | bus       | 0.307 | None        | None  |
+-----------+-------+-----------+-------+-------------+-------+
2026-06-30 19:46:28,832 - mmdet - INFO - Now best checkpoint is saved as best_bbox_mAP_epoch_1.pth.
2026-06-30 19:46:28,834 - mmdet - INFO - Best bbox_mAP is 0.3170 at 1 epoch.
2026-06-30 19:46:28,844 - mmdet - INFO - Exp name: train_kaggle.py
2026-06-30 19:46:28,845 - mmdet - INFO - Epoch(val) [1][669]	bbox_mAP: 0.3170, bbox_mAP_50: 0.5290, bbox_mAP_75: 0.3340, bbox_mAP_s: 0.0000, bbox_mAP_m: 0.0780, bbox_mAP_l: 0.3930, bbox_mAP_copypaste: 0.317 0.529 0.334 0.000 0.078 0.393, segm_mAP: 0.2650, segm_mAP_50: 0.4680, segm_mAP_75: 0.2580, segm_mAP_s: 0.0000, segm_mAP_m: 0.0600, segm_mAP_l: 0.3380, segm_mAP_copypaste: 0.265 0.468 0.258 0.000 0.060 0.338
2026-06-30 19:49:19,763 - mmdet - INFO - Epoch [2][50/1324]	lr: 1.000e-02, eta: 4:37:25, time: 3.416, data_time: 0.193, memory: 10426, noise_inv_loss: 0.0008, clean_loss_rpn_cls: 0.0276, clean_loss_rpn_bbox: 0.0187, clean_loss_cls: 0.1201, clean_acc: 95.8003, clean_loss_bbox: 0.1374, clean_loss_mask: 0.3022, clean_edge_loss: 0.7350, loss_rpn_cls: 0.0399, loss_rpn_bbox: 0.0203, loss_cls: 0.1338, acc: 95.6680, loss_bbox: 0.1374, loss_mask: 0.3414, edge_loss: 0.7389, loss: 2.7535
2026-06-30 19:51:59,508 - mmdet - INFO - Epoch [2][100/1324]	lr: 1.000e-02, eta: 4:34:50, time: 3.195, data_time: 0.038, memory: 10426, noise_inv_loss: 0.0008, clean_loss_rpn_cls: 0.0294, clean_loss_rpn_bbox: 0.0199, clean_loss_cls: 0.1199, clean_acc: 95.6689, clean_loss_bbox: 0.1424, clean_loss_mask: 0.3113, clean_edge_loss: 0.7382, loss_rpn_cls: 0.0438, loss_rpn_bbox: 0.0216, loss_cls: 0.1333, acc: 95.6143, loss_bbox: 0.1404, loss_mask: 0.3517, edge_loss: 0.7430, loss: 2.7955
2026-06-30 19:54:38,280 - mmdet - INFO - Epoch [2][150/1324]	lr: 1.000e-02, eta: 4:32:12, time: 3.175, data_time: 0.042, memory: 10426, noise_inv_loss: 0.0008, clean_loss_rpn_cls: 0.0257, clean_loss_rpn_bbox: 0.0194, clean_loss_cls: 0.1231, clean_acc: 95.6968, clean_loss_bbox: 0.1431, clean_loss_mask: 0.3150, clean_edge_loss: 0.7286, loss_rpn_cls: 0.0408, loss_rpn_bbox: 0.0214, loss_cls: 0.1373, acc: 95.6367, loss_bbox: 0.1410, loss_mask: 0.3588, edge_loss: 0.7338, loss: 2.7888
2026-06-30 19:57:17,770 - mmdet - INFO - Epoch [2][200/1324]	lr: 1.000e-02, eta: 4:29:36, time: 3.190, data_time: 0.037, memory: 10426, noise_inv_loss: 0.0008, clean_loss_rpn_cls: 0.0279, clean_loss_rpn_bbox: 0.0178, clean_loss_cls: 0.1219, clean_acc: 95.7397, clean_loss_bbox: 0.1390, clean_loss_mask: 0.2973, clean_edge_loss: 0.7392, loss_rpn_cls: 0.0395, loss_rpn_bbox: 0.0194, loss_cls: 0.1317, acc: 95.6997, loss_bbox: 0.1377, loss_mask: 0.3354, edge_loss: 0.7431, loss: 2.7506
2026-06-30 19:59:58,785 - mmdet - INFO - Epoch [2][250/1324]	lr: 1.000e-02, eta: 4:27:04, time: 3.220, data_time: 0.040, memory: 10554, noise_inv_loss: 0.0008, clean_loss_rpn_cls: 0.0262, clean_loss_rpn_bbox: 0.0200, clean_loss_cls: 0.1242, clean_acc: 95.6196, clean_loss_bbox: 0.1392, clean_loss_mask: 0.2972, clean_edge_loss: 0.7393, loss_rpn_cls: 0.0402, loss_rpn_bbox: 0.0221, loss_cls: 0.1432, acc: 95.3638, loss_bbox: 0.1425, loss_mask: 0.3434, edge_loss: 0.7444, loss: 2.7829
2026-06-30 20:02:38,682 - mmdet - INFO - Epoch [2][300/1324]	lr: 1.000e-02, eta: 4:24:29, time: 3.198, data_time: 0.040, memory: 10554, noise_inv_loss: 0.0008, clean_loss_rpn_cls: 0.0280, clean_loss_rpn_bbox: 0.0188, clean_loss_cls: 0.1200, clean_acc: 95.8032, clean_loss_bbox: 0.1392, clean_loss_mask: 0.2977, clean_edge_loss: 0.7231, loss_rpn_cls: 0.0426, loss_rpn_bbox: 0.0204, loss_cls: 0.1289, acc: 95.7485, loss_bbox: 0.1357, loss_mask: 0.3301, edge_loss: 0.7269, loss: 2.7122
2026-06-30 20:05:20,219 - mmdet - INFO - Epoch [2][350/1324]	lr: 1.000e-02, eta: 4:21:58, time: 3.231, data_time: 0.040, memory: 10605, noise_inv_loss: 0.0008, clean_loss_rpn_cls: 0.0291, clean_loss_rpn_bbox: 0.0190, clean_loss_cls: 0.1360, clean_acc: 95.2290, clean_loss_bbox: 0.1518, clean_loss_mask: 0.3080, clean_edge_loss: 0.7382, loss_rpn_cls: 0.0438, loss_rpn_bbox: 0.0209, loss_cls: 0.1519, acc: 95.1299, loss_bbox: 0.1523, loss_mask: 0.3499, edge_loss: 0.7426, loss: 2.8443
2026-06-30 20:07:59,217 - mmdet - INFO - Epoch [2][400/1324]	lr: 1.000e-02, eta: 4:19:19, time: 3.180, data_time: 0.037, memory: 10605, noise_inv_loss: 0.0008, clean_loss_rpn_cls: 0.0259, clean_loss_rpn_bbox: 0.0178, clean_loss_cls: 0.1238, clean_acc: 95.5791, clean_loss_bbox: 0.1468, clean_loss_mask: 0.3114, clean_edge_loss: 0.7381, loss_rpn_cls: 0.0377, loss_rpn_bbox: 0.0186, loss_cls: 0.1362, acc: 95.4541, loss_bbox: 0.1470, loss_mask: 0.3457, edge_loss: 0.7436, loss: 2.7934
2026-06-30 20:10:36,894 - mmdet - INFO - Epoch [2][450/1324]	lr: 1.000e-02, eta: 4:16:37, time: 3.153, data_time: 0.039, memory: 10605, noise_inv_loss: 0.0008, clean_loss_rpn_cls: 0.0246, clean_loss_rpn_bbox: 0.0164, clean_loss_cls: 0.1227, clean_acc: 95.6396, clean_loss_bbox: 0.1387, clean_loss_mask: 0.2990, clean_edge_loss: 0.7295, loss_rpn_cls: 0.0409, loss_rpn_bbox: 0.0178, loss_cls: 0.1352, acc: 95.5757, loss_bbox: 0.1369, loss_mask: 0.3423, edge_loss: 0.7330, loss: 2.7377
2026-06-30 20:13:13,899 - mmdet - INFO - Epoch [2][500/1324]	lr: 1.000e-02, eta: 4:13:53, time: 3.140, data_time: 0.039, memory: 10605, noise_inv_loss: 0.0008, clean_loss_rpn_cls: 0.0260, clean_loss_rpn_bbox: 0.0172, clean_loss_cls: 0.1156, clean_acc: 95.9546, clean_loss_bbox: 0.1350, clean_loss_mask: 0.3078, clean_edge_loss: 0.7336, loss_rpn_cls: 0.0381, loss_rpn_bbox: 0.0187, loss_cls: 0.1265, acc: 95.7783, loss_bbox: 0.1340, loss_mask: 0.3486, edge_loss: 0.7373, loss: 2.7393
2026-06-30 20:15:53,198 - mmdet - INFO - Epoch [2][550/1324]	lr: 1.000e-02, eta: 4:11:16, time: 3.186, data_time: 0.039, memory: 10605, noise_inv_loss: 0.0008, clean_loss_rpn_cls: 0.0283, clean_loss_rpn_bbox: 0.0188, clean_loss_cls: 0.1259, clean_acc: 95.6914, clean_loss_bbox: 0.1398, clean_loss_mask: 0.3033, clean_edge_loss: 0.7285, loss_rpn_cls: 0.0440, loss_rpn_bbox: 0.0210, loss_cls: 0.1388, acc: 95.5776, loss_bbox: 0.1382, loss_mask: 0.3437, edge_loss: 0.7336, loss: 2.7647
2026-06-30 20:18:32,569 - mmdet - INFO - Epoch [2][600/1324]	lr: 1.000e-02, eta: 4:08:38, time: 3.187, data_time: 0.039, memory: 10605, noise_inv_loss: 0.0008, clean_loss_rpn_cls: 0.0305, clean_loss_rpn_bbox: 0.0204, clean_loss_cls: 0.1302, clean_acc: 95.5645, clean_loss_bbox: 0.1521, clean_loss_mask: 0.3083, clean_edge_loss: 0.7321, loss_rpn_cls: 0.0466, loss_rpn_bbox: 0.0219, loss_cls: 0.1435, acc: 95.4849, loss_bbox: 0.1476, loss_mask: 0.3496, edge_loss: 0.7365, loss: 2.8202
2026-06-30 20:21:11,472 - mmdet - INFO - Epoch [2][650/1324]	lr: 1.000e-02, eta: 4:06:00, time: 3.178, data_time: 0.040, memory: 10605, noise_inv_loss: 0.0008, clean_loss_rpn_cls: 0.0268, clean_loss_rpn_bbox: 0.0190, clean_loss_cls: 0.1166, clean_acc: 95.8716, clean_loss_bbox: 0.1384, clean_loss_mask: 0.3045, clean_edge_loss: 0.7368, loss_rpn_cls: 0.0384, loss_rpn_bbox: 0.0206, loss_cls: 0.1278, acc: 95.8320, loss_bbox: 0.1346, loss_mask: 0.3408, edge_loss: 0.7416, loss: 2.7468
2026-06-30 20:23:49,674 - mmdet - INFO - Epoch [2][700/1324]	lr: 1.000e-02, eta: 4:03:19, time: 3.164, data_time: 0.035, memory: 10605, noise_inv_loss: 0.0008, clean_loss_rpn_cls: 0.0269, clean_loss_rpn_bbox: 0.0189, clean_loss_cls: 0.1192, clean_acc: 95.8511, clean_loss_bbox: 0.1365, clean_loss_mask: 0.3097, clean_edge_loss: 0.7290, loss_rpn_cls: 0.0409, loss_rpn_bbox: 0.0202, loss_cls: 0.1320, acc: 95.7764, loss_bbox: 0.1342, loss_mask: 0.3474, edge_loss: 0.7337, loss: 2.7492
2026-06-30 20:26:31,599 - mmdet - INFO - Epoch [2][750/1324]	lr: 1.000e-02, eta: 4:00:47, time: 3.239, data_time: 0.042, memory: 10605, noise_inv_loss: 0.0008, clean_loss_rpn_cls: 0.0323, clean_loss_rpn_bbox: 0.0197, clean_loss_cls: 0.1303, clean_acc: 95.4995, clean_loss_bbox: 0.1473, clean_loss_mask: 0.3075, clean_edge_loss: 0.7339, loss_rpn_cls: 0.0446, loss_rpn_bbox: 0.0208, loss_cls: 0.1432, acc: 95.3677, loss_bbox: 0.1486, loss_mask: 0.3428, edge_loss: 0.7381, loss: 2.8099
2026-06-30 20:29:15,578 - mmdet - INFO - Epoch [2][800/1324]	lr: 1.000e-02, eta: 3:58:19, time: 3.280, data_time: 0.038, memory: 10605, noise_inv_loss: 0.0008, clean_loss_rpn_cls: 0.0287, clean_loss_rpn_bbox: 0.0201, clean_loss_cls: 0.1277, clean_acc: 95.4448, clean_loss_bbox: 0.1483, clean_loss_mask: 0.3052, clean_edge_loss: 0.7333, loss_rpn_cls: 0.0432, loss_rpn_bbox: 0.0216, loss_cls: 0.1412, acc: 95.3862, loss_bbox: 0.1482, loss_mask: 0.3460, edge_loss: 0.7374, loss: 2.8017
2026-06-30 20:31:59,233 - mmdet - INFO - Epoch [2][850/1324]	lr: 1.000e-02, eta: 3:55:49, time: 3.273, data_time: 0.041, memory: 10605, noise_inv_loss: 0.0008, clean_loss_rpn_cls: 0.0265, clean_loss_rpn_bbox: 0.0205, clean_loss_cls: 0.1308, clean_acc: 95.4175, clean_loss_bbox: 0.1515, clean_loss_mask: 0.3012, clean_edge_loss: 0.7472, loss_rpn_cls: 0.0419, loss_rpn_bbox: 0.0218, loss_cls: 0.1460, acc: 95.3018, loss_bbox: 0.1523, loss_mask: 0.3445, edge_loss: 0.7518, loss: 2.8369
2026-06-30 20:34:38,346 - mmdet - INFO - Epoch [2][900/1324]	lr: 1.000e-02, eta: 3:53:10, time: 3.182, data_time: 0.037, memory: 10605, noise_inv_loss: 0.0008, clean_loss_rpn_cls: 0.0276, clean_loss_rpn_bbox: 0.0175, clean_loss_cls: 0.1190, clean_acc: 95.8120, clean_loss_bbox: 0.1341, clean_loss_mask: 0.3048, clean_edge_loss: 0.7329, loss_rpn_cls: 0.0425, loss_rpn_bbox: 0.0191, loss_cls: 0.1310, acc: 95.8145, loss_bbox: 0.1303, loss_mask: 0.3470, edge_loss: 0.7375, loss: 2.7441
2026-06-30 20:37:17,662 - mmdet - INFO - Epoch [2][950/1324]	lr: 1.000e-02, eta: 3:50:32, time: 3.186, data_time: 0.040, memory: 10605, noise_inv_loss: 0.0008, clean_loss_rpn_cls: 0.0289, clean_loss_rpn_bbox: 0.0173, clean_loss_cls: 0.1211, clean_acc: 95.8755, clean_loss_bbox: 0.1330, clean_loss_mask: 0.3053, clean_edge_loss: 0.7302, loss_rpn_cls: 0.0433, loss_rpn_bbox: 0.0192, loss_cls: 0.1375, acc: 95.8096, loss_bbox: 0.1307, loss_mask: 0.3461, edge_loss: 0.7354, loss: 2.7490
2026-06-30 20:40:00,071 - mmdet - INFO - Epoch [2][1000/1324]	lr: 1.000e-02, eta: 3:47:58, time: 3.248, data_time: 0.041, memory: 10605, noise_inv_loss: 0.0008, clean_loss_rpn_cls: 0.0317, clean_loss_rpn_bbox: 0.0184, clean_loss_cls: 0.1344, clean_acc: 95.2769, clean_loss_bbox: 0.1490, clean_loss_mask: 0.3178, clean_edge_loss: 0.7437, loss_rpn_cls: 0.0451, loss_rpn_bbox: 0.0203, loss_cls: 0.1493, acc: 95.2368, loss_bbox: 0.1479, loss_mask: 0.3619, edge_loss: 0.7483, loss: 2.8687
2026-06-30 20:42:41,088 - mmdet - INFO - Epoch [2][1050/1324]	lr: 1.000e-02, eta: 3:45:22, time: 3.220, data_time: 0.041, memory: 10605, noise_inv_loss: 0.0008, clean_loss_rpn_cls: 0.0284, clean_loss_rpn_bbox: 0.0182, clean_loss_cls: 0.1259, clean_acc: 95.6465, clean_loss_bbox: 0.1470, clean_loss_mask: 0.3151, clean_edge_loss: 0.7389, loss_rpn_cls: 0.0445, loss_rpn_bbox: 0.0201, loss_cls: 0.1420, acc: 95.5459, loss_bbox: 0.1475, loss_mask: 0.3576, edge_loss: 0.7438, loss: 2.8298
2026-06-30 20:45:18,330 - mmdet - INFO - Epoch [2][1100/1324]	lr: 1.000e-02, eta: 3:42:40, time: 3.145, data_time: 0.038, memory: 10605, noise_inv_loss: 0.0008, clean_loss_rpn_cls: 0.0280, clean_loss_rpn_bbox: 0.0160, clean_loss_cls: 0.1178, clean_acc: 95.8540, clean_loss_bbox: 0.1325, clean_loss_mask: 0.3137, clean_edge_loss: 0.7221, loss_rpn_cls: 0.0413, loss_rpn_bbox: 0.0174, loss_cls: 0.1343, acc: 95.7490, loss_bbox: 0.1307, loss_mask: 0.3527, edge_loss: 0.7257, loss: 2.7330
2026-06-30 20:47:58,266 - mmdet - INFO - Epoch [2][1150/1324]	lr: 1.000e-02, eta: 3:40:02, time: 3.199, data_time: 0.042, memory: 10605, noise_inv_loss: 0.0008, clean_loss_rpn_cls: 0.0300, clean_loss_rpn_bbox: 0.0172, clean_loss_cls: 0.1315, clean_acc: 95.5474, clean_loss_bbox: 0.1457, clean_loss_mask: 0.3195, clean_edge_loss: 0.7380, loss_rpn_cls: 0.0423, loss_rpn_bbox: 0.0187, loss_cls: 0.1426, acc: 95.4761, loss_bbox: 0.1457, loss_mask: 0.3587, edge_loss: 0.7421, loss: 2.8327
2026-06-30 20:50:41,306 - mmdet - INFO - Epoch [2][1200/1324]	lr: 1.000e-02, eta: 3:37:29, time: 3.261, data_time: 0.041, memory: 10605, noise_inv_loss: 0.0008, clean_loss_rpn_cls: 0.0317, clean_loss_rpn_bbox: 0.0196, clean_loss_cls: 0.1220, clean_acc: 95.8062, clean_loss_bbox: 0.1410, clean_loss_mask: 0.3035, clean_edge_loss: 0.7347, loss_rpn_cls: 0.0446, loss_rpn_bbox: 0.0212, loss_cls: 0.1367, acc: 95.6304, loss_bbox: 0.1425, loss_mask: 0.3455, edge_loss: 0.7395, loss: 2.7833
2026-06-30 20:53:27,305 - mmdet - INFO - Epoch [2][1250/1324]	lr: 1.000e-02, eta: 3:35:00, time: 3.320, data_time: 0.048, memory: 10605, noise_inv_loss: 0.0008, clean_loss_rpn_cls: 0.0312, clean_loss_rpn_bbox: 0.0215, clean_loss_cls: 0.1398, clean_acc: 95.2544, clean_loss_bbox: 0.1572, clean_loss_mask: 0.3127, clean_edge_loss: 0.7256, loss_rpn_cls: 0.0476, loss_rpn_bbox: 0.0235, loss_cls: 0.1496, acc: 95.2646, loss_bbox: 0.1539, loss_mask: 0.3466, edge_loss: 0.7313, loss: 2.8411
2026-06-30 20:56:11,320 - mmdet - INFO - Epoch [2][1300/1324]	lr: 1.000e-02, eta: 3:32:28, time: 3.280, data_time: 0.041, memory: 10605, noise_inv_loss: 0.0008, clean_loss_rpn_cls: 0.0269, clean_loss_rpn_bbox: 0.0170, clean_loss_cls: 0.1250, clean_acc: 95.6099, clean_loss_bbox: 0.1338, clean_loss_mask: 0.3036, clean_edge_loss: 0.7288, loss_rpn_cls: 0.0372, loss_rpn_bbox: 0.0183, loss_cls: 0.1351, acc: 95.6631, loss_bbox: 0.1336, loss_mask: 0.3467, edge_loss: 0.7326, loss: 2.7394
2026-06-30 20:58:58,181 - mmdet - INFO - Evaluating bbox...
2026-06-30 20:58:59,979 - mmdet - INFO - 
+-----------+-------+-----------+-------+-------------+-------+
| category  | AP    | category  | AP    | category    | AP    |
+-----------+-------+-----------+-------+-------------+-------+
| bicycle   | 0.223 | chair     | 0.564 | diningtable | 0.215 |
| bottle    | 0.421 | motorbike | 0.286 | car         | 0.280 |
| tvmonitor | 0.088 | bus       | 0.262 | None        | None  |
+-----------+-------+-----------+-------+-------------+-------+
2026-06-30 20:58:59,980 - mmdet - INFO - Evaluating segm...
2026-06-30 20:59:03,400 - mmdet - INFO - 
+-----------+-------+-----------+-------+-------------+-------+
| category  | AP    | category  | AP    | category    | AP    |
+-----------+-------+-----------+-------+-------------+-------+
| bicycle   | 0.121 | chair     | 0.533 | diningtable | 0.116 |
| bottle    | 0.441 | motorbike | 0.272 | car         | 0.116 |
| tvmonitor | 0.021 | bus       | 0.295 | None        | None  |
+-----------+-------+-----------+-------+-------------+-------+
2026-06-30 20:59:03,472 - mmdet - INFO - Exp name: train_kaggle.py
2026-06-30 20:59:03,474 - mmdet - INFO - Epoch(val) [2][669]	bbox_mAP: 0.2930, bbox_mAP_50: 0.4950, bbox_mAP_75: 0.3130, bbox_mAP_s: 0.0040, bbox_mAP_m: 0.0730, bbox_mAP_l: 0.3590, bbox_mAP_copypaste: 0.293 0.495 0.313 0.004 0.073 0.359, segm_mAP: 0.2400, segm_mAP_50: 0.4370, segm_mAP_75: 0.2290, segm_mAP_s: 0.0040, segm_mAP_m: 0.0570, segm_mAP_l: 0.3030, segm_mAP_copypaste: 0.240 0.437 0.229 0.004 0.057 0.303
2026-06-30 21:01:58,463 - mmdet - INFO - Epoch [3][50/1324]	lr: 1.000e-02, eta: 3:27:03, time: 3.497, data_time: 0.172, memory: 10605, noise_inv_loss: 0.0008, clean_loss_rpn_cls: 0.0217, clean_loss_rpn_bbox: 0.0165, clean_loss_cls: 0.1154, clean_acc: 95.9785, clean_loss_bbox: 0.1309, clean_loss_mask: 0.2945, clean_edge_loss: 0.7310, loss_rpn_cls: 0.0360, loss_rpn_bbox: 0.0183, loss_cls: 0.1330, acc: 95.7207, loss_bbox: 0.1355, loss_mask: 0.3429, edge_loss: 0.7363, loss: 2.7126
2026-06-30 21:04:42,676 - mmdet - INFO - Epoch [3][100/1324]	lr: 1.000e-02, eta: 3:24:32, time: 3.284, data_time: 0.040, memory: 10605, noise_inv_loss: 0.0008, clean_loss_rpn_cls: 0.0242, clean_loss_rpn_bbox: 0.0173, clean_loss_cls: 0.1176, clean_acc: 95.8052, clean_loss_bbox: 0.1427, clean_loss_mask: 0.2928, clean_edge_loss: 0.7330, loss_rpn_cls: 0.0347, loss_rpn_bbox: 0.0187, loss_cls: 0.1315, acc: 95.5264, loss_bbox: 0.1446, loss_mask: 0.3290, edge_loss: 0.7384, loss: 2.7254
2026-06-30 21:07:27,693 - mmdet - INFO - Epoch [3][150/1324]	lr: 1.000e-02, eta: 3:22:03, time: 3.300, data_time: 0.041, memory: 10605, noise_inv_loss: 0.0008, clean_loss_rpn_cls: 0.0265, clean_loss_rpn_bbox: 0.0198, clean_loss_cls: 0.1221, clean_acc: 95.5415, clean_loss_bbox: 0.1508, clean_loss_mask: 0.2916, clean_edge_loss: 0.7346, loss_rpn_cls: 0.0392, loss_rpn_bbox: 0.0216, loss_cls: 0.1375, acc: 95.3955, loss_bbox: 0.1539, loss_mask: 0.3386, edge_loss: 0.7408, loss: 2.7776
2026-06-30 21:10:10,144 - mmdet - INFO - Epoch [3][200/1324]	lr: 1.000e-02, eta: 3:19:29, time: 3.249, data_time: 0.039, memory: 10618, noise_inv_loss: 0.0008, clean_loss_rpn_cls: 0.0214, clean_loss_rpn_bbox: 0.0176, clean_loss_cls: 0.1134, clean_acc: 95.8745, clean_loss_bbox: 0.1404, clean_loss_mask: 0.2874, clean_edge_loss: 0.7268, loss_rpn_cls: 0.0391, loss_rpn_bbox: 0.0198, loss_cls: 0.1300, acc: 95.7534, loss_bbox: 0.1387, loss_mask: 0.3290, edge_loss: 0.7305, loss: 2.6950
2026-06-30 21:12:52,455 - mmdet - INFO - Epoch [3][250/1324]	lr: 1.000e-02, eta: 3:16:55, time: 3.246, data_time: 0.041, memory: 10618, noise_inv_loss: 0.0008, clean_loss_rpn_cls: 0.0239, clean_loss_rpn_bbox: 0.0182, clean_loss_cls: 0.1142, clean_acc: 95.9932, clean_loss_bbox: 0.1366, clean_loss_mask: 0.2982, clean_edge_loss: 0.7293, loss_rpn_cls: 0.0369, loss_rpn_bbox: 0.0199, loss_cls: 0.1275, acc: 95.8159, loss_bbox: 0.1358, loss_mask: 0.3376, edge_loss: 0.7354, loss: 2.7143
2026-06-30 21:15:35,005 - mmdet - INFO - Epoch [3][300/1324]	lr: 1.000e-02, eta: 3:14:21, time: 3.251, data_time: 0.040, memory: 10618, noise_inv_loss: 0.0008, clean_loss_rpn_cls: 0.0228, clean_loss_rpn_bbox: 0.0188, clean_loss_cls: 0.1195, clean_acc: 95.6235, clean_loss_bbox: 0.1470, clean_loss_mask: 0.2871, clean_edge_loss: 0.7425, loss_rpn_cls: 0.0397, loss_rpn_bbox: 0.0206, loss_cls: 0.1361, acc: 95.4873, loss_bbox: 0.1480, loss_mask: 0.3320, edge_loss: 0.7474, loss: 2.7624
2026-06-30 21:18:16,814 - mmdet - INFO - Epoch [3][350/1324]	lr: 1.000e-02, eta: 3:11:46, time: 3.236, data_time: 0.041, memory: 11035, noise_inv_loss: 0.0008, clean_loss_rpn_cls: 0.0217, clean_loss_rpn_bbox: 0.0168, clean_loss_cls: 0.1220, clean_acc: 95.5952, clean_loss_bbox: 0.1465, clean_loss_mask: 0.2950, clean_edge_loss: 0.7329, loss_rpn_cls: 0.0355, loss_rpn_bbox: 0.0184, loss_cls: 0.1383, acc: 95.3853, loss_bbox: 0.1476, loss_mask: 0.3415, edge_loss: 0.7380, loss: 2.7551
2026-06-30 21:21:00,222 - mmdet - INFO - Epoch [3][400/1324]	lr: 1.000e-02, eta: 3:09:13, time: 3.268, data_time: 0.039, memory: 11035, noise_inv_loss: 0.0008, clean_loss_rpn_cls: 0.0231, clean_loss_rpn_bbox: 0.0169, clean_loss_cls: 0.1159, clean_acc: 95.7583, clean_loss_bbox: 0.1424, clean_loss_mask: 0.3023, clean_edge_loss: 0.7432, loss_rpn_cls: 0.0343, loss_rpn_bbox: 0.0182, loss_cls: 0.1346, acc: 95.5439, loss_bbox: 0.1480, loss_mask: 0.3470, edge_loss: 0.7475, loss: 2.7741
2026-06-30 21:23:39,496 - mmdet - INFO - Epoch [3][450/1324]	lr: 1.000e-02, eta: 3:06:34, time: 3.185, data_time: 0.038, memory: 11035, noise_inv_loss: 0.0008, clean_loss_rpn_cls: 0.0226, clean_loss_rpn_bbox: 0.0168, clean_loss_cls: 0.1142, clean_acc: 96.0186, clean_loss_bbox: 0.1322, clean_loss_mask: 0.3030, clean_edge_loss: 0.7246, loss_rpn_cls: 0.0360, loss_rpn_bbox: 0.0184, loss_cls: 0.1290, acc: 95.8921, loss_bbox: 0.1318, loss_mask: 0.3447, edge_loss: 0.7301, loss: 2.7043
2026-06-30 21:26:19,302 - mmdet - INFO - Epoch [3][500/1324]	lr: 1.000e-02, eta: 3:03:56, time: 3.196, data_time: 0.037, memory: 11035, noise_inv_loss: 0.0008, clean_loss_rpn_cls: 0.0265, clean_loss_rpn_bbox: 0.0181, clean_loss_cls: 0.1192, clean_acc: 95.8105, clean_loss_bbox: 0.1428, clean_loss_mask: 0.3032, clean_edge_loss: 0.7424, loss_rpn_cls: 0.0409, loss_rpn_bbox: 0.0199, loss_cls: 0.1332, acc: 95.6357, loss_bbox: 0.1422, loss_mask: 0.3516, edge_loss: 0.7480, loss: 2.7887
2026-06-30 21:28:59,448 - mmdet - INFO - Epoch [3][550/1324]	lr: 1.000e-02, eta: 3:01:19, time: 3.203, data_time: 0.038, memory: 11035, noise_inv_loss: 0.0008, clean_loss_rpn_cls: 0.0234, clean_loss_rpn_bbox: 0.0172, clean_loss_cls: 0.1142, clean_acc: 95.8706, clean_loss_bbox: 0.1364, clean_loss_mask: 0.2884, clean_edge_loss: 0.7228, loss_rpn_cls: 0.0363, loss_rpn_bbox: 0.0188, loss_cls: 0.1325, acc: 95.6045, loss_bbox: 0.1401, loss_mask: 0.3363, edge_loss: 0.7282, loss: 2.6954
2026-06-30 21:31:38,455 - mmdet - INFO - Epoch [3][600/1324]	lr: 1.000e-02, eta: 2:58:40, time: 3.180, data_time: 0.037, memory: 11035, noise_inv_loss: 0.0008, clean_loss_rpn_cls: 0.0240, clean_loss_rpn_bbox: 0.0200, clean_loss_cls: 0.1098, clean_acc: 96.0728, clean_loss_bbox: 0.1363, clean_loss_mask: 0.2923, clean_edge_loss: 0.7191, loss_rpn_cls: 0.0372, loss_rpn_bbox: 0.0213, loss_cls: 0.1209, acc: 95.9458, loss_bbox: 0.1344, loss_mask: 0.3247, edge_loss: 0.7233, loss: 2.6641
2026-06-30 21:34:17,865 - mmdet - INFO - Epoch [3][650/1324]	lr: 1.000e-02, eta: 2:56:01, time: 3.188, data_time: 0.039, memory: 11035, noise_inv_loss: 0.0008, clean_loss_rpn_cls: 0.0293, clean_loss_rpn_bbox: 0.0193, clean_loss_cls: 0.1194, clean_acc: 95.7324, clean_loss_bbox: 0.1442, clean_loss_mask: 0.2950, clean_edge_loss: 0.7303, loss_rpn_cls: 0.0435, loss_rpn_bbox: 0.0207, loss_cls: 0.1343, acc: 95.6753, loss_bbox: 0.1430, loss_mask: 0.3373, edge_loss: 0.7339, loss: 2.7510
2026-06-30 21:36:56,171 - mmdet - INFO - Epoch [3][700/1324]	lr: 1.000e-02, eta: 2:53:22, time: 3.166, data_time: 0.037, memory: 11035, noise_inv_loss: 0.0008, clean_loss_rpn_cls: 0.0251, clean_loss_rpn_bbox: 0.0169, clean_loss_cls: 0.1100, clean_acc: 96.2456, clean_loss_bbox: 0.1281, clean_loss_mask: 0.3034, clean_edge_loss: 0.7189, loss_rpn_cls: 0.0374, loss_rpn_bbox: 0.0184, loss_cls: 0.1259, acc: 95.9966, loss_bbox: 0.1274, loss_mask: 0.3416, edge_loss: 0.7241, loss: 2.6781
2026-06-30 21:39:35,521 - mmdet - INFO - Epoch [3][750/1324]	lr: 1.000e-02, eta: 2:50:43, time: 3.187, data_time: 0.039, memory: 11035, noise_inv_loss: 0.0008, clean_loss_rpn_cls: 0.0269, clean_loss_rpn_bbox: 0.0186, clean_loss_cls: 0.1193, clean_acc: 95.7002, clean_loss_bbox: 0.1428, clean_loss_mask: 0.3089, clean_edge_loss: 0.7270, loss_rpn_cls: 0.0390, loss_rpn_bbox: 0.0202, loss_cls: 0.1385, acc: 95.4941, loss_bbox: 0.1480, loss_mask: 0.3489, edge_loss: 0.7317, loss: 2.7706
2026-06-30 21:42:15,891 - mmdet - INFO - Epoch [3][800/1324]	lr: 1.000e-02, eta: 2:48:05, time: 3.207, data_time: 0.040, memory: 11035, noise_inv_loss: 0.0008, clean_loss_rpn_cls: 0.0214, clean_loss_rpn_bbox: 0.0179, clean_loss_cls: 0.1137, clean_acc: 95.9058, clean_loss_bbox: 0.1406, clean_loss_mask: 0.3004, clean_edge_loss: 0.7229, loss_rpn_cls: 0.0392, loss_rpn_bbox: 0.0203, loss_cls: 0.1319, acc: 95.7002, loss_bbox: 0.1396, loss_mask: 0.3434, edge_loss: 0.7293, loss: 2.7213
2026-06-30 21:44:58,122 - mmdet - INFO - Epoch [3][850/1324]	lr: 1.000e-02, eta: 2:45:29, time: 3.245, data_time: 0.040, memory: 11035, noise_inv_loss: 0.0008, clean_loss_rpn_cls: 0.0268, clean_loss_rpn_bbox: 0.0207, clean_loss_cls: 0.1230, clean_acc: 95.6328, clean_loss_bbox: 0.1455, clean_loss_mask: 0.2996, clean_edge_loss: 0.7283, loss_rpn_cls: 0.0410, loss_rpn_bbox: 0.0221, loss_cls: 0.1362, acc: 95.5083, loss_bbox: 0.1442, loss_mask: 0.3368, edge_loss: 0.7334, loss: 2.7585
2026-06-30 21:47:39,092 - mmdet - INFO - Epoch [3][900/1324]	lr: 1.000e-02, eta: 2:42:52, time: 3.219, data_time: 0.037, memory: 11035, noise_inv_loss: 0.0008, clean_loss_rpn_cls: 0.0234, clean_loss_rpn_bbox: 0.0171, clean_loss_cls: 0.1221, clean_acc: 95.5752, clean_loss_bbox: 0.1444, clean_loss_mask: 0.3034, clean_edge_loss: 0.7349, loss_rpn_cls: 0.0376, loss_rpn_bbox: 0.0185, loss_cls: 0.1379, acc: 95.5205, loss_bbox: 0.1459, loss_mask: 0.3423, edge_loss: 0.7391, loss: 2.7674
2026-06-30 21:50:21,155 - mmdet - INFO - Epoch [3][950/1324]	lr: 1.000e-02, eta: 2:40:15, time: 3.241, data_time: 0.044, memory: 11035, noise_inv_loss: 0.0008, clean_loss_rpn_cls: 0.0236, clean_loss_rpn_bbox: 0.0203, clean_loss_cls: 0.1126, clean_acc: 95.9590, clean_loss_bbox: 0.1439, clean_loss_mask: 0.3105, clean_edge_loss: 0.7375, loss_rpn_cls: 0.0379, loss_rpn_bbox: 0.0219, loss_cls: 0.1308, acc: 95.6592, loss_bbox: 0.1448, loss_mask: 0.3567, edge_loss: 0.7433, loss: 2.7844
2026-06-30 21:53:02,396 - mmdet - INFO - Epoch [3][1000/1324]	lr: 1.000e-02, eta: 2:37:38, time: 3.225, data_time: 0.039, memory: 11035, noise_inv_loss: 0.0008, clean_loss_rpn_cls: 0.0250, clean_loss_rpn_bbox: 0.0180, clean_loss_cls: 0.1212, clean_acc: 95.6943, clean_loss_bbox: 0.1436, clean_loss_mask: 0.3014, clean_edge_loss: 0.7356, loss_rpn_cls: 0.0392, loss_rpn_bbox: 0.0198, loss_cls: 0.1350, acc: 95.5977, loss_bbox: 0.1440, loss_mask: 0.3389, edge_loss: 0.7398, loss: 2.7624
2026-06-30 21:55:41,957 - mmdet - INFO - Epoch [3][1050/1324]	lr: 1.000e-02, eta: 2:34:59, time: 3.191, data_time: 0.039, memory: 11035, noise_inv_loss: 0.0008, clean_loss_rpn_cls: 0.0253, clean_loss_rpn_bbox: 0.0186, clean_loss_cls: 0.1207, clean_acc: 95.7754, clean_loss_bbox: 0.1382, clean_loss_mask: 0.2936, clean_edge_loss: 0.7326, loss_rpn_cls: 0.0391, loss_rpn_bbox: 0.0207, loss_cls: 0.1363, acc: 95.5942, loss_bbox: 0.1417, loss_mask: 0.3394, edge_loss: 0.7372, loss: 2.7442
2026-06-30 21:58:23,782 - mmdet - INFO - Epoch [3][1100/1324]	lr: 1.000e-02, eta: 2:32:22, time: 3.237, data_time: 0.049, memory: 11035, noise_inv_loss: 0.0008, clean_loss_rpn_cls: 0.0258, clean_loss_rpn_bbox: 0.0196, clean_loss_cls: 0.1205, clean_acc: 95.6362, clean_loss_bbox: 0.1442, clean_loss_mask: 0.2903, clean_edge_loss: 0.7315, loss_rpn_cls: 0.0398, loss_rpn_bbox: 0.0209, loss_cls: 0.1343, acc: 95.5581, loss_bbox: 0.1418, loss_mask: 0.3282, edge_loss: 0.7373, loss: 2.7352
2026-06-30 22:01:06,783 - mmdet - INFO - Epoch [3][1150/1324]	lr: 1.000e-02, eta: 2:29:46, time: 3.260, data_time: 0.042, memory: 11035, noise_inv_loss: 0.0008, clean_loss_rpn_cls: 0.0246, clean_loss_rpn_bbox: 0.0181, clean_loss_cls: 0.1134, clean_acc: 95.9404, clean_loss_bbox: 0.1415, clean_loss_mask: 0.2905, clean_edge_loss: 0.7351, loss_rpn_cls: 0.0358, loss_rpn_bbox: 0.0193, loss_cls: 0.1306, acc: 95.6357, loss_bbox: 0.1437, loss_mask: 0.3280, edge_loss: 0.7407, loss: 2.7220
2026-06-30 22:03:44,967 - mmdet - INFO - Epoch [3][1200/1324]	lr: 1.000e-02, eta: 2:27:06, time: 3.164, data_time: 0.039, memory: 11035, noise_inv_loss: 0.0008, clean_loss_rpn_cls: 0.0284, clean_loss_rpn_bbox: 0.0211, clean_loss_cls: 0.1225, clean_acc: 95.6772, clean_loss_bbox: 0.1421, clean_loss_mask: 0.3070, clean_edge_loss: 0.7203, loss_rpn_cls: 0.0448, loss_rpn_bbox: 0.0230, loss_cls: 0.1335, acc: 95.6924, loss_bbox: 0.1398, loss_mask: 0.3534, edge_loss: 0.7259, loss: 2.7628
2026-06-30 22:06:24,580 - mmdet - INFO - Epoch [3][1250/1324]	lr: 1.000e-02, eta: 2:24:27, time: 3.192, data_time: 0.041, memory: 11035, noise_inv_loss: 0.0008, clean_loss_rpn_cls: 0.0252, clean_loss_rpn_bbox: 0.0191, clean_loss_cls: 0.1228, clean_acc: 95.7168, clean_loss_bbox: 0.1365, clean_loss_mask: 0.2903, clean_edge_loss: 0.7204, loss_rpn_cls: 0.0376, loss_rpn_bbox: 0.0206, loss_cls: 0.1350, acc: 95.6509, loss_bbox: 0.1349, loss_mask: 0.3320, edge_loss: 0.7266, loss: 2.7020
2026-06-30 22:09:01,958 - mmdet - INFO - Epoch [3][1300/1324]	lr: 1.000e-02, eta: 2:21:46, time: 3.148, data_time: 0.038, memory: 11035, noise_inv_loss: 0.0008, clean_loss_rpn_cls: 0.0243, clean_loss_rpn_bbox: 0.0178, clean_loss_cls: 0.1112, clean_acc: 95.9956, clean_loss_bbox: 0.1326, clean_loss_mask: 0.2961, clean_edge_loss: 0.7076, loss_rpn_cls: 0.0379, loss_rpn_bbox: 0.0194, loss_cls: 0.1223, acc: 95.9346, loss_bbox: 0.1298, loss_mask: 0.3373, edge_loss: 0.7134, loss: 2.6506
2026-06-30 22:11:40,853 - mmdet - INFO - Evaluating bbox...
2026-06-30 22:11:43,267 - mmdet - INFO - 
+-----------+-------+-----------+-------+-------------+-------+
| category  | AP    | category  | AP    | category    | AP    |
+-----------+-------+-----------+-------+-------------+-------+
| bicycle   | 0.224 | chair     | 0.561 | diningtable | 0.169 |
| bottle    | 0.405 | motorbike | 0.286 | car         | 0.287 |
| tvmonitor | 0.090 | bus       | 0.288 | None        | None  |
+-----------+-------+-----------+-------+-------------+-------+
2026-06-30 22:11:43,267 - mmdet - INFO - Evaluating segm...
2026-06-30 22:11:46,107 - mmdet - INFO - 
+-----------+-------+-----------+-------+-------------+-------+
| category  | AP    | category  | AP    | category    | AP    |
+-----------+-------+-----------+-------+-------------+-------+
| bicycle   | 0.111 | chair     | 0.529 | diningtable | 0.139 |
| bottle    | 0.428 | motorbike | 0.292 | car         | 0.129 |
| tvmonitor | 0.027 | bus       | 0.303 | None        | None  |
+-----------+-------+-----------+-------+-------------+-------+
2026-06-30 22:11:46,138 - mmdet - INFO - Exp name: train_kaggle.py
2026-06-30 22:11:46,139 - mmdet - INFO - Epoch(val) [3][669]	bbox_mAP: 0.2890, bbox_mAP_50: 0.4850, bbox_mAP_75: 0.3030, bbox_mAP_s: 0.0040, bbox_mAP_m: 0.0770, bbox_mAP_l: 0.3530, bbox_mAP_copypaste: 0.289 0.485 0.303 0.004 0.077 0.353, segm_mAP: 0.2450, segm_mAP_50: 0.4330, segm_mAP_75: 0.2330, segm_mAP_s: 0.0060, segm_mAP_m: 0.0630, segm_mAP_l: 0.3090, segm_mAP_copypaste: 0.245 0.433 0.233 0.006 0.063 0.309
2026-06-30 22:14:35,969 - mmdet - INFO - Epoch [4][50/1324]	lr: 1.000e-03, eta: 2:17:08, time: 3.394, data_time: 0.168, memory: 11035, noise_inv_loss: 0.0008, clean_loss_rpn_cls: 0.0192, clean_loss_rpn_bbox: 0.0166, clean_loss_cls: 0.1065, clean_acc: 96.0679, clean_loss_bbox: 0.1402, clean_loss_mask: 0.2783, clean_edge_loss: 0.7241, loss_rpn_cls: 0.0334, loss_rpn_bbox: 0.0186, loss_cls: 0.1217, acc: 95.8447, loss_bbox: 0.1415, loss_mask: 0.3228, edge_loss: 0.7300, loss: 2.6537
2026-06-30 22:17:19,110 - mmdet - INFO - Epoch [4][100/1324]	lr: 1.000e-03, eta: 2:14:33, time: 3.263, data_time: 0.042, memory: 11035, noise_inv_loss: 0.0008, clean_loss_rpn_cls: 0.0184, clean_loss_rpn_bbox: 0.0169, clean_loss_cls: 0.1081, clean_acc: 95.9297, clean_loss_bbox: 0.1421, clean_loss_mask: 0.2693, clean_edge_loss: 0.7326, loss_rpn_cls: 0.0325, loss_rpn_bbox: 0.0190, loss_cls: 0.1267, acc: 95.5640, loss_bbox: 0.1469, loss_mask: 0.3156, edge_loss: 0.7393, loss: 2.6683
2026-06-30 22:20:02,626 - mmdet - INFO - Epoch [4][150/1324]	lr: 1.000e-03, eta: 2:11:58, time: 3.270, data_time: 0.048, memory: 11035, noise_inv_loss: 0.0008, clean_loss_rpn_cls: 0.0175, clean_loss_rpn_bbox: 0.0171, clean_loss_cls: 0.1027, clean_acc: 96.3135, clean_loss_bbox: 0.1369, clean_loss_mask: 0.2667, clean_edge_loss: 0.7291, loss_rpn_cls: 0.0308, loss_rpn_bbox: 0.0191, loss_cls: 0.1188, acc: 95.9272, loss_bbox: 0.1403, loss_mask: 0.3044, edge_loss: 0.7338, loss: 2.6180
2026-06-30 22:22:42,830 - mmdet - INFO - Epoch [4][200/1324]	lr: 1.000e-03, eta: 2:09:20, time: 3.204, data_time: 0.045, memory: 11035, noise_inv_loss: 0.0008, clean_loss_rpn_cls: 0.0170, clean_loss_rpn_bbox: 0.0163, clean_loss_cls: 0.0961, clean_acc: 96.4312, clean_loss_bbox: 0.1253, clean_loss_mask: 0.2644, clean_edge_loss: 0.7089, loss_rpn_cls: 0.0288, loss_rpn_bbox: 0.0184, loss_cls: 0.1148, acc: 96.0415, loss_bbox: 0.1294, loss_mask: 0.3083, edge_loss: 0.7139, loss: 2.5422
2026-06-30 22:25:25,824 - mmdet - INFO - Epoch [4][250/1324]	lr: 1.000e-03, eta: 2:06:44, time: 3.260, data_time: 0.047, memory: 11035, noise_inv_loss: 0.0008, clean_loss_rpn_cls: 0.0152, clean_loss_rpn_bbox: 0.0136, clean_loss_cls: 0.0946, clean_acc: 96.6577, clean_loss_bbox: 0.1256, clean_loss_mask: 0.2652, clean_edge_loss: 0.7159, loss_rpn_cls: 0.0280, loss_rpn_bbox: 0.0159, loss_cls: 0.1115, acc: 96.2271, loss_bbox: 0.1289, loss_mask: 0.3119, edge_loss: 0.7202, loss: 2.5473
2026-06-30 22:28:09,533 - mmdet - INFO - Epoch [4][300/1324]	lr: 1.000e-03, eta: 2:04:08, time: 3.274, data_time: 0.043, memory: 11035, noise_inv_loss: 0.0008, clean_loss_rpn_cls: 0.0165, clean_loss_rpn_bbox: 0.0167, clean_loss_cls: 0.1039, clean_acc: 96.0625, clean_loss_bbox: 0.1454, clean_loss_mask: 0.2745, clean_edge_loss: 0.7293, loss_rpn_cls: 0.0301, loss_rpn_bbox: 0.0184, loss_cls: 0.1208, acc: 95.7197, loss_bbox: 0.1480, loss_mask: 0.3138, edge_loss: 0.7345, loss: 2.6526
2026-06-30 22:30:52,599 - mmdet - INFO - Epoch [4][350/1324]	lr: 1.000e-03, eta: 2:01:32, time: 3.261, data_time: 0.046, memory: 11035, noise_inv_loss: 0.0008, clean_loss_rpn_cls: 0.0157, clean_loss_rpn_bbox: 0.0147, clean_loss_cls: 0.0962, clean_acc: 96.4531, clean_loss_bbox: 0.1307, clean_loss_mask: 0.2660, clean_edge_loss: 0.7173, loss_rpn_cls: 0.0241, loss_rpn_bbox: 0.0157, loss_cls: 0.1116, acc: 96.1089, loss_bbox: 0.1356, loss_mask: 0.3061, edge_loss: 0.7218, loss: 2.5562
2026-06-30 22:33:35,945 - mmdet - INFO - Epoch [4][400/1324]	lr: 1.000e-03, eta: 1:58:56, time: 3.267, data_time: 0.044, memory: 11035, noise_inv_loss: 0.0008, clean_loss_rpn_cls: 0.0171, clean_loss_rpn_bbox: 0.0160, clean_loss_cls: 0.1012, clean_acc: 96.2422, clean_loss_bbox: 0.1331, clean_loss_mask: 0.2738, clean_edge_loss: 0.7372, loss_rpn_cls: 0.0302, loss_rpn_bbox: 0.0182, loss_cls: 0.1159, acc: 95.9956, loss_bbox: 0.1347, loss_mask: 0.3152, edge_loss: 0.7419, loss: 2.6354
2026-06-30 22:36:19,053 - mmdet - INFO - Epoch [4][450/1324]	lr: 1.000e-03, eta: 1:56:19, time: 3.262, data_time: 0.047, memory: 11035, noise_inv_loss: 0.0008, clean_loss_rpn_cls: 0.0169, clean_loss_rpn_bbox: 0.0161, clean_loss_cls: 0.1016, clean_acc: 96.2300, clean_loss_bbox: 0.1355, clean_loss_mask: 0.2732, clean_edge_loss: 0.7276, loss_rpn_cls: 0.0277, loss_rpn_bbox: 0.0180, loss_cls: 0.1219, acc: 95.8384, loss_bbox: 0.1415, loss_mask: 0.3183, edge_loss: 0.7341, loss: 2.6332
2026-06-30 22:39:00,959 - mmdet - INFO - Epoch [4][500/1324]	lr: 1.000e-03, eta: 1:53:42, time: 3.238, data_time: 0.043, memory: 11035, noise_inv_loss: 0.0008, clean_loss_rpn_cls: 0.0163, clean_loss_rpn_bbox: 0.0156, clean_loss_cls: 0.0963, clean_acc: 96.3994, clean_loss_bbox: 0.1323, clean_loss_mask: 0.2716, clean_edge_loss: 0.7218, loss_rpn_cls: 0.0268, loss_rpn_bbox: 0.0173, loss_cls: 0.1152, acc: 96.0425, loss_bbox: 0.1370, loss_mask: 0.3124, edge_loss: 0.7274, loss: 2.5906
2026-06-30 22:41:42,340 - mmdet - INFO - Epoch [4][550/1324]	lr: 1.000e-03, eta: 1:51:04, time: 3.228, data_time: 0.045, memory: 11035, noise_inv_loss: 0.0008, clean_loss_rpn_cls: 0.0154, clean_loss_rpn_bbox: 0.0152, clean_loss_cls: 0.0947, clean_acc: 96.4883, clean_loss_bbox: 0.1287, clean_loss_mask: 0.2536, clean_edge_loss: 0.7197, loss_rpn_cls: 0.0270, loss_rpn_bbox: 0.0171, loss_cls: 0.1081, acc: 96.2886, loss_bbox: 0.1316, loss_mask: 0.2861, edge_loss: 0.7242, loss: 2.5223
2026-06-30 22:44:22,049 - mmdet - INFO - Epoch [4][600/1324]	lr: 1.000e-03, eta: 1:48:26, time: 3.194, data_time: 0.039, memory: 11035, noise_inv_loss: 0.0008, clean_loss_rpn_cls: 0.0170, clean_loss_rpn_bbox: 0.0157, clean_loss_cls: 0.0931, clean_acc: 96.5640, clean_loss_bbox: 0.1231, clean_loss_mask: 0.2635, clean_edge_loss: 0.7252, loss_rpn_cls: 0.0277, loss_rpn_bbox: 0.0174, loss_cls: 0.1103, acc: 96.1265, loss_bbox: 0.1304, loss_mask: 0.2994, edge_loss: 0.7312, loss: 2.5549
2026-06-30 22:47:04,463 - mmdet - INFO - Epoch [4][650/1324]	lr: 1.000e-03, eta: 1:45:49, time: 3.248, data_time: 0.047, memory: 11035, noise_inv_loss: 0.0008, clean_loss_rpn_cls: 0.0166, clean_loss_rpn_bbox: 0.0175, clean_loss_cls: 0.1016, clean_acc: 96.1880, clean_loss_bbox: 0.1411, clean_loss_mask: 0.2785, clean_edge_loss: 0.7311, loss_rpn_cls: 0.0302, loss_rpn_bbox: 0.0194, loss_cls: 0.1219, acc: 95.7441, loss_bbox: 0.1451, loss_mask: 0.3230, edge_loss: 0.7364, loss: 2.6635
2026-06-30 22:49:44,034 - mmdet - INFO - Epoch [4][700/1324]	lr: 1.000e-03, eta: 1:43:10, time: 3.191, data_time: 0.041, memory: 11035, noise_inv_loss: 0.0008, clean_loss_rpn_cls: 0.0167, clean_loss_rpn_bbox: 0.0149, clean_loss_cls: 0.0954, clean_acc: 96.5352, clean_loss_bbox: 0.1287, clean_loss_mask: 0.2827, clean_edge_loss: 0.7284, loss_rpn_cls: 0.0289, loss_rpn_bbox: 0.0172, loss_cls: 0.1120, acc: 96.1860, loss_bbox: 0.1326, loss_mask: 0.3278, edge_loss: 0.7334, loss: 2.6195
2026-06-30 22:52:26,549 - mmdet - INFO - Epoch [4][750/1324]	lr: 1.000e-03, eta: 1:40:33, time: 3.250, data_time: 0.048, memory: 11035, noise_inv_loss: 0.0008, clean_loss_rpn_cls: 0.0178, clean_loss_rpn_bbox: 0.0158, clean_loss_cls: 0.1043, clean_acc: 96.1431, clean_loss_bbox: 0.1395, clean_loss_mask: 0.2743, clean_edge_loss: 0.7164, loss_rpn_cls: 0.0279, loss_rpn_bbox: 0.0175, loss_cls: 0.1192, acc: 95.8735, loss_bbox: 0.1419, loss_mask: 0.3153, edge_loss: 0.7217, loss: 2.6124
2026-06-30 22:55:08,631 - mmdet - INFO - Epoch [4][800/1324]	lr: 1.000e-03, eta: 1:37:55, time: 3.242, data_time: 0.042, memory: 11035, noise_inv_loss: 0.0008, clean_loss_rpn_cls: 0.0148, clean_loss_rpn_bbox: 0.0138, clean_loss_cls: 0.0942, clean_acc: 96.5142, clean_loss_bbox: 0.1287, clean_loss_mask: 0.2615, clean_edge_loss: 0.7179, loss_rpn_cls: 0.0239, loss_rpn_bbox: 0.0157, loss_cls: 0.1101, acc: 96.1729, loss_bbox: 0.1348, loss_mask: 0.2962, edge_loss: 0.7214, loss: 2.5339
2026-06-30 22:57:48,770 - mmdet - INFO - Epoch [4][850/1324]	lr: 1.000e-03, eta: 1:35:16, time: 3.203, data_time: 0.040, memory: 11035, noise_inv_loss: 0.0008, clean_loss_rpn_cls: 0.0141, clean_loss_rpn_bbox: 0.0131, clean_loss_cls: 0.0936, clean_acc: 96.5259, clean_loss_bbox: 0.1203, clean_loss_mask: 0.2674, clean_edge_loss: 0.7255, loss_rpn_cls: 0.0248, loss_rpn_bbox: 0.0150, loss_cls: 0.1099, acc: 96.1724, loss_bbox: 0.1239, loss_mask: 0.3101, edge_loss: 0.7302, loss: 2.5488
2026-06-30 23:00:28,535 - mmdet - INFO - Epoch [4][900/1324]	lr: 1.000e-03, eta: 1:32:38, time: 3.195, data_time: 0.042, memory: 11035, noise_inv_loss: 0.0008, clean_loss_rpn_cls: 0.0155, clean_loss_rpn_bbox: 0.0148, clean_loss_cls: 0.0989, clean_acc: 96.3994, clean_loss_bbox: 0.1311, clean_loss_mask: 0.2719, clean_edge_loss: 0.7301, loss_rpn_cls: 0.0253, loss_rpn_bbox: 0.0167, loss_cls: 0.1183, acc: 96.0024, loss_bbox: 0.1384, loss_mask: 0.3169, edge_loss: 0.7365, loss: 2.6151
2026-06-30 23:03:08,057 - mmdet - INFO - Epoch [4][950/1324]	lr: 1.000e-03, eta: 1:29:59, time: 3.190, data_time: 0.043, memory: 11035, noise_inv_loss: 0.0008, clean_loss_rpn_cls: 0.0180, clean_loss_rpn_bbox: 0.0143, clean_loss_cls: 0.0927, clean_acc: 96.7134, clean_loss_bbox: 0.1215, clean_loss_mask: 0.2721, clean_edge_loss: 0.7187, loss_rpn_cls: 0.0284, loss_rpn_bbox: 0.0160, loss_cls: 0.1075, acc: 96.3892, loss_bbox: 0.1275, loss_mask: 0.3131, edge_loss: 0.7232, loss: 2.5539
2026-06-30 23:05:49,529 - mmdet - INFO - Epoch [4][1000/1324]	lr: 1.000e-03, eta: 1:27:21, time: 3.229, data_time: 0.043, memory: 11035, noise_inv_loss: 0.0008, clean_loss_rpn_cls: 0.0182, clean_loss_rpn_bbox: 0.0158, clean_loss_cls: 0.1039, clean_acc: 96.1440, clean_loss_bbox: 0.1372, clean_loss_mask: 0.2747, clean_edge_loss: 0.7134, loss_rpn_cls: 0.0324, loss_rpn_bbox: 0.0183, loss_cls: 0.1217, acc: 95.8027, loss_bbox: 0.1423, loss_mask: 0.3230, edge_loss: 0.7188, loss: 2.6205
2026-06-30 23:08:32,261 - mmdet - INFO - Epoch [4][1050/1324]	lr: 1.000e-03, eta: 1:24:43, time: 3.255, data_time: 0.043, memory: 11035, noise_inv_loss: 0.0008, clean_loss_rpn_cls: 0.0147, clean_loss_rpn_bbox: 0.0147, clean_loss_cls: 0.0924, clean_acc: 96.5430, clean_loss_bbox: 0.1246, clean_loss_mask: 0.2648, clean_edge_loss: 0.7223, loss_rpn_cls: 0.0260, loss_rpn_bbox: 0.0164, loss_cls: 0.1082, acc: 96.2002, loss_bbox: 0.1300, loss_mask: 0.3054, edge_loss: 0.7277, loss: 2.5481
2026-06-30 23:11:14,838 - mmdet - INFO - Epoch [4][1100/1324]	lr: 1.000e-03, eta: 1:22:05, time: 3.252, data_time: 0.043, memory: 11035, noise_inv_loss: 0.0009, clean_loss_rpn_cls: 0.0151, clean_loss_rpn_bbox: 0.0154, clean_loss_cls: 0.0975, clean_acc: 96.3760, clean_loss_bbox: 0.1329, clean_loss_mask: 0.2690, clean_edge_loss: 0.7330, loss_rpn_cls: 0.0277, loss_rpn_bbox: 0.0172, loss_cls: 0.1207, acc: 95.9229, loss_bbox: 0.1421, loss_mask: 0.3201, edge_loss: 0.7400, loss: 2.6313
2026-06-30 23:13:58,722 - mmdet - INFO - Epoch [4][1150/1324]	lr: 1.000e-03, eta: 1:19:27, time: 3.278, data_time: 0.047, memory: 11035, noise_inv_loss: 0.0008, clean_loss_rpn_cls: 0.0154, clean_loss_rpn_bbox: 0.0150, clean_loss_cls: 0.1006, clean_acc: 96.2261, clean_loss_bbox: 0.1378, clean_loss_mask: 0.2768, clean_edge_loss: 0.7212, loss_rpn_cls: 0.0270, loss_rpn_bbox: 0.0168, loss_cls: 0.1200, acc: 95.8511, loss_bbox: 0.1440, loss_mask: 0.3186, edge_loss: 0.7266, loss: 2.6207
2026-06-30 23:16:43,352 - mmdet - INFO - Epoch [4][1200/1324]	lr: 1.000e-03, eta: 1:16:50, time: 3.293, data_time: 0.045, memory: 11035, noise_inv_loss: 0.0009, clean_loss_rpn_cls: 0.0148, clean_loss_rpn_bbox: 0.0146, clean_loss_cls: 0.0927, clean_acc: 96.6099, clean_loss_bbox: 0.1266, clean_loss_mask: 0.2683, clean_edge_loss: 0.7228, loss_rpn_cls: 0.0271, loss_rpn_bbox: 0.0167, loss_cls: 0.1147, acc: 96.1060, loss_bbox: 0.1345, loss_mask: 0.3170, edge_loss: 0.7287, loss: 2.5793
2026-06-30 23:19:25,825 - mmdet - INFO - Epoch [4][1250/1324]	lr: 1.000e-03, eta: 1:14:11, time: 3.249, data_time: 0.046, memory: 11035, noise_inv_loss: 0.0008, clean_loss_rpn_cls: 0.0142, clean_loss_rpn_bbox: 0.0152, clean_loss_cls: 0.0929, clean_acc: 96.5811, clean_loss_bbox: 0.1250, clean_loss_mask: 0.2640, clean_edge_loss: 0.7270, loss_rpn_cls: 0.0273, loss_rpn_bbox: 0.0174, loss_cls: 0.1133, acc: 96.1543, loss_bbox: 0.1328, loss_mask: 0.3137, edge_loss: 0.7330, loss: 2.5769
2026-06-30 23:22:10,419 - mmdet - INFO - Epoch [4][1300/1324]	lr: 1.000e-03, eta: 1:11:33, time: 3.292, data_time: 0.044, memory: 11035, noise_inv_loss: 0.0009, clean_loss_rpn_cls: 0.0187, clean_loss_rpn_bbox: 0.0176, clean_loss_cls: 0.1023, clean_acc: 96.2031, clean_loss_bbox: 0.1407, clean_loss_mask: 0.2813, clean_edge_loss: 0.7237, loss_rpn_cls: 0.0289, loss_rpn_bbox: 0.0196, loss_cls: 0.1182, acc: 95.8491, loss_bbox: 0.1455, loss_mask: 0.3204, edge_loss: 0.7289, loss: 2.6468
2026-06-30 23:24:47,614 - mmdet - INFO - Evaluating bbox...
2026-06-30 23:24:48,970 - mmdet - INFO - 
+-----------+-------+-----------+-------+-------------+-------+
| category  | AP    | category  | AP    | category    | AP    |
+-----------+-------+-----------+-------+-------------+-------+
| bicycle   | 0.249 | chair     | 0.590 | diningtable | 0.211 |
| bottle    | 0.479 | motorbike | 0.325 | car         | 0.313 |
| tvmonitor | 0.122 | bus       | 0.317 | None        | None  |
+-----------+-------+-----------+-------+-------------+-------+
2026-06-30 23:24:48,971 - mmdet - INFO - Evaluating segm...
2026-06-30 23:24:50,731 - mmdet - INFO - 
+-----------+-------+-----------+-------+-------------+-------+
| category  | AP    | category  | AP    | category    | AP    |
+-----------+-------+-----------+-------+-------------+-------+
| bicycle   | 0.129 | chair     | 0.558 | diningtable | 0.157 |
| bottle    | 0.474 | motorbike | 0.321 | car         | 0.137 |
| tvmonitor | 0.036 | bus       | 0.326 | None        | None  |
+-----------+-------+-----------+-------+-------------+-------+
2026-06-30 23:24:50,759 - mmdet - INFO - The previous best checkpoint /content/drive/MyDrive/Ablation/full/best_bbox_mAP_epoch_1.pth was removed
2026-06-30 23:25:00,903 - mmdet - INFO - Now best checkpoint is saved as best_bbox_mAP_epoch_4.pth.
2026-06-30 23:25:00,904 - mmdet - INFO - Best bbox_mAP is 0.3260 at 4 epoch.
2026-06-30 23:25:00,914 - mmdet - INFO - Exp name: train_kaggle.py
2026-06-30 23:25:00,914 - mmdet - INFO - Epoch(val) [4][669]	bbox_mAP: 0.3260, bbox_mAP_50: 0.5220, bbox_mAP_75: 0.3500, bbox_mAP_s: 0.0000, bbox_mAP_m: 0.0860, bbox_mAP_l: 0.3960, bbox_mAP_copypaste: 0.326 0.522 0.350 0.000 0.086 0.396, segm_mAP: 0.2670, segm_mAP_50: 0.4610, segm_mAP_75: 0.2640, segm_mAP_s: 0.0000, segm_mAP_m: 0.0680, segm_mAP_l: 0.3350, segm_mAP_copypaste: 0.267 0.461 0.264 0.000 0.068 0.335
2026-06-30 23:27:51,397 - mmdet - INFO - Epoch [5][50/1324]	lr: 1.000e-03, eta: 1:07:22, time: 3.407, data_time: 0.178, memory: 11035, noise_inv_loss: 0.0009, clean_loss_rpn_cls: 0.0149, clean_loss_rpn_bbox: 0.0162, clean_loss_cls: 0.0961, clean_acc: 96.3838, clean_loss_bbox: 0.1342, clean_loss_mask: 0.2561, clean_edge_loss: 0.7316, loss_rpn_cls: 0.0282, loss_rpn_bbox: 0.0183, loss_cls: 0.1185, acc: 95.8765, loss_bbox: 0.1422, loss_mask: 0.3072, edge_loss: 0.7375, loss: 2.6021
2026-06-30 23:30:30,818 - mmdet - INFO - Epoch [5][100/1324]	lr: 1.000e-03, eta: 1:04:44, time: 3.188, data_time: 0.036, memory: 11035, noise_inv_loss: 0.0009, clean_loss_rpn_cls: 0.0149, clean_loss_rpn_bbox: 0.0140, clean_loss_cls: 0.0888, clean_acc: 96.6562, clean_loss_bbox: 0.1238, clean_loss_mask: 0.2524, clean_edge_loss: 0.7216, loss_rpn_cls: 0.0304, loss_rpn_bbox: 0.0164, loss_cls: 0.1096, acc: 96.2378, loss_bbox: 0.1328, loss_mask: 0.3015, edge_loss: 0.7277, loss: 2.5347
2026-06-30 23:33:11,580 - mmdet - INFO - Epoch [5][150/1324]	lr: 1.000e-03, eta: 1:02:05, time: 3.215, data_time: 0.039, memory: 11035, noise_inv_loss: 0.0009, clean_loss_rpn_cls: 0.0139, clean_loss_rpn_bbox: 0.0140, clean_loss_cls: 0.0884, clean_acc: 96.7100, clean_loss_bbox: 0.1240, clean_loss_mask: 0.2630, clean_edge_loss: 0.7267, loss_rpn_cls: 0.0237, loss_rpn_bbox: 0.0160, loss_cls: 0.1083, acc: 96.1143, loss_bbox: 0.1333, loss_mask: 0.3096, edge_loss: 0.7319, loss: 2.5536
2026-06-30 23:35:53,509 - mmdet - INFO - Epoch [5][200/1324]	lr: 1.000e-03, eta: 0:59:27, time: 3.239, data_time: 0.037, memory: 11035, noise_inv_loss: 0.0008, clean_loss_rpn_cls: 0.0143, clean_loss_rpn_bbox: 0.0146, clean_loss_cls: 0.0913, clean_acc: 96.6548, clean_loss_bbox: 0.1283, clean_loss_mask: 0.2558, clean_edge_loss: 0.7253, loss_rpn_cls: 0.0254, loss_rpn_bbox: 0.0164, loss_cls: 0.1108, acc: 96.1812, loss_bbox: 0.1347, loss_mask: 0.2985, edge_loss: 0.7315, loss: 2.5478
2026-06-30 23:38:36,289 - mmdet - INFO - Epoch [5][250/1324]	lr: 1.000e-03, eta: 0:56:49, time: 3.255, data_time: 0.042, memory: 11035, noise_inv_loss: 0.0008, clean_loss_rpn_cls: 0.0145, clean_loss_rpn_bbox: 0.0156, clean_loss_cls: 0.0936, clean_acc: 96.4624, clean_loss_bbox: 0.1330, clean_loss_mask: 0.2616, clean_edge_loss: 0.7263, loss_rpn_cls: 0.0254, loss_rpn_bbox: 0.0178, loss_cls: 0.1174, acc: 96.0298, loss_bbox: 0.1405, loss_mask: 0.3042, edge_loss: 0.7301, loss: 2.5810
2026-06-30 23:41:19,126 - mmdet - INFO - Epoch [5][300/1324]	lr: 1.000e-03, eta: 0:54:11, time: 3.257, data_time: 0.037, memory: 11035, noise_inv_loss: 0.0008, clean_loss_rpn_cls: 0.0149, clean_loss_rpn_bbox: 0.0144, clean_loss_cls: 0.0868, clean_acc: 96.7651, clean_loss_bbox: 0.1204, clean_loss_mask: 0.2532, clean_edge_loss: 0.7296, loss_rpn_cls: 0.0259, loss_rpn_bbox: 0.0163, loss_cls: 0.1034, acc: 96.4150, loss_bbox: 0.1289, loss_mask: 0.3021, edge_loss: 0.7355, loss: 2.5322
2026-06-30 23:43:57,469 - mmdet - INFO - Epoch [5][350/1324]	lr: 1.000e-03, eta: 0:51:33, time: 3.167, data_time: 0.038, memory: 11035, noise_inv_loss: 0.0009, clean_loss_rpn_cls: 0.0137, clean_loss_rpn_bbox: 0.0127, clean_loss_cls: 0.0882, clean_acc: 96.6982, clean_loss_bbox: 0.1184, clean_loss_mask: 0.2566, clean_edge_loss: 0.7166, loss_rpn_cls: 0.0226, loss_rpn_bbox: 0.0143, loss_cls: 0.1076, acc: 96.2559, loss_bbox: 0.1264, loss_mask: 0.3008, edge_loss: 0.7218, loss: 2.5006
2026-06-30 23:46:37,614 - mmdet - INFO - Epoch [5][400/1324]	lr: 1.000e-03, eta: 0:48:54, time: 3.203, data_time: 0.035, memory: 11035, noise_inv_loss: 0.0008, clean_loss_rpn_cls: 0.0124, clean_loss_rpn_bbox: 0.0129, clean_loss_cls: 0.0849, clean_acc: 96.8052, clean_loss_bbox: 0.1178, clean_loss_mask: 0.2588, clean_edge_loss: 0.7129, loss_rpn_cls: 0.0244, loss_rpn_bbox: 0.0145, loss_cls: 0.1017, acc: 96.4790, loss_bbox: 0.1209, loss_mask: 0.2965, edge_loss: 0.7190, loss: 2.4776
2026-06-30 23:49:20,341 - mmdet - INFO - Epoch [5][450/1324]	lr: 1.000e-03, eta: 0:46:16, time: 3.255, data_time: 0.041, memory: 11450, noise_inv_loss: 0.0008, clean_loss_rpn_cls: 0.0167, clean_loss_rpn_bbox: 0.0167, clean_loss_cls: 0.0978, clean_acc: 96.3838, clean_loss_bbox: 0.1399, clean_loss_mask: 0.2580, clean_edge_loss: 0.7401, loss_rpn_cls: 0.0283, loss_rpn_bbox: 0.0190, loss_cls: 0.1163, acc: 95.8999, loss_bbox: 0.1476, loss_mask: 0.2977, edge_loss: 0.7454, loss: 2.6241
2026-06-30 23:52:01,471 - mmdet - INFO - Epoch [5][500/1324]	lr: 1.000e-03, eta: 0:43:37, time: 3.223, data_time: 0.040, memory: 11450, noise_inv_loss: 0.0009, clean_loss_rpn_cls: 0.0140, clean_loss_rpn_bbox: 0.0152, clean_loss_cls: 0.0864, clean_acc: 96.7349, clean_loss_bbox: 0.1245, clean_loss_mask: 0.2620, clean_edge_loss: 0.7185, loss_rpn_cls: 0.0282, loss_rpn_bbox: 0.0175, loss_cls: 0.1055, acc: 96.3735, loss_bbox: 0.1287, loss_mask: 0.3049, edge_loss: 0.7254, loss: 2.5315
2026-06-30 23:54:43,337 - mmdet - INFO - Epoch [5][550/1324]	lr: 1.000e-03, eta: 0:40:59, time: 3.237, data_time: 0.040, memory: 11450, noise_inv_loss: 0.0009, clean_loss_rpn_cls: 0.0154, clean_loss_rpn_bbox: 0.0151, clean_loss_cls: 0.0932, clean_acc: 96.5107, clean_loss_bbox: 0.1315, clean_loss_mask: 0.2618, clean_edge_loss: 0.7158, loss_rpn_cls: 0.0261, loss_rpn_bbox: 0.0170, loss_cls: 0.1116, acc: 96.0615, loss_bbox: 0.1395, loss_mask: 0.3046, edge_loss: 0.7217, loss: 2.5543
2026-06-30 23:57:21,778 - mmdet - INFO - Epoch [5][600/1324]	lr: 1.000e-03, eta: 0:38:20, time: 3.169, data_time: 0.036, memory: 11450, noise_inv_loss: 0.0008, clean_loss_rpn_cls: 0.0147, clean_loss_rpn_bbox: 0.0139, clean_loss_cls: 0.0892, clean_acc: 96.7236, clean_loss_bbox: 0.1234, clean_loss_mask: 0.2529, clean_edge_loss: 0.7230, loss_rpn_cls: 0.0256, loss_rpn_bbox: 0.0155, loss_cls: 0.1063, acc: 96.3623, loss_bbox: 0.1299, loss_mask: 0.2920, edge_loss: 0.7277, loss: 2.5150
2026-06-30 00:00:02,502 - mmdet - INFO - Epoch [5][650/1324]	lr: 1.000e-03, eta: 0:35:41, time: 3.214, data_time: 0.038, memory: 11450, noise_inv_loss: 0.0008, clean_loss_rpn_cls: 0.0160, clean_loss_rpn_bbox: 0.0163, clean_loss_cls: 0.0988, clean_acc: 96.3657, clean_loss_bbox: 0.1358, clean_loss_mask: 0.2704, clean_edge_loss: 0.7167, loss_rpn_cls: 0.0259, loss_rpn_bbox: 0.0175, loss_cls: 0.1160, acc: 96.0518, loss_bbox: 0.1397, loss_mask: 0.3138, edge_loss: 0.7226, loss: 2.5904
2026-06-30 00:02:43,280 - mmdet - INFO - Epoch [5][700/1324]	lr: 1.000e-03, eta: 0:33:03, time: 3.216, data_time: 0.038, memory: 11450, noise_inv_loss: 0.0008, clean_loss_rpn_cls: 0.0133, clean_loss_rpn_bbox: 0.0138, clean_loss_cls: 0.0906, clean_acc: 96.6060, clean_loss_bbox: 0.1255, clean_loss_mask: 0.2701, clean_edge_loss: 0.7159, loss_rpn_cls: 0.0254, loss_rpn_bbox: 0.0159, loss_cls: 0.1067, acc: 96.3496, loss_bbox: 0.1311, loss_mask: 0.3136, edge_loss: 0.7208, loss: 2.5436
2026-06-30 00:05:26,868 - mmdet - INFO - Epoch [5][750/1324]	lr: 1.000e-03, eta: 0:30:24, time: 3.272, data_time: 0.039, memory: 11450, noise_inv_loss: 0.0009, clean_loss_rpn_cls: 0.0126, clean_loss_rpn_bbox: 0.0130, clean_loss_cls: 0.0898, clean_acc: 96.6348, clean_loss_bbox: 0.1266, clean_loss_mask: 0.2581, clean_edge_loss: 0.7208, loss_rpn_cls: 0.0232, loss_rpn_bbox: 0.0150, loss_cls: 0.1099, acc: 96.1768, loss_bbox: 0.1326, loss_mask: 0.3025, edge_loss: 0.7243, loss: 2.5293
2026-06-30 00:08:05,251 - mmdet - INFO - Epoch [5][800/1324]	lr: 1.000e-03, eta: 0:27:45, time: 3.168, data_time: 0.036, memory: 11450, noise_inv_loss: 0.0008, clean_loss_rpn_cls: 0.0126, clean_loss_rpn_bbox: 0.0131, clean_loss_cls: 0.0844, clean_acc: 96.8335, clean_loss_bbox: 0.1154, clean_loss_mask: 0.2623, clean_edge_loss: 0.7124, loss_rpn_cls: 0.0249, loss_rpn_bbox: 0.0151, loss_cls: 0.1035, acc: 96.4185, loss_bbox: 0.1226, loss_mask: 0.3105, edge_loss: 0.7179, loss: 2.4954
2026-06-30 00:10:45,486 - mmdet - INFO - Epoch [5][850/1324]	lr: 1.000e-03, eta: 0:25:06, time: 3.205, data_time: 0.037, memory: 11450, noise_inv_loss: 0.0009, clean_loss_rpn_cls: 0.0154, clean_loss_rpn_bbox: 0.0151, clean_loss_cls: 0.0914, clean_acc: 96.6069, clean_loss_bbox: 0.1254, clean_loss_mask: 0.2546, clean_edge_loss: 0.7166, loss_rpn_cls: 0.0255, loss_rpn_bbox: 0.0170, loss_cls: 0.1100, acc: 96.2148, loss_bbox: 0.1324, loss_mask: 0.2966, edge_loss: 0.7221, loss: 2.5229
2026-06-30 00:13:26,805 - mmdet - INFO - Epoch [5][900/1324]	lr: 1.000e-03, eta: 0:22:28, time: 3.226, data_time: 0.038, memory: 11450, noise_inv_loss: 0.0009, clean_loss_rpn_cls: 0.0160, clean_loss_rpn_bbox: 0.0175, clean_loss_cls: 0.1013, clean_acc: 96.1714, clean_loss_bbox: 0.1429, clean_loss_mask: 0.2671, clean_edge_loss: 0.7282, loss_rpn_cls: 0.0319, loss_rpn_bbox: 0.0200, loss_cls: 0.1212, acc: 95.7378, loss_bbox: 0.1489, loss_mask: 0.3143, edge_loss: 0.7342, loss: 2.6445
2026-06-30 00:16:13,893 - mmdet - INFO - Epoch [5][950/1324]	lr: 1.000e-03, eta: 0:19:49, time: 3.342, data_time: 0.042, memory: 11450, noise_inv_loss: 0.0009, clean_loss_rpn_cls: 0.0152, clean_loss_rpn_bbox: 0.0181, clean_loss_cls: 0.0965, clean_acc: 96.3271, clean_loss_bbox: 0.1424, clean_loss_mask: 0.2674, clean_edge_loss: 0.7313, loss_rpn_cls: 0.0268, loss_rpn_bbox: 0.0206, loss_cls: 0.1185, acc: 95.7974, loss_bbox: 0.1491, loss_mask: 0.3148, edge_loss: 0.7376, loss: 2.6392
2026-06-30 00:18:56,021 - mmdet - INFO - Epoch [5][1000/1324]	lr: 1.000e-03, eta: 0:17:10, time: 3.243, data_time: 0.034, memory: 11450, noise_inv_loss: 0.0009, clean_loss_rpn_cls: 0.0134, clean_loss_rpn_bbox: 0.0139, clean_loss_cls: 0.0881, clean_acc: 96.6958, clean_loss_bbox: 0.1195, clean_loss_mask: 0.2632, clean_edge_loss: 0.7172, loss_rpn_cls: 0.0248, loss_rpn_bbox: 0.0163, loss_cls: 0.1081, acc: 96.2539, loss_bbox: 0.1264, loss_mask: 0.3117, edge_loss: 0.7224, loss: 2.5260
2026-06-30 00:21:39,051 - mmdet - INFO - Epoch [5][1050/1324]	lr: 1.000e-03, eta: 0:14:31, time: 3.261, data_time: 0.039, memory: 11450, noise_inv_loss: 0.0009, clean_loss_rpn_cls: 0.0142, clean_loss_rpn_bbox: 0.0150, clean_loss_cls: 0.0946, clean_acc: 96.5093, clean_loss_bbox: 0.1281, clean_loss_mask: 0.2707, clean_edge_loss: 0.7185, loss_rpn_cls: 0.0309, loss_rpn_bbox: 0.0176, loss_cls: 0.1131, acc: 96.1675, loss_bbox: 0.1338, loss_mask: 0.3132, edge_loss: 0.7254, loss: 2.5760
